Component: ARM Compiler 5.06 update 7 (build 960) Tool: armlink [4d3601]

==============================================================================

Section Cross References

    startup_stm32f427xx.o(RESET) refers to startup_stm32f427xx.o(STACK) for __initial_sp
    startup_stm32f427xx.o(RESET) refers to startup_stm32f427xx.o(.text) for Reset_Handler
    startup_stm32f427xx.o(RESET) refers to stm32f4xx_it.o(i.NMI_Handler) for NMI_Handler
    startup_stm32f427xx.o(RESET) refers to stm32f4xx_it.o(i.HardFault_Handler) for HardFault_Handler
    startup_stm32f427xx.o(RESET) refers to stm32f4xx_it.o(i.MemManage_Handler) for MemManage_Handler
    startup_stm32f427xx.o(RESET) refers to stm32f4xx_it.o(i.BusFault_Handler) for BusFault_Handler
    startup_stm32f427xx.o(RESET) refers to stm32f4xx_it.o(i.UsageFault_Handler) for UsageFault_Handler
    startup_stm32f427xx.o(RESET) refers to port.o(.emb_text) for SVC_Handler
    startup_stm32f427xx.o(RESET) refers to stm32f4xx_it.o(i.DebugMon_Handler) for DebugMon_Handler
    startup_stm32f427xx.o(RESET) refers to port.o(i.SysTick_Handler) for SysTick_Handler
    startup_stm32f427xx.o(RESET) refers to stm32f4xx_it.o(i.TIM6_DAC_IRQHandler) for TIM6_DAC_IRQHandler
    startup_stm32f427xx.o(.text) refers to system_stm32f4xx.o(i.SystemInit) for SystemInit
    startup_stm32f427xx.o(.text) refers to entry.o(.ARM.Collect$$$$00000000) for __main
    main.o(i.HAL_TIM_PeriodElapsedCallback) refers to stm32f4xx_hal.o(i.HAL_IncTick) for HAL_IncTick
    main.o(i.SystemClock_Config) refers to memseta.o(.text) for __aeabi_memclr4
    main.o(i.SystemClock_Config) refers to stm32f4xx_hal_rcc.o(i.HAL_RCC_OscConfig) for HAL_RCC_OscConfig
    main.o(i.SystemClock_Config) refers to stm32f4xx_hal_rcc.o(i.HAL_RCC_ClockConfig) for HAL_RCC_ClockConfig
    main.o(i.main) refers to stm32f4xx_hal.o(i.HAL_Init) for HAL_Init
    main.o(i.main) refers to main.o(i.SystemClock_Config) for SystemClock_Config
    main.o(i.main) refers to gpio.o(i.MX_GPIO_Init) for MX_GPIO_Init
    main.o(i.main) refers to spi.o(i.MX_SPI5_Init) for MX_SPI5_Init
    main.o(i.main) refers to usart.o(i.MX_USART3_UART_Init) for MX_USART3_UART_Init
    main.o(i.main) refers to arm_sin_f32.o(.text) for arm_sin_f32
    main.o(i.main) refers to bsp_imu.o(i.mpu_device_init) for mpu_device_init
    main.o(i.main) refers to bsp_imu.o(i.init_quaternion) for init_quaternion
    main.o(i.main) refers to printfa.o(i.__0printf) for __2printf
    main.o(i.main) refers to bsp_dwt.o(i.DWT_Init) for DWT_Init
    main.o(i.main) refers to freertos.o(i.MX_FREERTOS_Init) for MX_FREERTOS_Init
    main.o(i.main) refers to cmsis_os.o(i.osKernelStart) for osKernelStart
    main.o(i.main) refers to main.o(.data) for .data
    main.o(i.main) refers to bsp_imu.o(.data) for id
    gpio.o(i.MX_GPIO_Init) refers to memseta.o(.text) for __aeabi_memclr4
    gpio.o(i.MX_GPIO_Init) refers to stm32f4xx_hal_gpio.o(i.HAL_GPIO_WritePin) for HAL_GPIO_WritePin
    gpio.o(i.MX_GPIO_Init) refers to stm32f4xx_hal_gpio.o(i.HAL_GPIO_Init) for HAL_GPIO_Init
    freertos.o(i.Imu_Task) refers to cmsis_os.o(i.osDelay) for osDelay
    freertos.o(i.Logger_Task) refers to cmsis_os.o(i.osDelay) for osDelay
    freertos.o(i.MX_FREERTOS_Init) refers to memcpya.o(.text) for __aeabi_memcpy4
    freertos.o(i.MX_FREERTOS_Init) refers to cmsis_os.o(i.osThreadCreate) for osThreadCreate
    freertos.o(i.MX_FREERTOS_Init) refers to freertos.o(.constdata) for .constdata
    freertos.o(i.MX_FREERTOS_Init) refers to freertos.o(.data) for .data
    freertos.o(i.vApplicationGetIdleTaskMemory) refers to freertos.o(.bss) for .bss
    freertos.o(.constdata) refers to freertos.o(.conststring) for .conststring
    freertos.o(.constdata) refers to logger_task.o(i.Logger_Task) for Logger_Task
    freertos.o(.constdata) refers to imu_task.o(i.Imu_Task) for Imu_Task
    spi.o(i.HAL_SPI_MspDeInit) refers to stm32f4xx_hal_gpio.o(i.HAL_GPIO_DeInit) for HAL_GPIO_DeInit
    spi.o(i.HAL_SPI_MspInit) refers to memseta.o(.text) for __aeabi_memclr4
    spi.o(i.HAL_SPI_MspInit) refers to stm32f4xx_hal_gpio.o(i.HAL_GPIO_Init) for HAL_GPIO_Init
    spi.o(i.MX_SPI5_Init) refers to stm32f4xx_hal_spi.o(i.HAL_SPI_Init) for HAL_SPI_Init
    spi.o(i.MX_SPI5_Init) refers to main.o(i.Error_Handler) for Error_Handler
    spi.o(i.MX_SPI5_Init) refers to spi.o(.bss) for .bss
    usart.o(i.HAL_UART_MspDeInit) refers to stm32f4xx_hal_gpio.o(i.HAL_GPIO_DeInit) for HAL_GPIO_DeInit
    usart.o(i.HAL_UART_MspInit) refers to memseta.o(.text) for __aeabi_memclr4
    usart.o(i.HAL_UART_MspInit) refers to stm32f4xx_hal_gpio.o(i.HAL_GPIO_Init) for HAL_GPIO_Init
    usart.o(i.MX_USART3_UART_Init) refers to stm32f4xx_hal_uart.o(i.HAL_UART_Init) for HAL_UART_Init
    usart.o(i.MX_USART3_UART_Init) refers to main.o(i.Error_Handler) for Error_Handler
    usart.o(i.MX_USART3_UART_Init) refers to usart.o(.bss) for .bss
    stm32f4xx_it.o(i.TIM6_DAC_IRQHandler) refers to stm32f4xx_hal_tim.o(i.HAL_TIM_IRQHandler) for HAL_TIM_IRQHandler
[...]
    i.IMU_QuaternionEKF_Init                 0x080028a4   Section        0  quaternionekf.o(i.IMU_QuaternionEKF_Init)
    i.IMU_QuaternionEKF_Observe              0x08002984   Section        0  quaternionekf.o(i.IMU_QuaternionEKF_Observe)
    IMU_QuaternionEKF_Observe                0x08002985   Thumb Code    42  quaternionekf.o(i.IMU_QuaternionEKF_Observe)
    i.IMU_QuaternionEKF_SetH                 0x080029b8   Section        0  quaternionekf.o(i.IMU_QuaternionEKF_SetH)
    IMU_QuaternionEKF_SetH                   0x080029b9   Thumb Code   214  quaternionekf.o(i.IMU_QuaternionEKF_SetH)
    i.IMU_QuaternionEKF_Update               0x08002a94   Section        0  quaternionekf.o(i.IMU_QuaternionEKF_Update)
    i.IMU_QuaternionEKF_xhatUpdate           0x08002e8c   Section        0  quaternionekf.o(i.IMU_QuaternionEKF_xhatUpdate)
    IMU_QuaternionEKF_xhatUpdate             0x08002e8d   Thumb Code   952  quaternionekf.o(i.IMU_QuaternionEKF_xhatUpdate)
    i.INS_Init                               0x08003268   Section        0  bsp_imu.o(i.INS_Init)
    i.INS_Task                               0x08003290   Section        0  bsp_imu.o(i.INS_Task)
    i.Imu_Task                               0x08003324   Section        0  imu_task.o(i.Imu_Task)
    i.Kalman_Filter_Init                     0x08003334   Section        0  kalman_filter.o(i.Kalman_Filter_Init)
    i.Kalman_Filter_Measure                  0x0800375c   Section        0  kalman_filter.o(i.Kalman_Filter_Measure)
    i.Kalman_Filter_P_Update                 0x080037a4   Section        0  kalman_filter.o(i.Kalman_Filter_P_Update)
    i.Kalman_Filter_PminusUpdate             0x0800380e   Section        0  kalman_filter.o(i.Kalman_Filter_PminusUpdate)
    i.Kalman_Filter_SetK                     0x0800387a   Section        0  kalman_filter.o(i.Kalman_Filter_SetK)
    i.Kalman_Filter_Update                   0x08003948   Section        0  kalman_filter.o(i.Kalman_Filter_Update)
    i.Kalman_Filter_xhatMinusUpdate          0x08003a30   Section        0  kalman_filter.o(i.Kalman_Filter_xhatMinusUpdate)
    i.Kalman_Filter_xhatUpdate               0x08003aa4   Section        0  kalman_filter.o(i.Kalman_Filter_xhatUpdate)
    i.Logger_Task                            0x08003b28   Section        0  logger_task.o(i.Logger_Task)
    i.MX_FREERTOS_Init                       0x08003b90   Section        0  freertos.o(i.MX_FREERTOS_Init)
    i.MX_GPIO_Init                           0x08003bcc   Section        0  gpio.o(i.MX_GPIO_Init)
    i.MX_SPI5_Init                           0x08003c74   Section        0  spi.o(i.MX_SPI5_Init)
    i.MX_USART3_UART_Init                    0x08003cbc   Section        0  usart.o(i.MX_USART3_UART_Init)
    i.MemManage_Handler                      0x08003cf4   Section        0  stm32f4xx_it.o(i.MemManage_Handler)
    i.NMI_Handler                            0x08003cf6   Section        0  stm32f4xx_it.o(i.NMI_Handler)
    i.SPI_EndRxTxTransaction                 0x08003cf8   Section        0  stm32f4xx_hal_spi.o(i.SPI_EndRxTxTransaction)
    SPI_EndRxTxTransaction                   0x08003cf9   Thumb Code    80  stm32f4xx_hal_spi.o(i.SPI_EndRxTxTransaction)
    i.SPI_WaitFlagStateUntilTimeout          0x08003d50   Section        0  stm32f4xx_hal_spi.o(i.SPI_WaitFlagStateUntilTimeout)
    SPI_WaitFlagStateUntilTimeout            0x08003d51   Thumb Code   180  stm32f4xx_hal_spi.o(i.SPI_WaitFlagStateUntilTimeout)
    i.SysTick_Handler                        0x08003e08   Section        0  port.o(i.SysTick_Handler)
    i.SystemClock_Config                     0x08003e34   Section        0  main.o(i.SystemClock_Config)
    i.SystemInit                             0x08003ec8   Section        0  system_stm32f4xx.o(i.SystemInit)
    i.TIM6_DAC_IRQHandler                    0x08003ed8   Section        0  stm32f4xx_it.o(i.TIM6_DAC_IRQHandler)
    i.TIM_Base_SetConfig                     0x08003ee4   Section        0  stm32f4xx_hal_tim.o(i.TIM_Base_SetConfig)
    i.UART_SetConfig                         0x08003fac   Section        0  stm32f4xx_hal_uart.o(i.UART_SetConfig)
    UART_SetConfig                           0x08003fad   Thumb Code   258  stm32f4xx_hal_uart.o(i.UART_SetConfig)
    i.UART_WaitOnFlagUntilTimeout            0x080040b8   Section        0  stm32f4xx_hal_uart.o(i.UART_WaitOnFlagUntilTimeout)
    UART_WaitOnFlagUntilTimeout              0x080040b9   Thumb Code   120  stm32f4xx_hal_uart.o(i.UART_WaitOnFlagUntilTimeout)
    i.UsageFault_Handler                     0x08004130   Section        0  stm32f4xx_it.o(i.UsageFault_Handler)
    i.__0printf                              0x08004134   Section        0  printfa.o(i.__0printf)
    i.__ARM_fpclassifyf                      0x08004154   Section        0  fpclassifyf.o(i.__ARM_fpclassifyf)
    i.__NVIC_SetPriority                     0x0800417a   Section        0  stm32f4xx_hal_cortex.o(i.__NVIC_SetPriority)
    __NVIC_SetPriority                       0x0800417b   Thumb Code    32  stm32f4xx_hal_cortex.o(i.__NVIC_SetPriority)
    i.__hardfp_asinf                         0x0800419c   Section        0  asinf.o(i.__hardfp_asinf)
    i.__hardfp_atan2f                        0x080042c8   Section        0  atan2f.o(i.__hardfp_atan2f)
    i.__hardfp_fabs                          0x08004574   Section        0  fabs.o(i.__hardfp_fabs)
    i.__hardfp_sqrt                          0x08004588   Section        0  sqrt_full.o(i.__hardfp_sqrt)
    i.__mathlib_flt_infnan                   0x08004602   Section        0  funder.o(i.__mathlib_flt_infnan)
    i.__mathlib_flt_infnan2                  0x08004608   Section        0  funder.o(i.__mathlib_flt_infnan2)
    i.__mathlib_flt_invalid                  0x08004610   Section        0  funder.o(i.__mathlib_flt_invalid)
    i.__mathlib_flt_underflow                0x08004620   Section        0  funder.o(i.__mathlib_flt_underflow)
    i.__scatterload_copy                     0x08004630   Section       14  handlers.o(i.__scatterload_copy)
    i.__scatterload_null                     0x0800463e   Section        2  handlers.o(i.__scatterload_null)
    i.__scatterload_zeroinit                 0x08004640   Section       14  handlers.o(i.__scatterload_zeroinit)
    i.__set_errno                            0x08004650   Section        0  errno.o(i.__set_errno)
    i._fp_digits                             0x0800465c   Section        0  printfa.o(i._fp_digits)
    _fp_digits                               0x0800465d   Thumb Code   366  printfa.o(i._fp_digits)
    i._printf_core                           0x080047e0   Section        0  printfa.o(i._printf_core)
    _printf_core                             0x080047e1   Thumb Code  1704  printfa.o(i._printf_core)
    i._printf_post_padding                   0x08004e94   Section        0  printfa.o(i._printf_post_padding)
    _printf_post_padding                     0x08004e95   Thumb Code    36  printfa.o(i._printf_post_padding)
    i._printf_pre_padding                    0x08004eb8   Section        0  printfa.o(i._printf_pre_padding)
    _printf_pre_padding                      0x08004eb9   Thumb Code    46  printfa.o(i._printf_pre_padding)
    i.fputc                                  0x08004ee8   Section        0  logger_task.o(i.fputc)
    i.imu_ahrs_update                        0x08004f00   Section        0  bsp_imu.o(i.imu_ahrs_update)
    i.init_quaternion                        0x080053c4   Section        0  bsp_imu.o(i.init_quaternion)
    i.inv_sqrt                               0x08005590   Section        0  bsp_imu.o(i.inv_sqrt)
    i.ist8310_get_data                       0x080055bc   Section        0  bsp_imu.o(i.ist8310_get_data)
    i.ist8310_init                           0x080055c6   Section        0  bsp_imu.o(i.ist8310_init)
    i.ist_reg_read_by_mpu                    0x080056c6   Section        0  bsp_imu.o(i.ist_reg_read_by_mpu)
    ist_reg_read_by_mpu                      0x080056c7   Thumb Code    56  bsp_imu.o(i.ist_reg_read_by_mpu)
    i.ist_reg_write_by_mpu                   0x080056fe   Section        0  bsp_imu.o(i.ist_reg_write_by_mpu)
    ist_reg_write_by_mpu                     0x080056ff   Thumb Code    66  bsp_imu.o(i.ist_reg_write_by_mpu)
    i.main                                   0x08005740   Section        0  main.o(i.main)
    i.makeFreeRtosPriority                   0x080057a0   Section        0  cmsis_os.o(i.makeFreeRtosPriority)
    makeFreeRtosPriority                     0x080057a1   Thumb Code    12  cmsis_os.o(i.makeFreeRtosPriority)
    i.malloc                                 0x080057ac   Section        0  kalman_filter.o(i.malloc)
    i.mpu_device_init                        0x080057b0   Section        0  bsp_imu.o(i.mpu_device_init)
    i.mpu_get_data                           0x08005814   Section        0  bsp_imu.o(i.mpu_get_data)
    i.mpu_master_i2c_auto_read_config        0x08005914   Section        0  bsp_imu.o(i.mpu_master_i2c_auto_read_config)
    mpu_master_i2c_auto_read_config          0x08005915   Thumb Code   142  bsp_imu.o(i.mpu_master_i2c_auto_read_config)
    i.mpu_offset_call                        0x080059a4   Section        0  bsp_imu.o(i.mpu_offset_call)
    i.mpu_read_byte                          0x08005a4c   Section        0  bsp_imu.o(i.mpu_read_byte)
    i.mpu_read_bytes                         0x08005a9c   Section        0  bsp_imu.o(i.mpu_read_bytes)
    i.mpu_set_accel_fsr                      0x08005af8   Section        0  bsp_imu.o(i.mpu_set_accel_fsr)
    i.mpu_set_gyro_fsr                       0x08005b02   Section        0  bsp_imu.o(i.mpu_set_gyro_fsr)
    i.mpu_write_byte                         0x08005b0c   Section        0  bsp_imu.o(i.mpu_write_byte)
    i.osDelay                                0x08005b60   Section        0  cmsis_os.o(i.osDelay)
    i.osKernelStart                          0x08005b6e   Section        0  cmsis_os.o(i.osKernelStart)
    i.osThreadCreate                         0x08005b78   Section        0  cmsis_os.o(i.osThreadCreate)
    i.prvAddCurrentTaskToDelayedList         0x08005bcc   Section        0  tasks.o(i.prvAddCurrentTaskToDelayedList)
    prvAddCurrentTaskToDelayedList           0x08005bcd   Thumb Code   102  tasks.o(i.prvAddCurrentTaskToDelayedList)
    i.prvAddNewTaskToReadyList               0x08005c3c   Section        0  tasks.o(i.prvAddNewTaskToReadyList)
    prvAddNewTaskToReadyList                 0x08005c3d   Thumb Code   194  tasks.o(i.prvAddNewTaskToReadyList)
    i.prvDeleteTCB                           0x08005d0c   Section        0  tasks.o(i.prvDeleteTCB)
    prvDeleteTCB                             0x08005d0d   Thumb Code    52  tasks.o(i.prvDeleteTCB)
    i.prvHeapInit                            0x08005d40   Section        0  heap_4.o(i.prvHeapInit)
    prvHeapInit                              0x08005d41   Thumb Code    66  heap_4.o(i.prvHeapInit)
    i.prvIdleTask                            0x08005d8c   Section        0  tasks.o(i.prvIdleTask)
    prvIdleTask                              0x08005d8d   Thumb Code    82  tasks.o(i.prvIdleTask)
    i.prvInitialiseNewTask                   0x08005dec   Section        0  tasks.o(i.prvInitialiseNewTask)
    prvInitialiseNewTask                     0x08005ded   Thumb Code   152  tasks.o(i.prvInitialiseNewTask)
    i.prvInsertBlockIntoFreeList             0x08005e84   Section        0  heap_4.o(i.prvInsertBlockIntoFreeList)
    prvInsertBlockIntoFreeList               0x08005e85   Thumb Code    72  heap_4.o(i.prvInsertBlockIntoFreeList)
    i.prvResetNextTaskUnblockTime            0x08005ed0   Section        0  tasks.o(i.prvResetNextTaskUnblockTime)
    prvResetNextTaskUnblockTime              0x08005ed1   Thumb Code    26  tasks.o(i.prvResetNextTaskUnblockTime)
    i.prvTaskExitError                       0x08005ef0   Section        0  port.o(i.prvTaskExitError)
    prvTaskExitError                         0x08005ef1   Thumb Code    36  port.o(i.prvTaskExitError)
    i.pvPortMalloc                           0x08005f18   Section        0  heap_4.o(i.pvPortMalloc)
    i.pxPortInitialiseStack                  0x08005ff4   Section        0  port.o(i.pxPortInitialiseStack)
    i.sqrtf                                  0x08006020   Section        0  sqrtf_full.o(i.sqrtf)
    i.uxListRemove                           0x0800605e   Section        0  list.o(i.uxListRemove)
    i.vApplicationGetIdleTaskMemory          0x08006084   Section        0  freertos.o(i.vApplicationGetIdleTaskMemory)
    i.vListInitialise                        0x08006098   Section        0  list.o(i.vListInitialise)
    i.vListInitialiseItem                    0x080060ae   Section        0  list.o(i.vListInitialiseItem)
    i.vListInsert                            0x080060b4   Section        0  list.o(i.vListInsert)
    i.vListInsertEnd                         0x080060e4   Section        0  list.o(i.vListInsertEnd)
    i.vPortEnterCritical                     0x080060fc   Section        0  port.o(i.vPortEnterCritical)
    i.vPortExitCritical                      0x0800613c   Section        0  port.o(i.vPortExitCritical)
    i.vPortFree                              0x08006164   Section        0  heap_4.o(i.vPortFree)
    i.vPortSetupTimerInterrupt               0x080061c8   Section        0  port.o(i.vPortSetupTimerInterrupt)
    i.vTaskDelay                             0x080061ec   Section        0  tasks.o(i.vTaskDelay)
    i.vTaskStartScheduler                    0x08006238   Section        0  tasks.o(i.vTaskStartScheduler)
    i.vTaskSuspendAll                        0x080062a4   Section        0  tasks.o(i.vTaskSuspendAll)
    i.vTaskSwitchContext                     0x080062b4   Section        0  tasks.o(i.vTaskSwitchContext)
    i.xPortStartScheduler                    0x08006310   Section        0  port.o(i.xPortStartScheduler)
    i.xTaskCreate                            0x08006404   Section        0  tasks.o(i.xTaskCreate)
    i.xTaskCreateStatic                      0x0800645e   Section        0  tasks.o(i.xTaskCreateStatic)
    i.xTaskIncrementTick                     0x080064b4   Section        0  tasks.o(i.xTaskIncrementTick)
    i.xTaskResumeAll                         0x08006580   Section        0  tasks.o(i.xTaskResumeAll)
    .constdata                               0x08006644   Section       56  freertos.o(.constdata)
    .constdata                               0x0800667c   Section       16  system_stm32f4xx.o(.constdata)
    .constdata                               0x0800668c   Section        8  system_stm32f4xx.o(.constdata)
    .constdata                               0x08006694   Section       32  bsp_imu.o(.constdata)
    .constdata                               0x080066b4   Section      288  quaternionekf.o(.constdata)
    .constdata                               0x080067d4   Section     2052  arm_common_tables.o(.constdata)
    .conststring                             0x08006fd8   Section       21  freertos.o(.conststring)
    .data                                    0x20000000   Section        4  main.o(.data)
    .data                                    0x20000004   Section        8  freertos.o(.data)
    .data                                    0x2000000c   Section       12  stm32f4xx_hal.o(.data)
    .data                                    0x20000018   Section        4  system_stm32f4xx.o(.data)
    .data                                    0x2000001c   Section       60  tasks.o(.data)
    uxDeletedTasksWaitingCleanUp             0x20000020   Data           4  tasks.o(.data)
    uxCurrentNumberOfTasks                   0x20000024   Data           4  tasks.o(.data)
    xTickCount                               0x20000028   Data           4  tasks.o(.data)
    uxTopReadyPriority                       0x2000002c   Data           4  tasks.o(.data)
    xSchedulerRunning                        0x20000030   Data           4  tasks.o(.data)
    xPendedTicks                             0x20000034   Data           4  tasks.o(.data)
    xYieldPending                            0x20000038   Data           4  tasks.o(.data)
    xNumOfOverflows                          0x2000003c   Data           4  tasks.o(.data)
    uxTaskNumber                             0x20000040   Data           4  tasks.o(.data)
    xNextTaskUnblockTime                     0x20000044   Data           4  tasks.o(.data)
    xIdleTaskHandle                          0x20000048   Data           4  tasks.o(.data)
    uxSchedulerSuspended                     0x2000004c   Data           4  tasks.o(.data)
    pxDelayedTaskList                        0x20000050   Data           4  tasks.o(.data)
    pxOverflowDelayedTaskList                0x20000054   Data           4  tasks.o(.data)
    .data                                    0x20000058   Section       32  heap_4.o(.data)
    pxEnd                                    0x20000058   Data           4  heap_4.o(.data)
    xFreeBytesRemaining                      0x2000005c   Data           4  heap_4.o(.data)
    xMinimumEverFreeBytesRemaining           0x20000060   Data           4  heap_4.o(.data)
    xNumberOfSuccessfulAllocations           0x20000064   Data           4  heap_4.o(.data)
    xNumberOfSuccessfulFrees                 0x20000068   Data           4  heap_4.o(.data)
    xBlockAllocatedBit                       0x2000006c   Data           4  heap_4.o(.data)
    xStart                                   0x20000070   Data           8  heap_4.o(.data)
    .data                                    0x20000078   Section       12  port.o(.data)
    ucMaxSysCallPriority                     0x20000078   Data           1  port.o(.data)
    uxCriticalNesting                        0x2000007c   Data           4  port.o(.data)
    ulMaxPRIGROUPValue                       0x20000080   Data           4  port.o(.data)
    .data                                    0x20000084   Section      112  bsp_imu.o(.data)
    tx                                       0x20000084   Data           1  bsp_imu.o(.data)
    rx                                       0x20000085   Data           1  bsp_imu.o(.data)
    dt                                       0x2000009c   Data           4  bsp_imu.o(.data)
    t                                        0x200000a0   Data           4  bsp_imu.o(.data)
    count                                    0x200000a4   Data           4  bsp_imu.o(.data)
    gx                                       0x200000b4   Data           4  bsp_imu.o(.data)
    gy                                       0x200000b8   Data           4  bsp_imu.o(.data)
    gz                                       0x200000bc   Data           4  bsp_imu.o(.data)
    ax                                       0x200000c0   Data           4  bsp_imu.o(.data)
    ay                                       0x200000c4   Data           4  bsp_imu.o(.data)
    az                                       0x200000c8   Data           4  bsp_imu.o(.data)
    mx                                       0x200000cc   Data           4  bsp_imu.o(.data)
    my                                       0x200000d0   Data           4  bsp_imu.o(.data)
    mz                                       0x200000d4   Data           4  bsp_imu.o(.data)
    tx_buff                                  0x200000e6   Data          14  bsp_imu.o(.data)
    .data                                    0x200000f8   Section       64  bsp_dwt.o(.data)
    CPU_FREQ_Hz                              0x200000f8   Data           4  bsp_dwt.o(.data)
    CPU_FREQ_Hz_ms                           0x200000fc   Data           4  bsp_dwt.o(.data)
    CPU_FREQ_Hz_us                           0x20000100   Data           4  bsp_dwt.o(.data)
    CYCCNT_RountCount                        0x20000104   Data           4  bsp_dwt.o(.data)
    CYCCNT_LAST                              0x20000108   Data           4  bsp_dwt.o(.data)
    CNT_TEMP1                                0x20000110   Data           8  bsp_dwt.o(.data)
    CNT_TEMP2                                0x20000118   Data           8  bsp_dwt.o(.data)
    CNT_TEMP3                                0x20000120   Data           8  bsp_dwt.o(.data)
    .data                                    0x20000138   Section        4  kalman_filter.o(.data)
    .data                                    0x2000013c   Section      148  quaternionekf.o(.data)
    temp_quick                               0x2000013c   Data           4  quaternionekf.o(.data)
    .data                                    0x200001d0   Section        4  stdout.o(.data)
    .data                                    0x200001d4   Section        4  errno.o(.data)
    _errno                                   0x200001d4   Data           4  errno.o(.data)
    .bss                                     0x200001d8   Section      596  freertos.o(.bss)
    xIdleTaskTCBBuffer                       0x200001d8   Data          84  freertos.o(.bss)
    xIdleStack                               0x2000022c   Data         512  freertos.o(.bss)
    .bss                                     0x2000042c   Section       88  spi.o(.bss)
    .bss                                     0x20000484   Section       68  usart.o(.bss)
    .bss                                     0x200004c8   Section       72  stm32f4xx_hal_timebase_tim.o(.bss)
    .bss                                     0x20000510   Section      240  tasks.o(.bss)
    pxReadyTasksLists                        0x20000510   Data         140  tasks.o(.bss)
    xDelayedTaskList1                        0x2000059c   Data          20  tasks.o(.bss)
    xDelayedTaskList2                        0x200005b0   Data          20  tasks.o(.bss)
    xPendingReadyList                        0x200005c4   Data          20  tasks.o(.bss)
    xTasksWaitingTermination                 0x200005d8   Data          20  tasks.o(.bss)
    xSuspendedTaskList                       0x200005ec   Data          20  tasks.o(.bss)
    .bss                                     0x20000600   Section    15360  heap_4.o(.bss)
    ucHeap                                   0x20000600   Data       15360  heap_4.o(.bss)
    .bss                                     0x20004200   Section      240  bsp_imu.o(.bss)
    .bss                                     0x200042f0   Section      624  quaternionekf.o(.bss)
    STACK                                    0x20004560   Section     1024  startup_stm32f427xx.o(STACK)

    Global Symbols

    Symbol Name                              Value     Ov Type        Size  Object(Section)

    BuildAttributes$$THM_ISAv4$E$P$D$K$B$S$7EM$VFPi3$EXTD16$VFPS$VFMA$PE$A:L22UL41UL21$X:L11$S22US41US21$IEEE1$IW$USESV6$~STKCKD$USESV7$~SHL$OTIME$ROPI$IEEEX$EBA8$MICROLIB$REQ8$PRES8$EABIv2 0x00000000   Number         0  anon$$obj.o ABSOLUTE
    __ARM_use_no_argv                        0x00000000   Number         0  main.o ABSOLUTE
    _printf_a                                0x00000000   Number         0  stubs.o ABSOLUTE
    _printf_c                                0x00000000   Number         0  stubs.o ABSOLUTE
    _printf_charcount                        0x00000000   Number         0  stubs.o ABSOLUTE
    _printf_d                                0x00000000   Number         0  stubs.o ABSOLUTE
    _printf_e                                0x00000000   Number         0  stubs.o ABSOLUTE
    _printf_f                                0x00000000   Number         0  stubs.o ABSOLUTE
    _printf_flags                            0x00000000   Number         0  stubs.o ABSOLUTE
    _printf_fp_dec                           0x00000000   Number         0  stubs.o ABSOLUTE
    _printf_fp_hex                           0x00000000   Number         0  stubs.o ABSOLUTE
    _printf_g                                0x00000000   Number         0  stubs.o ABSOLUTE
    _printf_i                                0x00000000   Number         0  stubs.o ABSOLUTE
    _printf_int_dec                          0x00000000   Number         0  stubs.o ABSOLUTE
    _printf_l                                0x00000000   Number         0  stubs.o ABSOLUTE
    _printf_lc                               0x00000000   Number         0  stubs.o ABSOLUTE
    _printf_ll                               0x00000000   Number         0  stubs.o ABSOLUTE
    _printf_lld                              0x00000000   Number         0  stubs.o ABSOLUTE
    _printf_lli                              0x00000000   Number         0  stubs.o ABSOLUTE
    _printf_llo                              0x00000000   Number         0  stubs.o ABSOLUTE
    _printf_llu                              0x00000000   Number         0  stubs.o ABSOLUTE
    _printf_llx                              0x00000000   Number         0  stubs.o ABSOLUTE
    _printf_longlong_dec                     0x00000000   Number         0  stubs.o ABSOLUTE
    _printf_longlong_hex                     0x00000000   Number         0  stubs.o ABSOLUTE
    _printf_longlong_oct                     0x00000000   Number         0  stubs.o ABSOLUTE
    _printf_ls                               0x00000000   Number         0  stubs.o ABSOLUTE
    _printf_mbtowc                           0x00000000   Number         0  stubs.o ABSOLUTE
    _printf_n                                0x00000000   Number         0  stubs.o ABSOLUTE
    _printf_o                                0x00000000   Number         0  stubs.o ABSOLUTE
    _printf_p                                0x00000000   Number         0  stubs.o ABSOLUTE
    _printf_percent                          0x00000000   Number         0  stubs.o ABSOLUTE
    _printf_pre_padding                      0x00000000   Number         0  stubs.o ABSOLUTE
    _printf_return_value                     0x00000000   Number         0  stubs.o ABSOLUTE
    _printf_s                                0x00000000   Number         0  stubs.o ABSOLUTE
    _printf_sizespec                         0x00000000   Number         0  stubs.o ABSOLUTE
    _printf_str                              0x00000000   Number         0  stubs.o ABSOLUTE
    _printf_truncate_signed                  0x00000000   Number         0  stubs.o ABSOLUTE
    _printf_truncate_unsigned                0x00000000   Number         0  stubs.o ABSOLUTE
    _printf_u                                0x00000000   Number         0  stubs.o ABSOLUTE
    _printf_wc                               0x00000000   Number         0  stubs.o ABSOLUTE
    _printf_wctomb                           0x00000000   Number         0  stubs.o ABSOLUTE
    _printf_widthprec                        0x00000000   Number         0  stubs.o ABSOLUTE
    _printf_x                                0x00000000   Number         0  stubs.o ABSOLUTE
    __arm_fini_                               - Undefined Weak Reference
    __cpp_initialize__aeabi_                  - Undefined Weak Reference
    __cxa_finalize                            - Undefined Weak Reference
    _clock_init                               - Undefined Weak Reference
    _microlib_exit                            - Undefined Weak Reference
    __Vectors_Size                           0x000001ac   Number         0  startup_stm32f427xx.o ABSOLUTE
    __Vectors                                0x08000000   Data           4  startup_stm32f427xx.o(RESET)
    __Vectors_End                            0x080001ac   Data           0  startup_stm32f427xx.o(RESET)
    __main                                   0x080001ad   Thumb Code     0  entry.o(.ARM.Collect$$$$00000000)
    _main_stk                                0x080001ad   Thumb Code     0  entry2.o(.ARM.Collect$$$$00000001)
    _main_scatterload                        0x080001b1   Thumb Code     0  entry5.o(.ARM.Collect$$$$00000004)
    __main_after_scatterload                 0x080001b5   Thumb Code     0  entry5.o(.ARM.Collect$$$$00000004)
    _main_clock                              0x080001b5   Thumb Code     0  entry7b.o(.ARM.Collect$$$$00000008)
    _main_cpp_init                           0x080001b5   Thumb Code     0  entry8b.o(.ARM.Collect$$$$0000000A)
    _main_init                               0x080001b5   Thumb Code     0  entry9a.o(.ARM.Collect$$$$0000000B)
    __rt_lib_shutdown_fini                   0x080001bd   Thumb Code     0  entry12b.o(.ARM.Collect$$$$0000000E)
    __rt_final_cpp                           0x080001c1   Thumb Code     0  entry10a.o(.ARM.Collect$$$$0000000F)
    __rt_final_exit                          0x080001c1   Thumb Code     0  entry11a.o(.ARM.Collect$$$$00000011)
    SVC_Handler                              0x080001c5   Thumb Code    28  port.o(.emb_text)
    __asm___6_port_c_39a90d8d__prvStartFirstTask 0x080001e5   Thumb Code    36  port.o(.emb_text)
    __asm___6_port_c_39a90d8d__prvEnableVFP  0x0800020d   Thumb Code    16  port.o(.emb_text)
    PendSV_Handler                           0x08000221   Thumb Code    88  port.o(.emb_text)
    vPortGetIPSR                             0x0800027d   Thumb Code     6  port.o(.emb_text)
    Reset_Handler                            0x08000285   Thumb Code     8  startup_stm32f427xx.o(.text)
    ADC_IRQHandler                           0x0800029f   Thumb Code     0  startup_stm32f427xx.o(.text)
    CAN1_RX0_IRQHandler                      0x0800029f   Thumb Code     0  startup_stm32f427xx.o(.text)
    CAN1_RX1_IRQHandler                      0x0800029f   Thumb Code     0  startup_stm32f427xx.o(.text)
    CAN1_SCE_IRQHandler                      0x0800029f   Thumb Code     0  startup_stm32f427xx.o(.text)
    CAN1_TX_IRQHandler                       0x0800029f   Thumb Code     0  startup_stm32f427xx.o(.text)
    CAN2_RX0_IRQHandler                      0x0800029f   Thumb Code     0  startup_stm32f427xx.o(.text)
    CAN2_RX1_IRQHandler                      0x0800029f   Thumb Code     0  startup_stm32f427xx.o(.text)
    CAN2_SCE_IRQHandler                      0x0800029f   Thumb Code     0  startup_stm32f427xx.o(.text)
    CAN2_TX_IRQHandler                       0x0800029f   Thumb Code     0  startup_stm32f427xx.o(.text)
    DCMI_IRQHandler                          0x0800029f   Thumb Code     0  startup_stm32f427xx.o(.text)
    DMA1_Stream0_IRQHandler                  0x0800029f   Thumb Code     0  startup_stm32f427xx.o(.text)
    DMA1_Stream1_IRQHandler                  0x0800029f   Thumb Code     0  startup_stm32f427xx.o(.text)
    DMA1_Stream2_IRQHandler                  0x0800029f   Thumb Code     0  startup_stm32f427xx.o(.text)
    DMA1_Stream3_IRQHandler                  0x0800029f   Thumb Code     0  startup_stm32f427xx.o(.text)
    DMA1_Stream4_IRQHandler                  0x0800029f   Thumb Code     0  startup_stm32f427xx.o(.text)
    DMA1_Stream5_IRQHandler                  0x0800029f   Thumb Code     0  startup_stm32f427xx.o(.text)
    DMA1_Stream6_IRQHandler                  0x0800029f   Thumb Code     0  startup_stm32f427xx.o(.text)
    DMA1_Stream7_IRQHandler                  0x0800029f   Thumb Code     0  startup_stm32f427xx.o(.text)
    DMA2D_IRQHandler                         0x0800029f   Thumb Code     0  startup_stm32f427xx.o(.text)
    DMA2_Stream0_IRQHandler                  0x0800029f   Thumb Code     0  startup_stm32f427xx.o(.text)
    DMA2_Stream1_IRQHandler                  0x0800029f   Thumb Code     0  startup_stm32f427xx.o(.text)
    DMA2_Stream2_IRQHandler                  0x0800029f   Thumb Code     0  startup_stm32f427xx.o(.text)
    DMA2_Stream3_IRQHandler                  0x0800029f   Thumb Code     0  startup_stm32f427xx.o(.text)
    DMA2_Stream4_IRQHandler                  0x0800029f   Thumb Code     0  startup_stm32f427xx.o(.text)
    DMA2_Stream5_IRQHandler                  0x0800029f   Thumb Code     0  startup_stm32f427xx.o(.text)
    DMA2_Stream6_IRQHandler                  0x0800029f   Thumb Code     0  startup_stm32f427xx.o(.text)
    DMA2_Stream7_IRQHandler                  0x0800029f   Thumb Code     0  startup_stm32f427xx.o(.text)
    ETH_IRQHandler                           0x0800029f   Thumb Code     0  startup_stm32f427xx.o(.text)
    ETH_WKUP_IRQHandler                      0x0800029f   Thumb Code     0  startup_stm32f427xx.o(.text)
    EXTI0_IRQHandler                         0x0800029f   Thumb Code     0  startup_stm32f427xx.o(.text)
    EXTI15_10_IRQHandler                     0x0800029f   Thumb Code     0  startup_stm32f427xx.o(.text)
    EXTI1_IRQHandler                         0x0800029f   Thumb Code     0  startup_stm32f427xx.o(.text)
    EXTI2_IRQHandler                         0x0800029f   Thumb Code     0  startup_stm32f427xx.o(.text)
    EXTI3_IRQHandler                         0x0800029f   Thumb Code     0  startup_stm32f427xx.o(.text)
    EXTI4_IRQHandler                         0x0800029f   Thumb Code     0  startup_stm32f427xx.o(.text)
    EXTI9_5_IRQHandler                       0x0800029f   Thumb Code     0  startup_stm32f427xx.o(.text)
    FLASH_IRQHandler                         0x0800029f   Thumb Code     0  startup_stm32f427xx.o(.text)
    FMC_IRQHandler                           0x0800029f   Thumb Code     0  startup_stm32f427xx.o(.text)
    FPU_IRQHandler                           0x0800029f   Thumb Code     0  startup_stm32f427xx.o(.text)
    HASH_RNG_IRQHandler                      0x0800029f   Thumb Code     0  startup_stm32f427xx.o(.text)
    I2C1_ER_IRQHandler                       0x0800029f   Thumb Code     0  startup_stm32f427xx.o(.text)
    I2C1_EV_IRQHandler                       0x0800029f   Thumb Code     0  startup_stm32f427xx.o(.text)
    I2C2_ER_IRQHandler                       0x0800029f   Thumb Code     0  startup_stm32f427xx.o(.text)
    I2C2_EV_IRQHandler                       0x0800029f   Thumb Code     0  startup_stm32f427xx.o(.text)
    I2C3_ER_IRQHandler                       0x0800029f   Thumb Code     0  startup_stm32f427xx.o(.text)
    I2C3_EV_IRQHandler                       0x0800029f   Thumb Code     0  startup_stm32f427xx.o(.text)
    OTG_FS_IRQHandler                        0x0800029f   Thumb Code     0  startup_stm32f427xx.o(.text)
    OTG_FS_WKUP_IRQHandler                   0x0800029f   Thumb Code     0  startup_stm32f427xx.o(.text)
    OTG_HS_EP1_IN_IRQHandler                 0x0800029f   Thumb Code     0  startup_stm32f427xx.o(.text)
    OTG_HS_EP1_OUT_IRQHandler                0x0800029f   Thumb Code     0  startup_stm32f427xx.o(.text)
    OTG_HS_IRQHandler                        0x0800029f   Thumb Code     0  startup_stm32f427xx.o(.text)
    OTG_HS_WKUP_IRQHandler                   0x0800029f   Thumb Code     0  startup_stm32f427xx.o(.text)
    PVD_IRQHandler                           0x0800029f   Thumb Code     0  startup_stm32f427xx.o(.text)
    RCC_IRQHandler                           0x0800029f   Thumb Code     0  startup_stm32f427xx.o(.text)
    RTC_Alarm_IRQHandler                     0x0800029f   Thumb Code     0  startup_stm32f427xx.o(.text)
    RTC_WKUP_IRQHandler                      0x0800029f   Thumb Code     0  startup_stm32f427xx.o(.text)
    SAI1_IRQHandler                          0x0800029f   Thumb Code     0  startup_stm32f427xx.o(.text)
    SDIO_IRQHandler                          0x0800029f   Thumb Code     0  startup_stm32f427xx.o(.text)
    SPI1_IRQHandler                          0x0800029f   Thumb Code     0  startup_stm32f427xx.o(.text)
    SPI2_IRQHandler                          0x0800029f   Thumb Code     0  startup_stm32f427xx.o(.text)
    SPI3_IRQHandler                          0x0800029f   Thumb Code     0  startup_stm32f427xx.o(.text)
    SPI4_IRQHandler                          0x0800029f   Thumb Code     0  startup_stm32f427xx.o(.text)
    SPI5_IRQHandler                          0x0800029f   Thumb Code     0  startup_stm32f427xx.o(.text)
    SPI6_IRQHandler                          0x0800029f   Thumb Code     0  startup_stm32f427xx.o(.text)
    TAMP_STAMP_IRQHandler                    0x0800029f   Thumb Code     0  startup_stm32f427xx.o(.text)
    TIM1_BRK_TIM9_IRQHandler                 0x0800029f   Thumb Code     0  startup_stm32f427xx.o(.text)
    TIM1_CC_IRQHandler                       0x0800029f   Thumb Code     0  startup_stm32f427xx.o(.text)
    TIM1_TRG_COM_TIM11_IRQHandler            0x0800029f   Thumb Code     0  startup_stm32f427xx.o(.text)
    TIM1_UP_TIM10_IRQHandler                 0x0800029f   Thumb Code     0  startup_stm32f427xx.o(.text)
    TIM2_IRQHandler                          0x0800029f   Thumb Code     0  startup_stm32f427xx.o(.text)
    TIM3_IRQHandler                          0x0800029f   Thumb Code     0  startup_stm32f427xx.o(.text)
    TIM4_IRQHandler                          0x0800029f   Thumb Code     0  startup_stm32f427xx.o(.text)
    TIM5_IRQHandler                          0x0800029f   Thumb Code     0  startup_stm32f427xx.o(.text)
    TIM7_IRQHandler                          0x0800029f   Thumb Code     0  startup_stm32f427xx.o(.text)
    TIM8_BRK_TIM12_IRQHandler                0x0800029f   Thumb Code     0  startup_stm32f427xx.o(.text)
    TIM8_CC_IRQHandler                       0x0800029f   Thumb Code     0  startup_stm32f427xx.o(.text)
    TIM8_TRG_COM_TIM14_IRQHandler            0x0800029f   Thumb Code     0  startup_stm32f427xx.o(.text)
    TIM8_UP_TIM13_IRQHandler                 0x0800029f   Thumb Code     0  startup_stm32f427xx.o(.text)
    UART4_IRQHandler                         0x0800029f   Thumb Code     0  startup_stm32f427xx.o(.text)
    UART5_IRQHandler                         0x0800029f   Thumb Code     0  startup_stm32f427xx.o(.text)
    UART7_IRQHandler                         0x0800029f   Thumb Code     0  startup_stm32f427xx.o(.text)
    UART8_IRQHandler                         0x0800029f   Thumb Code     0  startup_stm32f427xx.o(.text)
    USART1_IRQHandler                        0x0800029f   Thumb Code     0  startup_stm32f427xx.o(.text)
    USART2_IRQHandler                        0x0800029f   Thumb Code     0  startup_stm32f427xx.o(.text)
    USART3_IRQHandler                        0x0800029f   Thumb Code     0  startup_stm32f427xx.o(.text)
    USART6_IRQHandler                        0x0800029f   Thumb Code     0  startup_stm32f427xx.o(.text)
    WWDG_IRQHandler                          0x0800029f   Thumb Code     0  startup_stm32f427xx.o(.text)
    arm_cos_f32                              0x080002a9   Thumb Code   108  arm_cos_f32.o(.text)
    arm_sin_f32                              0x08000321   Thumb Code   130  arm_sin_f32.o(.text)
    arm_mat_add_f32                          0x080003b5   Thumb Code   264  arm_mat_add_f32.o(.text)
    arm_mat_init_f32                         0x080004bd   Thumb Code     8  arm_mat_init_f32.o(.text)
    arm_mat_inverse_f32                      0x080004c5   Thumb Code  1328  arm_mat_inverse_f32.o(.text)
    arm_mat_mult_f32                         0x080009f5   Thumb Code   312  arm_mat_mult_f32.o(.text)
    arm_mat_sub_f32                          0x08000b31   Thumb Code   264  arm_mat_sub_f32.o(.text)
    arm_mat_trans_f32                        0x08000c39   Thumb Code   276  arm_mat_trans_f32.o(.text)
    __aeabi_uldivmod                         0x08000d4d   Thumb Code    98  uldiv.o(.text)
    __aeabi_memcpy                           0x08000daf   Thumb Code    36  memcpya.o(.text)
    __aeabi_memcpy4                          0x08000daf   Thumb Code     0  memcpya.o(.text)
    __aeabi_memcpy8                          0x08000daf   Thumb Code     0  memcpya.o(.text)
    __aeabi_memset                           0x08000dd3   Thumb Code    14  memseta.o(.text)
    __aeabi_memset4                          0x08000dd3   Thumb Code     0  memseta.o(.text)
    __aeabi_memset8                          0x08000dd3   Thumb Code     0  memseta.o(.text)
    __aeabi_memclr                           0x08000de1   Thumb Code     4  memseta.o(.text)
    __aeabi_memclr4                          0x08000de1   Thumb Code     0  memseta.o(.text)
    __aeabi_memclr8                          0x08000de1   Thumb Code     0  memseta.o(.text)
    memset                                   0x08000de5   Thumb Code    18  memseta.o(.text)
    __aeabi_dmul                             0x08000df7   Thumb Code   228  dmul.o(.text)
    __aeabi_ddiv                             0x08000edb   Thumb Code   222  ddiv.o(.text)
    __aeabi_i2d                              0x08000fb9   Thumb Code    34  dflti.o(.text)
    __aeabi_f2d                              0x08000fdb   Thumb Code    38  f2d.o(.text)
    __aeabi_cdrcmple                         0x08001001   Thumb Code    48  cdrcmple.o(.text)
    __aeabi_d2f                              0x08001031   Thumb Code    56  d2f.o(.text)
    __aeabi_uidiv                            0x08001069   Thumb Code     0  uidiv.o(.text)
    __aeabi_uidivmod                         0x08001069   Thumb Code    44  uidiv.o(.text)
    __aeabi_llsl                             0x08001095   Thumb Code    30  llshl.o(.text)
    _ll_shift_l                              0x08001095   Thumb Code     0  llshl.o(.text)
    __aeabi_llsr                             0x080010b3   Thumb Code    32  llushr.o(.text)
    _ll_ushift_r                             0x080010b3   Thumb Code     0  llushr.o(.text)
    __I$use$fp                               0x080010d3   Thumb Code     0  iusefp.o(.text)
    _float_round                             0x080010d3   Thumb Code    18  fepilogue.o(.text)
    _float_epilogue                          0x080010e5   Thumb Code    92  fepilogue.o(.text)
    _double_round                            0x08001141   Thumb Code    30  depilogue.o(.text)
    _double_epilogue                         0x0800115f   Thumb Code   156  depilogue.o(.text)
    __aeabi_dadd                             0x080011fb   Thumb Code   322  dadd.o(.text)
    __aeabi_dsub                             0x0800133d   Thumb Code     6  dadd.o(.text)
    __aeabi_drsub                            0x08001343   Thumb Code     6  dadd.o(.text)
    _dsqrt                                   0x08001349   Thumb Code   162  dsqrt.o(.text)
    __aeabi_d2ulz                            0x080013eb   Thumb Code    48  dfixul.o(.text)
    __scatterload                            0x0800141d   Thumb Code    28  init.o(.text)
    __scatterload_rt2                        0x0800141d   Thumb Code     0  init.o(.text)
    __aeabi_lasr                             0x08001441   Thumb Code    36  llsshr.o(.text)
    _ll_sshift_r                             0x08001441   Thumb Code     0  llsshr.o(.text)
    __decompress                             0x08001465   Thumb Code     0  __dczerorl2.o(.text)
    __decompress1                            0x08001465   Thumb Code    86  __dczerorl2.o(.text)
    BusFault_Handler                         0x080014bb   Thumb Code     2  stm32f4xx_it.o(i.BusFault_Handler)
    DWT_GetDeltaT                            0x080014e5   Thumb Code    60  bsp_dwt.o(i.DWT_GetDeltaT)
    DWT_Init                                 0x08001529   Thumb Code    54  bsp_dwt.o(i.DWT_Init)
    DebugMon_Handler                         0x08001571   Thumb Code     2  stm32f4xx_it.o(i.DebugMon_Handler)
    Error_Handler                            0x08001573   Thumb Code     4  main.o(i.Error_Handler)
    HAL_Delay                                0x08001579   Thumb Code    32  stm32f4xx_hal.o(i.HAL_Delay)
    HAL_GPIO_Init                            0x0800159d   Thumb Code   510  stm32f4xx_hal_gpio.o(i.HAL_GPIO_Init)
    HAL_GPIO_TogglePin                       0x080017d1   Thumb Code    16  stm32f4xx_hal_gpio.o(i.HAL_GPIO_TogglePin)
    HAL_GPIO_WritePin                        0x080017e1   Thumb Code    10  stm32f4xx_hal_gpio.o(i.HAL_GPIO_WritePin)
    HAL_GetTick                              0x080017ed   Thumb Code     6  stm32f4xx_hal.o(i.HAL_GetTick)
    HAL_IncTick                              0x080017f9   Thumb Code    12  stm32f4xx_hal.o(i.HAL_IncTick)
    HAL_Init                                 0x08001809   Thumb Code    48  stm32f4xx_hal.o(i.HAL_Init)
    HAL_InitTick                             0x0800183d   Thumb Code   132  stm32f4xx_hal_timebase_tim.o(i.HAL_InitTick)
    HAL_MspInit                              0x080018d5   Thumb Code    52  stm32f4xx_hal_msp.o(i.HAL_MspInit)
    HAL_NVIC_EnableIRQ                       0x0800190d   Thumb Code    26  stm32f4xx_hal_cortex.o(i.HAL_NVIC_EnableIRQ)
    HAL_NVIC_SetPriority                     0x08001929   Thumb Code    60  stm32f4xx_hal_cortex.o(i.HAL_NVIC_SetPriority)
    HAL_NVIC_SetPriorityGrouping             0x08001969   Thumb Code    26  stm32f4xx_hal_cortex.o(i.HAL_NVIC_SetPriorityGrouping)
    HAL_RCC_ClockConfig                      0x0800198d   Thumb Code   288  stm32f4xx_hal_rcc.o(i.HAL_RCC_ClockConfig)
    HAL_RCC_GetClockConfig                   0x08001ac1   Thumb Code    54  stm32f4xx_hal_rcc.o(i.HAL_RCC_GetClockConfig)
    HAL_RCC_GetPCLK1Freq                     0x08001b01   Thumb Code    20  stm32f4xx_hal_rcc.o(i.HAL_RCC_GetPCLK1Freq)
    HAL_RCC_GetPCLK2Freq                     0x08001b21   Thumb Code    20  stm32f4xx_hal_rcc.o(i.HAL_RCC_GetPCLK2Freq)
    HAL_RCC_GetSysClockFreq                  0x08001b41   Thumb Code    88  stm32f4xx_hal_rcc.o(i.HAL_RCC_GetSysClockFreq)
    HAL_RCC_OscConfig                        0x08001ba5   Thumb Code   856  stm32f4xx_hal_rcc.o(i.HAL_RCC_OscConfig)
    HAL_SPI_Init                             0x08001f11   Thumb Code   188  stm32f4xx_hal_spi.o(i.HAL_SPI_Init)
    HAL_SPI_MspInit                          0x08001fcd   Thumb Code    94  spi.o(i.HAL_SPI_MspInit)
    HAL_SPI_TransmitReceive                  0x08002039   Thumb Code   482  stm32f4xx_hal_spi.o(i.HAL_SPI_TransmitReceive)
    HAL_TIMEx_BreakCallback                  0x0800221b   Thumb Code     2  stm32f4xx_hal_tim_ex.o(i.HAL_TIMEx_BreakCallback)
    HAL_TIMEx_CommutCallback                 0x0800221d   Thumb Code     2  stm32f4xx_hal_tim_ex.o(i.HAL_TIMEx_CommutCallback)
    HAL_TIM_Base_Init                        0x0800221f   Thumb Code    90  stm32f4xx_hal_tim.o(i.HAL_TIM_Base_Init)
    HAL_TIM_Base_MspInit                     0x08002279   Thumb Code     2  stm32f4xx_hal_tim.o(i.HAL_TIM_Base_MspInit)
    HAL_TIM_Base_Start_IT                    0x0800227d   Thumb Code   100  stm32f4xx_hal_tim.o(i.HAL_TIM_Base_Start_IT)
    HAL_TIM_IC_CaptureCallback               0x080022fd   Thumb Code     2  stm32f4xx_hal_tim.o(i.HAL_TIM_IC_CaptureCallback)
    HAL_TIM_IRQHandler                       0x080022ff   Thumb Code   358  stm32f4xx_hal_tim.o(i.HAL_TIM_IRQHandler)
    HAL_TIM_OC_DelayElapsedCallback          0x08002465   Thumb Code     2  stm32f4xx_hal_tim.o(i.HAL_TIM_OC_DelayElapsedCallback)
    HAL_TIM_PWM_PulseFinishedCallback        0x08002467   Thumb Code     2  stm32f4xx_hal_tim.o(i.HAL_TIM_PWM_PulseFinishedCallback)
    HAL_TIM_PeriodElapsedCallback            0x08002469   Thumb Code    14  main.o(i.HAL_TIM_PeriodElapsedCallback)
    HAL_TIM_TriggerCallback                  0x0800247d   Thumb Code     2  stm32f4xx_hal_tim.o(i.HAL_TIM_TriggerCallback)
    HAL_UART_Init                            0x0800247f   Thumb Code    98  stm32f4xx_hal_uart.o(i.HAL_UART_Init)
    HAL_UART_MspInit                         0x080024e1   Thumb Code    94  usart.o(i.HAL_UART_MspInit)
    HAL_UART_Transmit                        0x0800254d   Thumb Code   178  stm32f4xx_hal_uart.o(i.HAL_UART_Transmit)
    HardFault_Handler                        0x080026fd   Thumb Code     2  stm32f4xx_it.o(i.HardFault_Handler)
    IMU_QuaternionEKF_Init                   0x080028a5   Thumb Code   182  quaternionekf.o(i.IMU_QuaternionEKF_Init)
    IMU_QuaternionEKF_Update                 0x08002a95   Thumb Code   970  quaternionekf.o(i.IMU_QuaternionEKF_Update)
    INS_Init                                 0x08003269   Thumb Code    28  bsp_imu.o(i.INS_Init)
    INS_Task                                 0x08003291   Thumb Code   136  bsp_imu.o(i.INS_Task)
    Imu_Task                                 0x08003325   Thumb Code    16  imu_task.o(i.Imu_Task)
    Kalman_Filter_Init                       0x08003335   Thumb Code  1060  kalman_filter.o(i.Kalman_Filter_Init)
    Kalman_Filter_Measure                    0x0800375d   Thumb Code    66  kalman_filter.o(i.Kalman_Filter_Measure)
    Kalman_Filter_P_Update                   0x080037a5   Thumb Code   106  kalman_filter.o(i.Kalman_Filter_P_Update)
    Kalman_Filter_PminusUpdate               0x0800380f   Thumb Code   108  kalman_filter.o(i.Kalman_Filter_PminusUpdate)
    Kalman_Filter_SetK                       0x0800387b   Thumb Code   204  kalman_filter.o(i.Kalman_Filter_SetK)
    Kalman_Filter_Update                     0x08003949   Thumb Code   228  kalman_filter.o(i.Kalman_Filter_Update)
    Kalman_Filter_xhatMinusUpdate            0x08003a31   Thumb Code   116  kalman_filter.o(i.Kalman_Filter_xhatMinusUpdate)
    Kalman_Filter_xhatUpdate                 0x08003aa5   Thumb Code   132  kalman_filter.o(i.Kalman_Filter_xhatUpdate)
    Logger_Task                              0x08003b29   Thumb Code    82  logger_task.o(i.Logger_Task)
    MX_FREERTOS_Init                         0x08003b91   Thumb Code    52  freertos.o(i.MX_FREERTOS_Init)
    MX_GPIO_Init                             0x08003bcd   Thumb Code   156  gpio.o(i.MX_GPIO_Init)
    MX_SPI5_Init                             0x08003c75   Thumb Code    62  spi.o(i.MX_SPI5_Init)
    MX_USART3_UART_Init                      0x08003cbd   Thumb Code    48  usart.o(i.MX_USART3_UART_Init)
    MemManage_Handler                        0x08003cf5   Thumb Code     2  stm32f4xx_it.o(i.MemManage_Handler)
    NMI_Handler                              0x08003cf7   Thumb Code     2  stm32f4xx_it.o(i.NMI_Handler)
    SysTick_Handler                          0x08003e09   Thumb Code    38  port.o(i.SysTick_Handler)
    SystemClock_Config                       0x08003e35   Thumb Code   140  main.o(i.SystemClock_Config)
    SystemInit                               0x08003ec9   Thumb Code    12  system_stm32f4xx.o(i.SystemInit)
    TIM6_DAC_IRQHandler                      0x08003ed9   Thumb Code     6  stm32f4xx_it.o(i.TIM6_DAC_IRQHandler)
    TIM_Base_SetConfig                       0x08003ee5   Thumb Code   156  stm32f4xx_hal_tim.o(i.TIM_Base_SetConfig)
    UsageFault_Handler                       0x08004131   Thumb Code     2  stm32f4xx_it.o(i.UsageFault_Handler)
    __0printf                                0x08004135   Thumb Code    22  printfa.o(i.__0printf)
    __1printf                                0x08004135   Thumb Code     0  printfa.o(i.__0printf)
    __2printf                                0x08004135   Thumb Code     0  printfa.o(i.__0printf)
    __c89printf                              0x08004135   Thumb Code     0  printfa.o(i.__0printf)
    printf                                   0x08004135   Thumb Code     0  printfa.o(i.__0printf)
    __ARM_fpclassifyf                        0x08004155   Thumb Code    38  fpclassifyf.o(i.__ARM_fpclassifyf)
    __hardfp_asinf                           0x0800419d   Thumb Code   258  asinf.o(i.__hardfp_asinf)
    __hardfp_atan2f                          0x080042c9   Thumb Code   594  atan2f.o(i.__hardfp_atan2f)
    __hardfp_fabs                            0x08004575   Thumb Code    20  fabs.o(i.__hardfp_fabs)
    __hardfp_sqrt                            0x08004589   Thumb Code   122  sqrt_full.o(i.__hardfp_sqrt)
    __mathlib_flt_infnan                     0x08004603   Thumb Code     6  funder.o(i.__mathlib_flt_infnan)
    __mathlib_flt_infnan2                    0x08004609   Thumb Code     6  funder.o(i.__mathlib_flt_infnan2)
    __mathlib_flt_invalid                    0x08004611   Thumb Code    10  funder.o(i.__mathlib_flt_invalid)
    __mathlib_flt_underflow                  0x08004621   Thumb Code    10  funder.o(i.__mathlib_flt_underflow)
    __scatterload_copy                       0x08004631   Thumb Code    14  handlers.o(i.__scatterload_copy)
    __scatterload_null                       0x0800463f   Thumb Code     2  handlers.o(i.__scatterload_null)
    __scatterload_zeroinit                   0x08004641   Thumb Code    14  handlers.o(i.__scatterload_zeroinit)
    __set_errno                              0x08004651   Thumb Code     6  errno.o(i.__set_errno)
    fputc                                    0x08004ee9   Thumb Code    20  logger_task.o(i.fputc)
    imu_ahrs_update                          0x08004f01   Thumb Code  1218  bsp_imu.o(i.imu_ahrs_update)
    init_quaternion                          0x080053c5   Thumb Code   360  bsp_imu.o(i.init_quaternion)
    inv_sqrt                                 0x08005591   Thumb Code    40  bsp_imu.o(i.inv_sqrt)
    ist8310_get_data                         0x080055bd   Thumb Code    10  bsp_imu.o(i.ist8310_get_data)
    ist8310_init                             0x080055c7   Thumb Code   256  bsp_imu.o(i.ist8310_init)
    main                                     0x08005741   Thumb Code    68  main.o(i.main)
    malloc                                   0x080057ad   Thumb Code     4  kalman_filter.o(i.malloc)
    mpu_device_init                          0x080057b1   Thumb Code    90  bsp_imu.o(i.mpu_device_init)
    mpu_get_data                             0x08005815   Thumb Code   234  bsp_imu.o(i.mpu_get_data)
    mpu_offset_call                          0x080059a5   Thumb Code   162  bsp_imu.o(i.mpu_offset_call)
    mpu_read_byte                            0x08005a4d   Thumb Code    68  bsp_imu.o(i.mpu_read_byte)
    mpu_read_bytes                           0x08005a9d   Thumb Code    80  bsp_imu.o(i.mpu_read_bytes)
    mpu_set_accel_fsr                        0x08005af9   Thumb Code    10  bsp_imu.o(i.mpu_set_accel_fsr)
    mpu_set_gyro_fsr                         0x08005b03   Thumb Code    10  bsp_imu.o(i.mpu_set_gyro_fsr)
    mpu_write_byte                           0x08005b0d   Thumb Code    72  bsp_imu.o(i.mpu_write_byte)
    osDelay                                  0x08005b61   Thumb Code    14  cmsis_os.o(i.osDelay)
    osKernelStart                            0x08005b6f   Thumb Code    10  cmsis_os.o(i.osKernelStart)
    osThreadCreate                           0x08005b79   Thumb Code    84  cmsis_os.o(i.osThreadCreate)
    pvPortMalloc                             0x08005f19   Thumb Code   216  heap_4.o(i.pvPortMalloc)
    pxPortInitialiseStack                    0x08005ff5   Thumb Code    40  port.o(i.pxPortInitialiseStack)
    sqrtf                                    0x08006021   Thumb Code    62  sqrtf_full.o(i.sqrtf)
    uxListRemove                             0x0800605f   Thumb Code    38  list.o(i.uxListRemove)
    vApplicationGetIdleTaskMemory            0x08006085   Thumb Code    16  freertos.o(i.vApplicationGetIdleTaskMemory)
    vListInitialise                          0x08006099   Thumb Code    22  list.o(i.vListInitialise)
    vListInitialiseItem                      0x080060af   Thumb Code     6  list.o(i.vListInitialiseItem)
    vListInsert                              0x080060b5   Thumb Code    48  list.o(i.vListInsert)
    vListInsertEnd                           0x080060e5   Thumb Code    24  list.o(i.vListInsertEnd)
    vPortEnterCritical                       0x080060fd   Thumb Code    54  port.o(i.vPortEnterCritical)
    vPortExitCritical                        0x0800613d   Thumb Code    34  port.o(i.vPortExitCritical)
    vPortFree                                0x08006165   Thumb Code    94  heap_4.o(i.vPortFree)
    vPortSetupTimerInterrupt                 0x080061c9   Thumb Code    32  port.o(i.vPortSetupTimerInterrupt)
    vTaskDelay                               0x080061ed   Thumb Code    66  tasks.o(i.vTaskDelay)
    vTaskStartScheduler                      0x08006239   Thumb Code    90  tasks.o(i.vTaskStartScheduler)
    vTaskSuspendAll                          0x080062a5   Thumb Code    10  tasks.o(i.vTaskSuspendAll)
    vTaskSwitchContext                       0x080062b5   Thumb Code    82  tasks.o(i.vTaskSwitchContext)
    xPortStartScheduler                      0x08006311   Thumb Code   222  port.o(i.xPortStartScheduler)
    xTaskCreate                              0x08006405   Thumb Code    90  tasks.o(i.xTaskCreate)
    xTaskCreateStatic                        0x0800645f   Thumb Code    86  tasks.o(i.xTaskCreateStatic)
    xTaskIncrementTick                       0x080064b5   Thumb Code   194  tasks.o(i.xTaskIncrementTick)
    xTaskResumeAll                           0x08006581   Thumb Code   182  tasks.o(i.xTaskResumeAll)
    AHBPrescTable                            0x0800667c   Data          16  system_stm32f4xx.o(.constdata)
    APBPrescTable                            0x0800668c   Data           8  system_stm32f4xx.o(.constdata)
    IMU_QuaternionEKF_F                      0x080066b4   Data         144  quaternionekf.o(.constdata)
    IMU_QuaternionEKF_P_Const                0x08006744   Data         144  quaternionekf.o(.constdata)
    sinTable_f32                             0x080067d4   Data        2052  arm_common_tables.o(.constdata)
    Region$$Table$$Base                      0x08006ff0   Number         0  anon$$obj.o(Region$$Table)
    Region$$Table$$Limit                     0x08007010   Number         0  anon$$obj.o(Region$$Table)
    fpu_test                                 0x20000000   Data           4  main.o(.data)
    LOGGER_TASKHandle                        0x20000004   Data           4  freertos.o(.data)
    IMU_TASKHandle                           0x20000008   Data           4  freertos.o(.data)
    uwTickFreq                               0x2000000c   Data           1  stm32f4xx_hal.o(.data)
    uwTickPrio                               0x20000010   Data           4  stm32f4xx_hal.o(.data)
    uwTick                                   0x20000014   Data           4  stm32f4xx_hal.o(.data)
    SystemCoreClock                          0x20000018   Data           4  system_stm32f4xx.o(.data)
    pxCurrentTCB                             0x2000001c   Data           4  tasks.o(.data)
    id                                       0x20000086   Data           1  bsp_imu.o(.data)
    q0                                       0x20000088   Data           4  bsp_imu.o(.data)
    q1                                       0x2000008c   Data           4  bsp_imu.o(.data)
    q2                                       0x20000090   Data           4  bsp_imu.o(.data)
    q3                                       0x20000094   Data           4  bsp_imu.o(.data)
    INS_DWT_Count                            0x20000098   Data           4  bsp_imu.o(.data)
    exInt                                    0x200000a8   Data           4  bsp_imu.o(.data)
    eyInt                                    0x200000ac   Data           4  bsp_imu.o(.data)
    ezInt                                    0x200000b0   Data           4  bsp_imu.o(.data)
    last_update                              0x200000d8   Data           4  bsp_imu.o(.data)
    now_update                               0x200000dc   Data           4  bsp_imu.o(.data)
    ist_buff                                 0x200000e0   Data           6  bsp_imu.o(.data)
    SysTime                                  0x20000128   Data           8  bsp_dwt.o(.data)
    CYCCNT64                                 0x20000130   Data           8  bsp_dwt.o(.data)
    sizeof_float                             0x20000138   Data           2  kalman_filter.o(.data)
    sizeof_double                            0x2000013a   Data           2  kalman_filter.o(.data)
    IMU_QuaternionEKF_P                      0x20000140   Data         144  quaternionekf.o(.data)
    __stdout                                 0x200001d0   Data           4  stdout.o(.data)
    hspi5                                    0x2000042c   Data          88  spi.o(.bss)
    huart3                                   0x20000484   Data          68  usart.o(.bss)
    htim6                                    0x200004c8   Data          72  stm32f4xx_hal_timebase_tim.o(.bss)
    imu                                      0x20004200   Data          64  bsp_imu.o(.bss)
    mpu_buff                                 0x20004240   Data          14  bsp_imu.o(.bss)
    mpu_data                                 0x2000424e   Data          32  bsp_imu.o(.bss)
    INS                                      0x20004270   Data         128  bsp_imu.o(.bss)
    QEKF_INS                                 0x200042f0   Data         480  quaternionekf.o(.bss)
    IMU_QuaternionEKF_K                      0x200044d0   Data          72  quaternionekf.o(.bss)
    IMU_QuaternionEKF_H                      0x20004518   Data          72  quaternionekf.o(.bss)
    __initial_sp                             0x20004960   Data           0  startup_stm32f427xx.o(STACK)



==============================================================================

Memory Map of the image

  Image Entry point : 0x080001ad

  Load Region LR_IROM1 (Base: 0x08000000, Size: 0x000071e8, Max: 0x00200000, ABSOLUTE, COMPRESSED[0x0000703c])

    Execution Region ER_IROM1 (Exec base: 0x08000000, Load base: 0x08000000, Size: 0x00007010, Max: 0x00200000, ABSOLUTE)

    Exec Addr    Load Addr    Size         Type   Attr      Idx    E Section Name        Object

    0x08000000   0x08000000   0x000001ac   Data   RO            3    RESET               startup_stm32f427xx.o
    0x080001ac   0x080001ac   0x00000000   Code   RO         5865  * .ARM.Collect$$$$00000000  mc_w.l(entry.o)
    0x080001ac   0x080001ac   0x00000004   Code   RO         6214    .ARM.Collect$$$$00000001  mc_w.l(entry2.o)
    0x080001b0   0x080001b0   0x00000004   Code   RO         6217    .ARM.Collect$$$$00000004  mc_w.l(entry5.o)
    0x080001b4   0x080001b4   0x00000000   Code   RO         6219    .ARM.Collect$$$$00000008  mc_w.l(entry7b.o)
    0x080001b4   0x080001b4   0x00000000   Code   RO         6221    .ARM.Collect$$$$0000000A  mc_w.l(entry8b.o)
    0x080001b4   0x080001b4   0x00000008   Code   RO         6222    .ARM.Collect$$$$0000000B  mc_w.l(entry9a.o)
    0x080001bc   0x080001bc   0x00000004   Code   RO         6229    .ARM.Collect$$$$0000000E  mc_w.l(entry12b.o)
    0x080001c0   0x080001c0   0x00000000   Code   RO         6224    .ARM.Collect$$$$0000000F  mc_w.l(entry10a.o)
    0x080001c0   0x080001c0   0x00000000   Code   RO         6226    .ARM.Collect$$$$00000011  mc_w.l(entry11a.o)
    0x080001c0   0x080001c0   0x00000004   Code   RO         6215    .ARM.Collect$$$$00002712  mc_w.l(entry2.o)
    0x080001c4   0x080001c4   0x000000be   Code   RO         4669    .emb_text           port.o
    0x08000282   0x08000282   0x00000002   PAD
    0x08000284   0x08000284   0x00000024   Code   RO            4    .text               startup_stm32f427xx.o
    0x080002a8   0x080002a8   0x00000078   Code   RO         5500    .text               arm_cortexM4lf_math.lib(arm_cos_f32.o)
    0x08000320   0x08000320   0x00000094   Code   RO         5550    .text               arm_cortexM4lf_math.lib(arm_sin_f32.o)
    0x080003b4   0x080003b4   0x00000108   Code   RO         5574    .text               arm_cortexM4lf_math.lib(arm_mat_add_f32.o)
    0x080004bc   0x080004bc   0x00000008   Code   RO         5598    .text               arm_cortexM4lf_math.lib(arm_mat_init_f32.o)
    0x080004c4   0x080004c4   0x00000530   Code   RO         5622    .text               arm_cortexM4lf_math.lib(arm_mat_inverse_f32.o)
    0x080009f4   0x080009f4   0x0000013c   Code   RO         5646    .text               arm_cortexM4lf_math.lib(arm_mat_mult_f32.o)
    0x08000b30   0x08000b30   0x00000108   Code   RO         5670    .text               arm_cortexM4lf_math.lib(arm_mat_sub_f32.o)
    0x08000c38   0x08000c38   0x00000114   Code   RO         5694    .text               arm_cortexM4lf_math.lib(arm_mat_trans_f32.o)
    0x08000d4c   0x08000d4c   0x00000062   Code   RO         5868    .text               mc_w.l(uldiv.o)
    0x08000dae   0x08000dae   0x00000024   Code   RO         5870    .text               mc_w.l(memcpya.o)
    0x08000dd2   0x08000dd2   0x00000024   Code   RO         5874    .text               mc_w.l(memseta.o)
    0x08000df6   0x08000df6   0x000000e4   Code   RO         6139    .text               mf_w.l(dmul.o)
    0x08000eda   0x08000eda   0x000000de   Code   RO         6141    .text               mf_w.l(ddiv.o)
    0x08000fb8   0x08000fb8   0x00000022   Code   RO         6143    .text               mf_w.l(dflti.o)
    0x08000fda   0x08000fda   0x00000026   Code   RO         6147    .text               mf_w.l(f2d.o)
    0x08001000   0x08001000   0x00000030   Code   RO         6149    .text               mf_w.l(cdrcmple.o)
    0x08001030   0x08001030   0x00000038   Code   RO         6151    .text               mf_w.l(d2f.o)
    0x08001068   0x08001068   0x0000002c   Code   RO         6231    .text               mc_w.l(uidiv.o)
    0x08001094   0x08001094   0x0000001e   Code   RO         6233    .text               mc_w.l(llshl.o)
    0x080010b2   0x080010b2   0x00000020   Code   RO         6235    .text               mc_w.l(llushr.o)
    0x080010d2   0x080010d2   0x00000000   Code   RO         6244    .text               mc_w.l(iusefp.o)
    0x080010d2   0x080010d2   0x0000006e   Code   RO         6245    .text               mf_w.l(fepilogue.o)
    0x08001140   0x08001140   0x000000ba   Code   RO         6247    .text               mf_w.l(depilogue.o)
    0x080011fa   0x080011fa   0x0000014e   Code   RO         6249    .text               mf_w.l(dadd.o)
    0x08001348   0x08001348   0x000000a2   Code   RO         6253    .text               mf_w.l(dsqrt.o)
    0x080013ea   0x080013ea   0x00000030   Code   RO         6255    .text               mf_w.l(dfixul.o)
    0x0800141a   0x0800141a   0x00000002   PAD
    0x0800141c   0x0800141c   0x00000024   Code   RO         6259    .text               mc_w.l(init.o)
    0x08001440   0x08001440   0x00000024   Code   RO         6261    .text               mc_w.l(llsshr.o)
    0x08001464   0x08001464   0x00000056   Code   RO         6271    .text               mc_w.l(__dczerorl2.o)
    0x080014ba   0x080014ba   0x00000002   Code   RO          421    i.BusFault_Handler  stm32f4xx_it.o
    0x080014bc   0x080014bc   0x00000028   Code   RO         5025    i.DWT_CNT_Update    bsp_dwt.o
    0x080014e4   0x080014e4   0x00000044   Code   RO         5027    i.DWT_GetDeltaT     bsp_dwt.o
    0x08001528   0x08001528   0x00000048   Code   RO         5032    i.DWT_Init          bsp_dwt.o
    0x08001570   0x08001570   0x00000002   Code   RO          422    i.DebugMon_Handler  stm32f4xx_it.o
    0x08001572   0x08001572   0x00000004   Code   RO           13    i.Error_Handler     main.o
    0x08001576   0x08001576   0x00000002   PAD
    0x08001578   0x08001578   0x00000024   Code   RO         1499    i.HAL_Delay         stm32f4xx_hal.o
    0x0800159c   0x0800159c   0x00000234   Code   RO          955    i.HAL_GPIO_Init     stm32f4xx_hal_gpio.o
    0x080017d0   0x080017d0   0x00000010   Code   RO          958    i.HAL_GPIO_TogglePin  stm32f4xx_hal_gpio.o
    0x080017e0   0x080017e0   0x0000000a   Code   RO          959    i.HAL_GPIO_WritePin  stm32f4xx_hal_gpio.o
    0x080017ea   0x080017ea   0x00000002   PAD
    0x080017ec   0x080017ec   0x0000000c   Code   RO         1507    i.HAL_GetTick       stm32f4xx_hal.o
    0x080017f8   0x080017f8   0x00000010   Code   RO         1513    i.HAL_IncTick       stm32f4xx_hal.o
    0x08001808   0x08001808   0x00000034   Code   RO         1514    i.HAL_Init          stm32f4xx_hal.o
    0x0800183c   0x0800183c   0x00000098   Code   RO          509    i.HAL_InitTick      stm32f4xx_hal_timebase_tim.o
    0x080018d4   0x080018d4   0x00000038   Code   RO          485    i.HAL_MspInit       stm32f4xx_hal_msp.o
    0x0800190c   0x0800190c   0x0000001a   Code   RO         1362    i.HAL_NVIC_EnableIRQ  stm32f4xx_hal_cortex.o
    0x08001926   0x08001926   0x00000002   PAD
    0x08001928   0x08001928   0x00000040   Code   RO         1368    i.HAL_NVIC_SetPriority  stm32f4xx_hal_cortex.o
    0x08001968   0x08001968   0x00000024   Code   RO         1369    i.HAL_NVIC_SetPriorityGrouping  stm32f4xx_hal_cortex.o
    0x0800198c   0x0800198c   0x00000134   Code   RO          549    i.HAL_RCC_ClockConfig  stm32f4xx_hal_rcc.o
    0x08001ac0   0x08001ac0   0x00000040   Code   RO          553    i.HAL_RCC_GetClockConfig  stm32f4xx_hal_rcc.o
    0x08001b00   0x08001b00   0x00000020   Code   RO          556    i.HAL_RCC_GetPCLK1Freq  stm32f4xx_hal_rcc.o
    0x08001b20   0x08001b20   0x00000020   Code   RO          557    i.HAL_RCC_GetPCLK2Freq  stm32f4xx_hal_rcc.o
    0x08001b40   0x08001b40   0x00000064   Code   RO          558    i.HAL_RCC_GetSysClockFreq  stm32f4xx_hal_rcc.o
    0x08001ba4   0x08001ba4   0x0000036c   Code   RO          561    i.HAL_RCC_OscConfig  stm32f4xx_hal_rcc.o
    0x08001f10   0x08001f10   0x000000bc   Code   RO         1773    i.HAL_SPI_Init      stm32f4xx_hal_spi.o
    0x08001fcc   0x08001fcc   0x0000006c   Code   RO          338    i.HAL_SPI_MspInit   spi.o
    0x08002038   0x08002038   0x000001e2   Code   RO         1782    i.HAL_SPI_TransmitReceive  stm32f4xx_hal_spi.o
    0x0800221a   0x0800221a   0x00000002   Code   RO         2790    i.HAL_TIMEx_BreakCallback  stm32f4xx_hal_tim_ex.o
    0x0800221c   0x0800221c   0x00000002   Code   RO         2791    i.HAL_TIMEx_CommutCallback  stm32f4xx_hal_tim_ex.o
    0x0800221e   0x0800221e   0x0000005a   Code   RO         2086    i.HAL_TIM_Base_Init  stm32f4xx_hal_tim.o
    0x08002278   0x08002278   0x00000002   Code   RO         2088    i.HAL_TIM_Base_MspInit  stm32f4xx_hal_tim.o
    0x0800227a   0x0800227a   0x00000002   PAD
    0x0800227c   0x0800227c   0x00000080   Code   RO         2091    i.HAL_TIM_Base_Start_IT  stm32f4xx_hal_tim.o
    0x080022fc   0x080022fc   0x00000002   Code   RO         2120    i.HAL_TIM_IC_CaptureCallback  stm32f4xx_hal_tim.o
    0x080022fe   0x080022fe   0x00000166   Code   RO         2134    i.HAL_TIM_IRQHandler  stm32f4xx_hal_tim.o
    0x08002464   0x08002464   0x00000002   Code   RO         2137    i.HAL_TIM_OC_DelayElapsedCallback  stm32f4xx_hal_tim.o
    0x08002466   0x08002466   0x00000002   Code   RO         2164    i.HAL_TIM_PWM_PulseFinishedCallback  stm32f4xx_hal_tim.o
    0x08002468   0x08002468   0x00000014   Code   RO           14    i.HAL_TIM_PeriodElapsedCallback  main.o
    0x0800247c   0x0800247c   0x00000002   Code   RO         2177    i.HAL_TIM_TriggerCallback  stm32f4xx_hal_tim.o
    0x0800247e   0x0800247e   0x00000062   Code   RO         3086    i.HAL_UART_Init     stm32f4xx_hal_uart.o
    0x080024e0   0x080024e0   0x0000006c   Code   RO          380    i.HAL_UART_MspInit  usart.o
    0x0800254c   0x0800254c   0x000000b2   Code   RO         3094    i.HAL_UART_Transmit  stm32f4xx_hal_uart.o
    0x080025fe   0x080025fe   0x00000002   PAD
    0x08002600   0x08002600   0x000000fc   Code   RO         5172    i.H_K_R_Adjustment  kalman_filter.o
    0x080026fc   0x080026fc   0x00000002   Code   RO          423    i.HardFault_Handler  stm32f4xx_it.o
    0x080026fe   0x080026fe   0x00000002   PAD
    0x08002700   0x08002700   0x000001a4   Code   RO         5273    i.IMU_QuaternionEKF_F_Linearization_P_Fading  quaternionekf.o
    0x080028a4   0x080028a4   0x000000e0   Code   RO         5274    i.IMU_QuaternionEKF_Init  quaternionekf.o
    0x08002984   0x08002984   0x00000034   Code   RO         5275    i.IMU_QuaternionEKF_Observe  quaternionekf.o
    0x080029b8   0x080029b8   0x000000dc   Code   RO         5277    i.IMU_QuaternionEKF_SetH  quaternionekf.o
    0x08002a94   0x08002a94   0x000003f8   Code   RO         5278    i.IMU_QuaternionEKF_Update  quaternionekf.o
    0x08002e8c   0x08002e8c   0x000003dc   Code   RO         5279    i.IMU_QuaternionEKF_xhatUpdate  quaternionekf.o
    0x08003268   0x08003268   0x00000028   Code   RO         4751    i.INS_Init          bsp_imu.o
    0x08003290   0x08003290   0x00000094   Code   RO         4752    i.INS_Task          bsp_imu.o
    0x08003324   0x08003324   0x00000010   Code   RO         5102    i.Imu_Task          imu_task.o
    0x08003334   0x08003334   0x00000428   Code   RO         5173    i.Kalman_Filter_Init  kalman_filter.o
    0x0800375c   0x0800375c   0x00000048   Code   RO         5174    i.Kalman_Filter_Measure  kalman_filter.o
    0x080037a4   0x080037a4   0x0000006a   Code   RO         5175    i.Kalman_Filter_P_Update  kalman_filter.o
    0x0800380e   0x0800380e   0x0000006c   Code   RO         5176    i.Kalman_Filter_PminusUpdate  kalman_filter.o
    0x0800387a   0x0800387a   0x000000cc   Code   RO         5178    i.Kalman_Filter_SetK  kalman_filter.o
    0x08003946   0x08003946   0x00000002   PAD
    0x08003948   0x08003948   0x000000e8   Code   RO         5179    i.Kalman_Filter_Update  kalman_filter.o
    0x08003a30   0x08003a30   0x00000074   Code   RO         5180    i.Kalman_Filter_xhatMinusUpdate  kalman_filter.o
    0x08003aa4   0x08003aa4   0x00000084   Code   RO         5181    i.Kalman_Filter_xhatUpdate  kalman_filter.o
    0x08003b28   0x08003b28   0x00000068   Code   RO         5133    i.Logger_Task       logger_task.o
    0x08003b90   0x08003b90   0x0000003c   Code   RO          283    i.MX_FREERTOS_Init  freertos.o
    0x08003bcc   0x08003bcc   0x000000a8   Code   RO          253    i.MX_GPIO_Init      gpio.o
    0x08003c74   0x08003c74   0x00000048   Code   RO          339    i.MX_SPI5_Init      spi.o
    0x08003cbc   0x08003cbc   0x00000038   Code   RO          381    i.MX_USART3_UART_Init  usart.o
    0x08003cf4   0x08003cf4   0x00000002   Code   RO          424    i.MemManage_Handler  stm32f4xx_it.o
    0x08003cf6   0x08003cf6   0x00000002   Code   RO          425    i.NMI_Handler       stm32f4xx_it.o
    0x08003cf8   0x08003cf8   0x00000058   Code   RO         1811    i.SPI_EndRxTxTransaction  stm32f4xx_hal_spi.o
    0x08003d50   0x08003d50   0x000000b8   Code   RO         1816    i.SPI_WaitFlagStateUntilTimeout  stm32f4xx_hal_spi.o
    0x08003e08   0x08003e08   0x0000002c   Code   RO         4670    i.SysTick_Handler   port.o
    0x08003e34   0x08003e34   0x00000094   Code   RO           15    i.SystemClock_Config  main.o
    0x08003ec8   0x08003ec8   0x00000010   Code   RO         3415    i.SystemInit        system_stm32f4xx.o
    0x08003ed8   0x08003ed8   0x0000000c   Code   RO          426    i.TIM6_DAC_IRQHandler  stm32f4xx_it.o
    0x08003ee4   0x08003ee4   0x000000c8   Code   RO         2179    i.TIM_Base_SetConfig  stm32f4xx_hal_tim.o
    0x08003fac   0x08003fac   0x0000010c   Code   RO         3112    i.UART_SetConfig    stm32f4xx_hal_uart.o
    0x080040b8   0x080040b8   0x00000078   Code   RO         3115    i.UART_WaitOnFlagUntilTimeout  stm32f4xx_hal_uart.o
    0x08004130   0x08004130   0x00000002   Code   RO          427    i.UsageFault_Handler  stm32f4xx_it.o
    0x08004132   0x08004132   0x00000002   PAD
    0x08004134   0x08004134   0x00000020   Code   RO         6111    i.__0printf         mc_w.l(printfa.o)
    0x08004154   0x08004154   0x00000026   Code   RO         6183    i.__ARM_fpclassifyf  m_wm.l(fpclassifyf.o)
    0x0800417a   0x0800417a   0x00000020   Code   RO         1375    i.__NVIC_SetPriority  stm32f4xx_hal_cortex.o
    0x0800419a   0x0800419a   0x00000002   PAD
    0x0800419c   0x0800419c   0x0000012c   Code   RO         5811    i.__hardfp_asinf    m_wm.l(asinf.o)
    0x080042c8   0x080042c8   0x000002ac   Code   RO         5835    i.__hardfp_atan2f   m_wm.l(atan2f.o)
    0x08004574   0x08004574   0x00000014   Code   RO         5847    i.__hardfp_fabs     m_wm.l(fabs.o)
    0x08004588   0x08004588   0x0000007a   Code   RO         5853    i.__hardfp_sqrt     m_wm.l(sqrt_full.o)
    0x08004602   0x08004602   0x00000006   Code   RO         6186    i.__mathlib_flt_infnan  m_wm.l(funder.o)
    0x08004608   0x08004608   0x00000006   Code   RO         6187    i.__mathlib_flt_infnan2  m_wm.l(funder.o)
    0x0800460e   0x0800460e   0x00000002   PAD
    0x08004610   0x08004610   0x00000010   Code   RO         6188    i.__mathlib_flt_invalid  m_wm.l(funder.o)
    0x08004620   0x08004620   0x00000010   Code   RO         6191    i.__mathlib_flt_underflow  m_wm.l(funder.o)
    0x08004630   0x08004630   0x0000000e   Code   RO         6265    i.__scatterload_copy  mc_w.l(handlers.o)
    0x0800463e   0x0800463e   0x00000002   Code   RO         6266    i.__scatterload_null  mc_w.l(handlers.o)
    0x08004640   0x08004640   0x0000000e   Code   RO         6267    i.__scatterload_zeroinit  mc_w.l(handlers.o)
    0x0800464e   0x0800464e   0x00000002   PAD
    0x08004650   0x08004650   0x0000000c   Code   RO         6239    i.__set_errno       mc_w.l(errno.o)
    0x0800465c   0x0800465c   0x00000184   Code   RO         6118    i._fp_digits        mc_w.l(printfa.o)
    0x080047e0   0x080047e0   0x000006b4   Code   RO         6119    i._printf_core      mc_w.l(printfa.o)
    0x08004e94   0x08004e94   0x00000024   Code   RO         6120    i._printf_post_padding  mc_w.l(printfa.o)
    0x08004eb8   0x08004eb8   0x0000002e   Code   RO         6121    i._printf_pre_padding  mc_w.l(printfa.o)
    0x08004ee6   0x08004ee6   0x00000002   PAD
    0x08004ee8   0x08004ee8   0x00000018   Code   RO         5135    i.fputc             logger_task.o
    0x08004f00   0x08004f00   0x000004c2   Code   RO         4753    i.imu_ahrs_update   bsp_imu.o
    0x080053c2   0x080053c2   0x00000002   PAD
    0x080053c4   0x080053c4   0x000001cc   Code   RO         4755    i.init_quaternion   bsp_imu.o
    0x08005590   0x08005590   0x0000002c   Code   RO         4756    i.inv_sqrt          bsp_imu.o
    0x080055bc   0x080055bc   0x0000000a   Code   RO         4757    i.ist8310_get_data  bsp_imu.o
    0x080055c6   0x080055c6   0x00000100   Code   RO         4758    i.ist8310_init      bsp_imu.o
    0x080056c6   0x080056c6   0x00000038   Code   RO         4759    i.ist_reg_read_by_mpu  bsp_imu.o
    0x080056fe   0x080056fe   0x00000042   Code   RO         4760    i.ist_reg_write_by_mpu  bsp_imu.o
    0x08005740   0x08005740   0x00000060   Code   RO           16    i.main              main.o
    0x080057a0   0x080057a0   0x0000000c   Code   RO         4235    i.makeFreeRtosPriority  cmsis_os.o
    0x080057ac   0x080057ac   0x00000004   Code   RO         5182    i.malloc            kalman_filter.o
    0x080057b0   0x080057b0   0x00000064   Code   RO         4761    i.mpu_device_init   bsp_imu.o
    0x08005814   0x08005814   0x00000100   Code   RO         4762    i.mpu_get_data      bsp_imu.o
    0x08005914   0x08005914   0x0000008e   Code   RO         4763    i.mpu_master_i2c_auto_read_config  bsp_imu.o
    0x080059a2   0x080059a2   0x00000002   PAD
    0x080059a4   0x080059a4   0x000000a8   Code   RO         4764    i.mpu_offset_call   bsp_imu.o
    0x08005a4c   0x08005a4c   0x00000050   Code   RO         4765    i.mpu_read_byte     bsp_imu.o
    0x08005a9c   0x08005a9c   0x0000005c   Code   RO         4766    i.mpu_read_bytes    bsp_imu.o
    0x08005af8   0x08005af8   0x0000000a   Code   RO         4767    i.mpu_set_accel_fsr  bsp_imu.o
    0x08005b02   0x08005b02   0x0000000a   Code   RO         4768    i.mpu_set_gyro_fsr  bsp_imu.o
    0x08005b0c   0x08005b0c   0x00000054   Code   RO         4769    i.mpu_write_byte    bsp_imu.o
    0x08005b60   0x08005b60   0x0000000e   Code   RO         4237    i.osDelay           cmsis_os.o
    0x08005b6e   0x08005b6e   0x0000000a   Code   RO         4240    i.osKernelStart     cmsis_os.o
    0x08005b78   0x08005b78   0x00000054   Code   RO         4274    i.osThreadCreate    cmsis_os.o
    0x08005bcc   0x08005bcc   0x00000070   Code   RO         3917    i.prvAddCurrentTaskToDelayedList  tasks.o
    0x08005c3c   0x08005c3c   0x000000d0   Code   RO         3918    i.prvAddNewTaskToReadyList  tasks.o
    0x08005d0c   0x08005d0c   0x00000034   Code   RO         3919    i.prvDeleteTCB      tasks.o
    0x08005d40   0x08005d40   0x0000004c   Code   RO         4602    i.prvHeapInit       heap_4.o
    0x08005d8c   0x08005d8c   0x00000060   Code   RO         3920    i.prvIdleTask       tasks.o
    0x08005dec   0x08005dec   0x00000098   Code   RO         3921    i.prvInitialiseNewTask  tasks.o
    0x08005e84   0x08005e84   0x0000004c   Code   RO         4603    i.prvInsertBlockIntoFreeList  heap_4.o
    0x08005ed0   0x08005ed0   0x00000020   Code   RO         3922    i.prvResetNextTaskUnblockTime  tasks.o
    0x08005ef0   0x08005ef0   0x00000028   Code   RO         4671    i.prvTaskExitError  port.o
    0x08005f18   0x08005f18   0x000000dc   Code   RO         4604    i.pvPortMalloc      heap_4.o
    0x08005ff4   0x08005ff4   0x0000002c   Code   RO         4672    i.pxPortInitialiseStack  port.o
    0x08006020   0x08006020   0x0000003e   Code   RO         6204    i.sqrtf             m_wm.l(sqrtf_full.o)
    0x0800605e   0x0800605e   0x00000026   Code   RO         3553    i.uxListRemove      list.o
    0x08006084   0x08006084   0x00000014   Code   RO          284    i.vApplicationGetIdleTaskMemory  freertos.o
    0x08006098   0x08006098   0x00000016   Code   RO         3554    i.vListInitialise   list.o
    0x080060ae   0x080060ae   0x00000006   Code   RO         3555    i.vListInitialiseItem  list.o
    0x080060b4   0x080060b4   0x00000030   Code   RO         3556    i.vListInsert       list.o
    0x080060e4   0x080060e4   0x00000018   Code   RO         3557    i.vListInsertEnd    list.o
    0x080060fc   0x080060fc   0x00000040   Code   RO         4674    i.vPortEnterCritical  port.o
    0x0800613c   0x0800613c   0x00000028   Code   RO         4675    i.vPortExitCritical  port.o
    0x08006164   0x08006164   0x00000064   Code   RO         4605    i.vPortFree         heap_4.o
    0x080061c8   0x080061c8   0x00000024   Code   RO         4676    i.vPortSetupTimerInterrupt  port.o
    0x080061ec   0x080061ec   0x0000004c   Code   RO         3931    i.vTaskDelay        tasks.o
    0x08006238   0x08006238   0x0000006c   Code   RO         3944    i.vTaskStartScheduler  tasks.o
    0x080062a4   0x080062a4   0x00000010   Code   RO         3946    i.vTaskSuspendAll   tasks.o
    0x080062b4   0x080062b4   0x0000005c   Code   RO         3947    i.vTaskSwitchContext  tasks.o
    0x08006310   0x08006310   0x000000f4   Code   RO         4678    i.xPortStartScheduler  port.o
    0x08006404   0x08006404   0x0000005a   Code   RO         3950    i.xTaskCreate       tasks.o
    0x0800645e   0x0800645e   0x00000056   Code   RO         3951    i.xTaskCreateStatic  tasks.o
    0x080064b4   0x080064b4   0x000000cc   Code   RO         3958    i.xTaskIncrementTick  tasks.o
    0x08006580   0x08006580   0x000000c4   Code   RO         3964    i.xTaskResumeAll    tasks.o
    0x08006644   0x08006644   0x00000038   Data   RO          286    .constdata          freertos.o
    0x0800667c   0x0800667c   0x00000010   Data   RO         3416    .constdata          system_stm32f4xx.o
    0x0800668c   0x0800668c   0x00000008   Data   RO         3417    .constdata          system_stm32f4xx.o
    0x08006694   0x08006694   0x00000020   Data   RO         4775    .constdata          bsp_imu.o
    0x080066b4   0x080066b4   0x00000120   Data   RO         5281    .constdata          quaternionekf.o
    0x080067d4   0x080067d4   0x00000804   Data   RO         5774    .constdata          arm_cortexM4lf_math.lib(arm_common_tables.o)
    0x08006fd8   0x08006fd8   0x00000015   Data   RO          287    .conststring        freertos.o
    0x08006fed   0x08006fed   0x00000003   PAD
    0x08006ff0   0x08006ff0   0x00000020   Data   RO         6263    Region$$Table       anon$$obj.o


    Execution Region RW_IRAM2 (Exec base: 0x10000000, Load base: 0x0800703c, Size: 0x00000000, Max: 0x00010000, ABSOLUTE)

    **** No section assigned to this execution region ****


    Execution Region RW_IRAM1 (Exec base: 0x20000000, Load base: 0x08007010, Size: 0x00004960, Max: 0x00030000, ABSOLUTE, COMPRESSED[0x0000002c])

    Exec Addr    Load Addr    Size         Type   Attr      Idx    E Section Name        Object

    0x20000000   COMPRESSED   0x00000004   Data   RW           17    .data               main.o
    0x20000004   COMPRESSED   0x00000008   Data   RW          288    .data               freertos.o
    0x2000000c   COMPRESSED   0x0000000c   Data   RW         1521    .data               stm32f4xx_hal.o
    0x20000018   COMPRESSED   0x00000004   Data   RW         3418    .data               system_stm32f4xx.o
    0x2000001c   COMPRESSED   0x0000003c   Data   RW         3967    .data               tasks.o
    0x20000058   COMPRESSED   0x00000020   Data   RW         4611    .data               heap_4.o
    0x20000078   COMPRESSED   0x0000000c   Data   RW         4679    .data               port.o
    0x20000084   COMPRESSED   0x00000070   Data   RW         4776    .data               bsp_imu.o
    0x200000f4   COMPRESSED   0x00000004   PAD
    0x200000f8   COMPRESSED   0x00000040   Data   RW         5034    .data               bsp_dwt.o
    0x20000138   COMPRESSED   0x00000004   Data   RW         5183    .data               kalman_filter.o
    0x2000013c   COMPRESSED   0x00000094   Data   RW         5282    .data               quaternionekf.o
    0x200001d0   COMPRESSED   0x00000004   Data   RW         6230    .data               mc_w.l(stdout.o)
    0x200001d4   COMPRESSED   0x00000004   Data   RW         6240    .data               mc_w.l(errno.o)
    0x200001d8        -       0x00000254   Zero   RW          285    .bss                freertos.o
    0x2000042c        -       0x00000058   Zero   RW          340    .bss                spi.o
    0x20000484        -       0x00000044   Zero   RW          382    .bss                usart.o
    0x200004c8        -       0x00000048   Zero   RW          512    .bss                stm32f4xx_hal_timebase_tim.o
    0x20000510        -       0x000000f0   Zero   RW         3966    .bss                tasks.o
    0x20000600        -       0x00003c00   Zero   RW         4610    .bss                heap_4.o
    0x20004200        -       0x000000f0   Zero   RW         4770    .bss                bsp_imu.o
    0x200042f0        -       0x00000270   Zero   RW         5280    .bss                quaternionekf.o
    0x20004560        -       0x00000400   Zero   RW            1    STACK               startup_stm32f427xx.o


==============================================================================

Image component sizes


      Code (inc. data)   RO Data    RW Data    ZI Data      Debug   Object Name

       180         36          0         64          0       3486   bsp_dwt.o
      3240        220         32        112        240      17786   bsp_imu.o
       120          0          0          0          0      23653   cmsis_os.o
         0          0          0          0          0      17048   event_groups.o
        80         12         77          8        596       2214   freertos.o
       168         12          0          0          0       1059   gpio.o
       472         24          0         32      15360       7695   heap_4.o
        16          0          0          0          0        523   imu_task.o
      2290         18          0          4          0      10168   kalman_filter.o
       138          0          0          0          0       3786   list.o
       128         26          0          0          0       1122   logger_task.o
       268         42          0          4          0     798727   main.o
       702         72          0         12          0      11432   port.o
      2920        154        288        148        624       8116   quaternionekf.o
       180         24          0          0         88       1849   spi.o
        36          8        428          0       1024        876   startup_stm32f427xx.o
       116         18          0         12          0       9146   stm32f4xx_hal.o
       158         14          0          0          0      33358   stm32f4xx_hal_cortex.o
       590         54          0          0          0       3013   stm32f4xx_hal_gpio.o
        56          4          0          0          0        946   stm32f4xx_hal_msp.o
      1412         86          0          0          0       6177   stm32f4xx_hal_rcc.o
       942         12          0          0          0       5113   stm32f4xx_hal_spi.o
       786         72          0          0          0       7748   stm32f4xx_hal_tim.o
         4          0          0          0          0       1717   stm32f4xx_hal_tim_ex.o
       152         20          0          0         72       1599   stm32f4xx_hal_timebase_tim.o
       664         10          0          0          0       4404   stm32f4xx_hal_uart.o
        24          6          0          0          0       3539   stm32f4xx_it.o
         0          0          0          0          0        392   stream_buffer.o
        16          4         24          4          0       1247   system_stm32f4xx.o
      1520        112          0         60        240      20158   tasks.o
       164         22          0          0         68       1870   usart.o

    ----------------------------------------------------------------------
     17566       1082        884        464      18312    1009967   Object Totals
         0          0         32          0          0          0   (incl. Generated)
        24          0          3          4          0          0   (incl. Padding)

    ----------------------------------------------------------------------

      Code (inc. data)   RO Data    RW Data    ZI Data      Debug   Library Member Name

         0          0       2052          0          0       4704   arm_common_tables.o
       120         12          0          0          0      17170   arm_cos_f32.o
       264          0          0          0          0       1826   arm_mat_add_f32.o
         8          0          0          0          0        999   arm_mat_init_f32.o
      1328          4          0          0          0       4782   arm_mat_inverse_f32.o
       316          4          0          0          0       2375   arm_mat_mult_f32.o
       264          0          0          0          0       1826   arm_mat_sub_f32.o
       276          0          0          0          0       2240   arm_mat_trans_f32.o
       148         18          0          0          0        814   arm_sin_f32.o
       300         42          0          0          0        176   asinf.o
       684         90          0          0          0        208   atan2f.o
        20          0          0          0          0        124   fabs.o
        38          0          0          0          0        116   fpclassifyf.o
        44         12          0          0          0        464   funder.o
       122          0          0          0          0        148   sqrt_full.o
        62          0          0          0          0        136   sqrtf_full.o
        86          0          0          0          0          0   __dczerorl2.o
         0          0          0          0          0          0   entry.o
         0          0          0          0          0          0   entry10a.o
         0          0          0          0          0          0   entry11a.o
         4          0          0          0          0          0   entry12b.o
         8          4          0          0          0          0   entry2.o
         4          0          0          0          0          0   entry5.o
         0          0          0          0          0          0   entry7b.o
         0          0          0          0          0          0   entry8b.o
         8          4          0          0          0          0   entry9a.o
        12          6          0          4          0         68   errno.o
        30          0          0          0          0          0   handlers.o
        36          8          0          0          0         68   init.o
         0          0          0          0          0          0   iusefp.o
        30          0          0          0          0         68   llshl.o
        36          0          0          0          0         68   llsshr.o
        32          0          0          0          0         68   llushr.o
        36          0          0          0          0         68   memcpya.o
        36          0          0          0          0        108   memseta.o
      2218         90          0          0          0        464   printfa.o
         0          0          0          4          0          0   stdout.o
        44          0          0          0          0         80   uidiv.o
        98          0          0          0          0         92   uldiv.o
        48          0          0          0          0         68   cdrcmple.o
        56          0          0          0          0         88   d2f.o
       334          0          0          0          0        148   dadd.o
       222          0          0          0          0        100   ddiv.o
       186          0          0          0          0        176   depilogue.o
        48          0          0          0          0         68   dfixul.o
        34          0          0          0          0         76   dflti.o
       228          0          0          0          0         96   dmul.o
       162          0          0          0          0        100   dsqrt.o
        38          0          0          0          0         68   f2d.o
       110          0          0          0          0        168   fepilogue.o

    ----------------------------------------------------------------------
      8186        294       2052          8          0      40416   Library Totals
         8          0          0          0          0          0   (incl. Padding)

    ----------------------------------------------------------------------

      Code (inc. data)   RO Data    RW Data    ZI Data      Debug   Library Name

      2724         38       2052          0          0      36736   arm_cortexM4lf_math.lib
      1270        144          0          0          0       1372   m_wm.l
      2718        112          0          8          0       1152   mc_w.l
      1466          0          0          0          0       1156   mf_w.l

    ----------------------------------------------------------------------
      8186        294       2052          8          0      40416   Library Totals

    ----------------------------------------------------------------------

==============================================================================


      Code (inc. data)   RO Data    RW Data    ZI Data      Debug   

     25752       1376       2936        472      18312    1035523   Grand Totals
     25752       1376       2936         44      18312    1035523   ELF Image Totals (compressed)
     25752       1376       2936         44          0          0   ROM Totals

==============================================================================

    Total RO  Size (Code + RO Data)                28688 (  28.02kB)
    Total RW  Size (RW Data + ZI Data)             18784 (  18.34kB)
    Total ROM Size (Code + RO Data + RW Data)      28732 (  28.06kB)

==============================================================================

