Component: ARM Compiler 5.06 update 7 (build 960) Tool: armlink [4d3601]

==============================================================================

Section Cross References

    startup_stm32f407xx.o(RESET) refers to startup_stm32f407xx.o(STACK) for __initial_sp
    startup_stm32f407xx.o(RESET) refers to startup_stm32f407xx.o(.text) for Reset_Handler
    startup_stm32f407xx.o(RESET) refers to stm32f4xx_it.o(i.NMI_Handler) for NMI_Handler
    startup_stm32f407xx.o(RESET) refers to stm32f4xx_it.o(i.HardFault_Handler) for HardFault_Handler
    startup_stm32f407xx.o(RESET) refers to stm32f4xx_it.o(i.MemManage_Handler) for MemManage_Handler
    startup_stm32f407xx.o(RESET) refers to stm32f4xx_it.o(i.BusFault_Handler) for BusFault_Handler
    startup_stm32f407xx.o(RESET) refers to stm32f4xx_it.o(i.UsageFault_Handler) for UsageFault_Handler
    startup_stm32f407xx.o(RESET) refers to stm32f4xx_it.o(i.SVC_Handler) for SVC_Handler
    startup_stm32f407xx.o(RESET) refers to stm32f4xx_it.o(i.DebugMon_Handler) for DebugMon_Handler
    startup_stm32f407xx.o(RESET) refers to stm32f4xx_it.o(i.PendSV_Handler) for PendSV_Handler
    startup_stm32f407xx.o(RESET) refers to stm32f4xx_it.o(i.SysTick_Handler) for SysTick_Handler
    startup_stm32f407xx.o(RESET) refers to stm32f4xx_it.o(i.ADC_IRQHandler) for ADC_IRQHandler
    startup_stm32f407xx.o(RESET) refers to stm32f4xx_it.o(i.TIM1_UP_TIM10_IRQHandler) for TIM1_UP_TIM10_IRQHandler
    startup_stm32f407xx.o(RESET) refers to stm32f4xx_it.o(i.USART1_IRQHandler) for USART1_IRQHandler
    startup_stm32f407xx.o(RESET) refers to stm32f4xx_it.o(i.TIM6_DAC_IRQHandler) for TIM6_DAC_IRQHandler
    startup_stm32f407xx.o(.text) refers to system_stm32f4xx.o(i.SystemInit) for SystemInit
    startup_stm32f407xx.o(.text) refers to entry.o(.ARM.Collect$$$$00000000) for __main
    main.o(i.SystemClock_Config) refers to memseta.o(.text) for __aeabi_memclr4
    main.o(i.SystemClock_Config) refers to stm32f4xx_hal_rcc.o(i.HAL_RCC_OscConfig) for HAL_RCC_OscConfig
    main.o(i.SystemClock_Config) refers to stm32f4xx_hal_rcc.o(i.HAL_RCC_ClockConfig) for HAL_RCC_ClockConfig
    main.o(i.main) refers to stm32f4xx_hal.o(i.HAL_Init) for HAL_Init
    main.o(i.main) refers to main.o(i.SystemClock_Config) for SystemClock_Config
    main.o(i.main) refers to gpio.o(i.MX_GPIO_Init) for MX_GPIO_Init
    main.o(i.main) refers to adc.o(i.MX_ADC1_Init) for MX_ADC1_Init
    main.o(i.main) refers to i2c.o(i.MX_I2C1_Init) for MX_I2C1_Init
    main.o(i.main) refers to tim.o(i.MX_TIM1_Init) for MX_TIM1_Init
    main.o(i.main) refers to usart.o(i.MX_USART1_UART_Init) for MX_USART1_UART_Init
    main.o(i.main) refers to tim.o(i.MX_TIM6_Init) for MX_TIM6_Init
    main.o(i.main) refers to arm_cos_f32.o(.text.arm_cos_f32) for arm_cos_f32
    main.o(i.main) refers to bsp_dwt.o(i.DWT_Init) for DWT_Init
    main.o(i.main) refers to bsp_as5600.o(i.bsp_as5600Init) for bsp_as5600Init
    main.o(i.main) refers to stm32f4xx_hal.o(i.HAL_Delay) for HAL_Delay
    main.o(i.main) refers to bsp_usart.o(i.USART_Init) for USART_Init
    main.o(i.main) refers to bsp_foc.o(i.TIM1_PWM_Init) for TIM1_PWM_Init
    main.o(i.main) refers to bsp_cmd.o(i.cmd) for cmd
    main.o(i.main) refers to main.o(.data) for .data
    main.o(i.main) refers to main.o(.bss) for .bss
    gpio.o(i.MX_GPIO_Init) refers to memseta.o(.text) for __aeabi_memclr4
    gpio.o(i.MX_GPIO_Init) refers to stm32f4xx_hal_gpio.o(i.HAL_GPIO_WritePin) for HAL_GPIO_WritePin
    gpio.o(i.MX_GPIO_Init) refers to stm32f4xx_hal_gpio.o(i.HAL_GPIO_Init) for HAL_GPIO_Init
    adc.o(i.HAL_ADC_MspDeInit) refers to stm32f4xx_hal_gpio.o(i.HAL_GPIO_DeInit) for HAL_GPIO_DeInit
    adc.o(i.HAL_ADC_MspDeInit) refers to stm32f4xx_hal_cortex.o(i.HAL_NVIC_DisableIRQ) for HAL_NVIC_DisableIRQ
    adc.o(i.HAL_ADC_MspInit) refers to memseta.o(.text) for __aeabi_memclr4
    adc.o(i.HAL_ADC_MspInit) refers to stm32f4xx_hal_gpio.o(i.HAL_GPIO_Init) for HAL_GPIO_Init
    adc.o(i.HAL_ADC_MspInit) refers to stm32f4xx_hal_cortex.o(i.HAL_NVIC_SetPriority) for HAL_NVIC_SetPriority
    adc.o(i.HAL_ADC_MspInit) refers to stm32f4xx_hal_cortex.o(i.HAL_NVIC_EnableIRQ) for HAL_NVIC_EnableIRQ
    adc.o(i.MX_ADC1_Init) refers to memseta.o(.text) for __aeabi_memclr4
    adc.o(i.MX_ADC1_Init) refers to stm32f4xx_hal_adc.o(i.HAL_ADC_Init) for HAL_ADC_Init
    adc.o(i.MX_ADC1_Init) refers to main.o(i.Error_Handler) for Error_Handler
    adc.o(i.MX_ADC1_Init) refers to stm32f4xx_hal_adc.o(i.HAL_ADC_ConfigChannel) for HAL_ADC_ConfigChannel
    adc.o(i.MX_ADC1_Init) refers to stm32f4xx_hal_adc_ex.o(i.HAL_ADCEx_InjectedConfigChannel) for HAL_ADCEx_InjectedConfigChannel
    adc.o(i.MX_ADC1_Init) refers to adc.o(.bss) for .bss
    i2c.o(i.HAL_I2C_MspDeInit) refers to stm32f4xx_hal_gpio.o(i.HAL_GPIO_DeInit) for HAL_GPIO_DeInit
    i2c.o(i.HAL_I2C_MspInit) refers to memseta.o(.text) for __aeabi_memclr4
    i2c.o(i.HAL_I2C_MspInit) refers to stm32f4xx_hal_gpio.o(i.HAL_GPIO_Init) for HAL_GPIO_Init
[...]
    i.Clarke_Inv_Transform                   0x08001034   Section        0  bsp_foc.o(i.Clarke_Inv_Transform)
    Clarke_Inv_Transform                     0x08001035   Thumb Code    70  bsp_foc.o(i.Clarke_Inv_Transform)
    i.Clarke_Transform                       0x08001080   Section        0  bsp_foc.o(i.Clarke_Transform)
    Clarke_Transform                         0x08001081   Thumb Code    34  bsp_foc.o(i.Clarke_Transform)
    i.DWT_Init                               0x080010ac   Section        0  bsp_dwt.o(i.DWT_Init)
    i.DebugMon_Handler                       0x080010f4   Section        0  stm32f4xx_it.o(i.DebugMon_Handler)
    i.Error_Handler                          0x080010f6   Section        0  main.o(i.Error_Handler)
    i.Foc_Svpwm                              0x080010fc   Section        0  bsp_foc.o(i.Foc_Svpwm)
    i.Get_ADC_Current                        0x080012c0   Section        0  bsp_adc.o(i.Get_ADC_Current)
    i.Get_Elec_Angle                         0x08001344   Section        0  bsp_foc.o(i.Get_Elec_Angle)
    i.HAL_ADCEx_InjectedConfigChannel        0x080013c8   Section        0  stm32f4xx_hal_adc_ex.o(i.HAL_ADCEx_InjectedConfigChannel)
    i.HAL_ADCEx_InjectedConvCpltCallback     0x08001584   Section        0  bsp_adc.o(i.HAL_ADCEx_InjectedConvCpltCallback)
    i.HAL_ADCEx_InjectedGetValue             0x080015dc   Section        0  stm32f4xx_hal_adc_ex.o(i.HAL_ADCEx_InjectedGetValue)
    i.HAL_ADCEx_InjectedStart                0x08001618   Section        0  stm32f4xx_hal_adc_ex.o(i.HAL_ADCEx_InjectedStart)
    i.HAL_ADCEx_InjectedStart_IT             0x080016f4   Section        0  stm32f4xx_hal_adc_ex.o(i.HAL_ADCEx_InjectedStart_IT)
    i.HAL_ADCEx_InjectedStop_IT              0x080017d8   Section        0  stm32f4xx_hal_adc_ex.o(i.HAL_ADCEx_InjectedStop_IT)
    i.HAL_ADC_ConfigChannel                  0x08001838   Section        0  stm32f4xx_hal_adc.o(i.HAL_ADC_ConfigChannel)
    i.HAL_ADC_ConvCpltCallback               0x08001984   Section        0  stm32f4xx_hal_adc.o(i.HAL_ADC_ConvCpltCallback)
    i.HAL_ADC_ErrorCallback                  0x08001986   Section        0  stm32f4xx_hal_adc.o(i.HAL_ADC_ErrorCallback)
    i.HAL_ADC_IRQHandler                     0x08001988   Section        0  stm32f4xx_hal_adc.o(i.HAL_ADC_IRQHandler)
    i.HAL_ADC_Init                           0x08001ab6   Section        0  stm32f4xx_hal_adc.o(i.HAL_ADC_Init)
    i.HAL_ADC_LevelOutOfWindowCallback       0x08001b0a   Section        0  stm32f4xx_hal_adc.o(i.HAL_ADC_LevelOutOfWindowCallback)
    i.HAL_ADC_MspInit                        0x08001b0c   Section        0  adc.o(i.HAL_ADC_MspInit)
    i.HAL_DMA_Abort                          0x08001b7c   Section        0  stm32f4xx_hal_dma.o(i.HAL_DMA_Abort)
    i.HAL_DMA_Abort_IT                       0x08001c0e   Section        0  stm32f4xx_hal_dma.o(i.HAL_DMA_Abort_IT)
    i.HAL_Delay                              0x08001c34   Section        0  stm32f4xx_hal.o(i.HAL_Delay)
    i.HAL_GPIO_Init                          0x08001c58   Section        0  stm32f4xx_hal_gpio.o(i.HAL_GPIO_Init)
    i.HAL_GPIO_WritePin                      0x08001e48   Section        0  stm32f4xx_hal_gpio.o(i.HAL_GPIO_WritePin)
    i.HAL_GetTick                            0x08001e54   Section        0  stm32f4xx_hal.o(i.HAL_GetTick)
    i.HAL_I2C_Init                           0x08001e60   Section        0  stm32f4xx_hal_i2c.o(i.HAL_I2C_Init)
    i.HAL_I2C_Master_Receive                 0x08001fe8   Section        0  stm32f4xx_hal_i2c.o(i.HAL_I2C_Master_Receive)
    i.HAL_I2C_Master_Transmit                0x080021c8   Section        0  stm32f4xx_hal_i2c.o(i.HAL_I2C_Master_Transmit)
    i.HAL_I2C_MspInit                        0x080022f4   Section        0  i2c.o(i.HAL_I2C_MspInit)
    i.HAL_IncTick                            0x0800235c   Section        0  stm32f4xx_hal.o(i.HAL_IncTick)
    i.HAL_Init                               0x0800236c   Section        0  stm32f4xx_hal.o(i.HAL_Init)
    i.HAL_InitTick                           0x080023a0   Section        0  stm32f4xx_hal.o(i.HAL_InitTick)
    i.HAL_MspInit                            0x080023e0   Section        0  stm32f4xx_hal_msp.o(i.HAL_MspInit)
    i.HAL_NVIC_EnableIRQ                     0x08002410   Section        0  stm32f4xx_hal_cortex.o(i.HAL_NVIC_EnableIRQ)
    i.HAL_NVIC_SetPriority                   0x0800242c   Section        0  stm32f4xx_hal_cortex.o(i.HAL_NVIC_SetPriority)
    i.HAL_NVIC_SetPriorityGrouping           0x0800246c   Section        0  stm32f4xx_hal_cortex.o(i.HAL_NVIC_SetPriorityGrouping)
    i.HAL_RCC_ClockConfig                    0x08002490   Section        0  stm32f4xx_hal_rcc.o(i.HAL_RCC_ClockConfig)
    i.HAL_RCC_GetPCLK1Freq                   0x080025c4   Section        0  stm32f4xx_hal_rcc.o(i.HAL_RCC_GetPCLK1Freq)
    i.HAL_RCC_GetPCLK2Freq                   0x080025e4   Section        0  stm32f4xx_hal_rcc.o(i.HAL_RCC_GetPCLK2Freq)
    i.HAL_RCC_GetSysClockFreq                0x08002604   Section        0  stm32f4xx_hal_rcc.o(i.HAL_RCC_GetSysClockFreq)
    i.HAL_RCC_OscConfig                      0x08002664   Section        0  stm32f4xx_hal_rcc.o(i.HAL_RCC_OscConfig)
    i.HAL_SYSTICK_Config                     0x080029d0   Section        0  stm32f4xx_hal_cortex.o(i.HAL_SYSTICK_Config)
    i.HAL_TIMEx_BreakCallback                0x080029f8   Section        0  stm32f4xx_hal_tim_ex.o(i.HAL_TIMEx_BreakCallback)
    i.HAL_TIMEx_CommutCallback               0x080029fa   Section        0  stm32f4xx_hal_tim_ex.o(i.HAL_TIMEx_CommutCallback)
    i.HAL_TIMEx_ConfigBreakDeadTime          0x080029fc   Section        0  stm32f4xx_hal_tim_ex.o(i.HAL_TIMEx_ConfigBreakDeadTime)
    i.HAL_TIMEx_MasterConfigSynchronization  0x08002a50   Section        0  stm32f4xx_hal_tim_ex.o(i.HAL_TIMEx_MasterConfigSynchronization)
    i.HAL_TIMEx_PWMN_Start                   0x08002ae0   Section        0  stm32f4xx_hal_tim_ex.o(i.HAL_TIMEx_PWMN_Start)
    i.HAL_TIM_Base_Init                      0x08002ba0   Section        0  stm32f4xx_hal_tim.o(i.HAL_TIM_Base_Init)
    i.HAL_TIM_Base_MspInit                   0x08002bfc   Section        0  tim.o(i.HAL_TIM_Base_MspInit)
    i.HAL_TIM_Base_Start_IT                  0x08002c64   Section        0  stm32f4xx_hal_tim.o(i.HAL_TIM_Base_Start_IT)
    i.HAL_TIM_ConfigClockSource              0x08002ce4   Section        0  stm32f4xx_hal_tim.o(i.HAL_TIM_ConfigClockSource)
    i.HAL_TIM_IC_CaptureCallback             0x08002dc0   Section        0  stm32f4xx_hal_tim.o(i.HAL_TIM_IC_CaptureCallback)
    i.HAL_TIM_IRQHandler                     0x08002dc2   Section        0  stm32f4xx_hal_tim.o(i.HAL_TIM_IRQHandler)
    i.HAL_TIM_MspPostInit                    0x08002f28   Section        0  tim.o(i.HAL_TIM_MspPostInit)
    i.HAL_TIM_OC_DelayElapsedCallback        0x08002fdc   Section        0  stm32f4xx_hal_tim.o(i.HAL_TIM_OC_DelayElapsedCallback)
    i.HAL_TIM_PWM_ConfigChannel              0x08002fde   Section        0  stm32f4xx_hal_tim.o(i.HAL_TIM_PWM_ConfigChannel)
    i.HAL_TIM_PWM_Init                       0x080030aa   Section        0  stm32f4xx_hal_tim.o(i.HAL_TIM_PWM_Init)
    i.HAL_TIM_PWM_MspInit                    0x08003104   Section        0  stm32f4xx_hal_tim.o(i.HAL_TIM_PWM_MspInit)
    i.HAL_TIM_PWM_PulseFinishedCallback      0x08003106   Section        0  stm32f4xx_hal_tim.o(i.HAL_TIM_PWM_PulseFinishedCallback)
    i.HAL_TIM_PWM_Start                      0x08003108   Section        0  stm32f4xx_hal_tim.o(i.HAL_TIM_PWM_Start)
    i.HAL_TIM_PeriodElapsedCallback          0x080031d0   Section        0  bsp_foc.o(i.HAL_TIM_PeriodElapsedCallback)
    i.HAL_TIM_TriggerCallback                0x0800322c   Section        0  stm32f4xx_hal_tim.o(i.HAL_TIM_TriggerCallback)
    i.HAL_UARTEx_RxEventCallback             0x0800322e   Section        0  stm32f4xx_hal_uart.o(i.HAL_UARTEx_RxEventCallback)
    i.HAL_UART_ErrorCallback                 0x08003230   Section        0  stm32f4xx_hal_uart.o(i.HAL_UART_ErrorCallback)
    i.HAL_UART_IRQHandler                    0x08003234   Section        0  stm32f4xx_hal_uart.o(i.HAL_UART_IRQHandler)
    i.HAL_UART_Init                          0x0800349c   Section        0  stm32f4xx_hal_uart.o(i.HAL_UART_Init)
    i.HAL_UART_MspInit                       0x08003500   Section        0  usart.o(i.HAL_UART_MspInit)
    i.HAL_UART_Receive_IT                    0x0800357c   Section        0  stm32f4xx_hal_uart.o(i.HAL_UART_Receive_IT)
    i.HAL_UART_RxCpltCallback                0x080035a8   Section        0  bsp_usart.o(i.HAL_UART_RxCpltCallback)
    i.HAL_UART_Transmit                      0x080035f4   Section        0  stm32f4xx_hal_uart.o(i.HAL_UART_Transmit)
    i.HAL_UART_TxCpltCallback                0x080036a6   Section        0  stm32f4xx_hal_uart.o(i.HAL_UART_TxCpltCallback)
    i.HardFault_Handler                      0x080036a8   Section        0  stm32f4xx_it.o(i.HardFault_Handler)
    i.I2C_IsAcknowledgeFailed                0x080036aa   Section        0  stm32f4xx_hal_i2c.o(i.I2C_IsAcknowledgeFailed)
    I2C_IsAcknowledgeFailed                  0x080036ab   Thumb Code    46  stm32f4xx_hal_i2c.o(i.I2C_IsAcknowledgeFailed)
    i.I2C_MasterRequestRead                  0x080036d8   Section        0  stm32f4xx_hal_i2c.o(i.I2C_MasterRequestRead)
    I2C_MasterRequestRead                    0x080036d9   Thumb Code   230  stm32f4xx_hal_i2c.o(i.I2C_MasterRequestRead)
    i.I2C_MasterRequestWrite                 0x080037c4   Section        0  stm32f4xx_hal_i2c.o(i.I2C_MasterRequestWrite)
    I2C_MasterRequestWrite                   0x080037c5   Thumb Code   150  stm32f4xx_hal_i2c.o(i.I2C_MasterRequestWrite)
    i.I2C_WaitOnBTFFlagUntilTimeout          0x08003860   Section        0  stm32f4xx_hal_i2c.o(i.I2C_WaitOnBTFFlagUntilTimeout)
    I2C_WaitOnBTFFlagUntilTimeout            0x08003861   Thumb Code    76  stm32f4xx_hal_i2c.o(i.I2C_WaitOnBTFFlagUntilTimeout)
    i.I2C_WaitOnFlagUntilTimeout             0x080038ac   Section        0  stm32f4xx_hal_i2c.o(i.I2C_WaitOnFlagUntilTimeout)
    I2C_WaitOnFlagUntilTimeout               0x080038ad   Thumb Code   104  stm32f4xx_hal_i2c.o(i.I2C_WaitOnFlagUntilTimeout)
    i.I2C_WaitOnMasterAddressFlagUntilTimeout 0x08003914   Section        0  stm32f4xx_hal_i2c.o(i.I2C_WaitOnMasterAddressFlagUntilTimeout)
    I2C_WaitOnMasterAddressFlagUntilTimeout  0x08003915   Thumb Code   150  stm32f4xx_hal_i2c.o(i.I2C_WaitOnMasterAddressFlagUntilTimeout)
    i.I2C_WaitOnRXNEFlagUntilTimeout         0x080039aa   Section        0  stm32f4xx_hal_i2c.o(i.I2C_WaitOnRXNEFlagUntilTimeout)
    I2C_WaitOnRXNEFlagUntilTimeout           0x080039ab   Thumb Code   102  stm32f4xx_hal_i2c.o(i.I2C_WaitOnRXNEFlagUntilTimeout)
    i.I2C_WaitOnTXEFlagUntilTimeout          0x08003a10   Section        0  stm32f4xx_hal_i2c.o(i.I2C_WaitOnTXEFlagUntilTimeout)
    I2C_WaitOnTXEFlagUntilTimeout            0x08003a11   Thumb Code    76  stm32f4xx_hal_i2c.o(i.I2C_WaitOnTXEFlagUntilTimeout)
    i.Limit_up_and_down                      0x08003a5c   Section        0  bsp_foc.o(i.Limit_up_and_down)
    i.MX_ADC1_Init                           0x08003a7c   Section        0  adc.o(i.MX_ADC1_Init)
    i.MX_GPIO_Init                           0x08003b3c   Section        0  gpio.o(i.MX_GPIO_Init)
    i.MX_I2C1_Init                           0x08003bb8   Section        0  i2c.o(i.MX_I2C1_Init)
    i.MX_TIM1_Init                           0x08003bf8   Section        0  tim.o(i.MX_TIM1_Init)
    i.MX_TIM6_Init                           0x08003d08   Section        0  tim.o(i.MX_TIM6_Init)
    i.MX_USART1_UART_Init                    0x08003d50   Section        0  usart.o(i.MX_USART1_UART_Init)
    i.MemManage_Handler                      0x08003d88   Section        0  stm32f4xx_it.o(i.MemManage_Handler)
    i.NMI_Handler                            0x08003d8a   Section        0  stm32f4xx_it.o(i.NMI_Handler)
    i.Park_Inv_Transform                     0x08003d8c   Section        0  bsp_foc.o(i.Park_Inv_Transform)
    Park_Inv_Transform                       0x08003d8d   Thumb Code    54  bsp_foc.o(i.Park_Inv_Transform)
    i.Park_Transform                         0x08003dc2   Section        0  bsp_foc.o(i.Park_Transform)
    Park_Transform                           0x08003dc3   Thumb Code    70  bsp_foc.o(i.Park_Transform)
    i.PendSV_Handler                         0x08003e08   Section        0  stm32f4xx_it.o(i.PendSV_Handler)
    i.SVC_Handler                            0x08003e0a   Section        0  stm32f4xx_it.o(i.SVC_Handler)
    i.SVPWM_Control                          0x08003e0c   Section        0  bsp_foc.o(i.SVPWM_Control)
    i.Set_SPWM                               0x08003e38   Section        0  bsp_foc.o(i.Set_SPWM)
    i.Start_Up                               0x08003ed4   Section        0  bsp_foc.o(i.Start_Up)
    i.SysTick_Handler                        0x08003f44   Section        0  stm32f4xx_it.o(i.SysTick_Handler)
    i.SystemClock_Config                     0x08003f48   Section        0  main.o(i.SystemClock_Config)
    i.SystemInit                             0x08003fdc   Section        0  system_stm32f4xx.o(i.SystemInit)
    i.TIM1_PWM_Init                          0x08003fec   Section        0  bsp_foc.o(i.TIM1_PWM_Init)
    i.TIM1_UP_TIM10_IRQHandler               0x08004064   Section        0  stm32f4xx_it.o(i.TIM1_UP_TIM10_IRQHandler)
    i.TIM6_DAC_IRQHandler                    0x08004070   Section        0  stm32f4xx_it.o(i.TIM6_DAC_IRQHandler)
    i.TIM_Base_SetConfig                     0x0800407c   Section        0  stm32f4xx_hal_tim.o(i.TIM_Base_SetConfig)
    i.TIM_CCxChannelCmd                      0x08004144   Section        0  stm32f4xx_hal_tim.o(i.TIM_CCxChannelCmd)
    i.TIM_CCxNChannelCmd                     0x0800415e   Section        0  stm32f4xx_hal_tim_ex.o(i.TIM_CCxNChannelCmd)
    TIM_CCxNChannelCmd                       0x0800415f   Thumb Code    26  stm32f4xx_hal_tim_ex.o(i.TIM_CCxNChannelCmd)
    i.TIM_ETR_SetConfig                      0x08004178   Section        0  stm32f4xx_hal_tim.o(i.TIM_ETR_SetConfig)
    i.TIM_ITRx_SetConfig                     0x0800418c   Section        0  stm32f4xx_hal_tim.o(i.TIM_ITRx_SetConfig)
    TIM_ITRx_SetConfig                       0x0800418d   Thumb Code    16  stm32f4xx_hal_tim.o(i.TIM_ITRx_SetConfig)
    i.TIM_OC1_SetConfig                      0x0800419c   Section        0  stm32f4xx_hal_tim.o(i.TIM_OC1_SetConfig)
    TIM_OC1_SetConfig                        0x0800419d   Thumb Code    88  stm32f4xx_hal_tim.o(i.TIM_OC1_SetConfig)
    i.TIM_OC2_SetConfig                      0x080041fc   Section        0  stm32f4xx_hal_tim.o(i.TIM_OC2_SetConfig)
    i.TIM_OC3_SetConfig                      0x08004268   Section        0  stm32f4xx_hal_tim.o(i.TIM_OC3_SetConfig)
    TIM_OC3_SetConfig                        0x08004269   Thumb Code    96  stm32f4xx_hal_tim.o(i.TIM_OC3_SetConfig)
    i.TIM_OC4_SetConfig                      0x080042d0   Section        0  stm32f4xx_hal_tim.o(i.TIM_OC4_SetConfig)
    TIM_OC4_SetConfig                        0x080042d1   Thumb Code    70  stm32f4xx_hal_tim.o(i.TIM_OC4_SetConfig)
    i.TIM_TI1_ConfigInputStage               0x08004320   Section        0  stm32f4xx_hal_tim.o(i.TIM_TI1_ConfigInputStage)
    TIM_TI1_ConfigInputStage                 0x08004321   Thumb Code    34  stm32f4xx_hal_tim.o(i.TIM_TI1_ConfigInputStage)
    i.TIM_TI2_ConfigInputStage               0x08004342   Section        0  stm32f4xx_hal_tim.o(i.TIM_TI2_ConfigInputStage)
    TIM_TI2_ConfigInputStage                 0x08004343   Thumb Code    36  stm32f4xx_hal_tim.o(i.TIM_TI2_ConfigInputStage)
    i.UART_DMAAbortOnError                   0x08004366   Section        0  stm32f4xx_hal_uart.o(i.UART_DMAAbortOnError)
    UART_DMAAbortOnError                     0x08004367   Thumb Code    16  stm32f4xx_hal_uart.o(i.UART_DMAAbortOnError)
    i.UART_EndRxTransfer                     0x08004376   Section        0  stm32f4xx_hal_uart.o(i.UART_EndRxTransfer)
    UART_EndRxTransfer                       0x08004377   Thumb Code    78  stm32f4xx_hal_uart.o(i.UART_EndRxTransfer)
    i.UART_Receive_IT                        0x080043c4   Section        0  stm32f4xx_hal_uart.o(i.UART_Receive_IT)
    UART_Receive_IT                          0x080043c5   Thumb Code   192  stm32f4xx_hal_uart.o(i.UART_Receive_IT)
    i.UART_SetConfig                         0x08004484   Section        0  stm32f4xx_hal_uart.o(i.UART_SetConfig)
    UART_SetConfig                           0x08004485   Thumb Code   258  stm32f4xx_hal_uart.o(i.UART_SetConfig)
    i.UART_Start_Receive_IT                  0x08004590   Section        0  stm32f4xx_hal_uart.o(i.UART_Start_Receive_IT)
    i.UART_WaitOnFlagUntilTimeout            0x080045ca   Section        0  stm32f4xx_hal_uart.o(i.UART_WaitOnFlagUntilTimeout)
    UART_WaitOnFlagUntilTimeout              0x080045cb   Thumb Code   120  stm32f4xx_hal_uart.o(i.UART_WaitOnFlagUntilTimeout)
    i.USART1_IRQHandler                      0x08004644   Section        0  stm32f4xx_it.o(i.USART1_IRQHandler)
    i.USART_Init                             0x08004650   Section        0  bsp_usart.o(i.USART_Init)
    i.UsageFault_Handler                     0x08004664   Section        0  stm32f4xx_it.o(i.UsageFault_Handler)
    i.__0printf                              0x08004668   Section        0  printfa.o(i.__0printf)
    i.__NVIC_SetPriority                     0x08004688   Section        0  stm32f4xx_hal_cortex.o(i.__NVIC_SetPriority)
    __NVIC_SetPriority                       0x08004689   Thumb Code    32  stm32f4xx_hal_cortex.o(i.__NVIC_SetPriority)
    i.__hardfp_atof                          0x080046a8   Section        0  atof.o(i.__hardfp_atof)
    i.__hardfp_fmod                          0x080046e0   Section        0  fmod.o(i.__hardfp_fmod)
    i.__mathlib_dbl_invalid                  0x080047e8   Section        0  dunder.o(i.__mathlib_dbl_invalid)
    i.__read_errno                           0x08004808   Section        0  errno.o(i.__read_errno)
    i.__scatterload_copy                     0x08004814   Section       14  handlers.o(i.__scatterload_copy)
    i.__scatterload_null                     0x08004822   Section        2  handlers.o(i.__scatterload_null)
    i.__scatterload_zeroinit                 0x08004824   Section       14  handlers.o(i.__scatterload_zeroinit)
    i.__set_errno                            0x08004834   Section        0  errno.o(i.__set_errno)
    i._fp_digits                             0x08004840   Section        0  printfa.o(i._fp_digits)
    _fp_digits                               0x08004841   Thumb Code   366  printfa.o(i._fp_digits)
    i._is_digit                              0x080049c4   Section        0  scanf_fp.o(i._is_digit)
    i._printf_core                           0x080049d4   Section        0  printfa.o(i._printf_core)
    _printf_core                             0x080049d5   Thumb Code  1704  printfa.o(i._printf_core)
    i._printf_post_padding                   0x08005088   Section        0  printfa.o(i._printf_post_padding)
    _printf_post_padding                     0x08005089   Thumb Code    36  printfa.o(i._printf_post_padding)
    i._printf_pre_padding                    0x080050ac   Section        0  printfa.o(i._printf_pre_padding)
    _printf_pre_padding                      0x080050ad   Thumb Code    46  printfa.o(i._printf_pre_padding)
    i.bsp_as5600GetAngle                     0x080050dc   Section        0  bsp_as5600.o(i.bsp_as5600GetAngle)
    i.bsp_as5600GetRawAngle                  0x080051a8   Section        0  bsp_as5600.o(i.bsp_as5600GetRawAngle)
    i.bsp_as5600Init                         0x080051e0   Section        0  bsp_as5600.o(i.bsp_as5600Init)
    i.cmd                                    0x08005208   Section        0  bsp_cmd.o(i.cmd)
    i.debug_off                              0x0800537c   Section        0  bsp_cmd.o(i.debug_off)
    i.debug_on                               0x080053b4   Section        0  bsp_cmd.o(i.debug_on)
    i.fputc                                  0x080053ec   Section        0  bsp_usart.o(i.fputc)
    i.help                                   0x08005404   Section        0  bsp_cmd.o(i.help)
    i.main                                   0x08005694   Section        0  main.o(i.main)
    i.reboot                                 0x080056f8   Section        0  bsp_cmd.o(i.reboot)
    i.set_speed                              0x08005714   Section        0  bsp_cmd.o(i.set_speed)
    i.show_encoder                           0x080057c4   Section        0  bsp_cmd.o(i.show_encoder)
    i.split                                  0x0800581c   Section        0  bsp_cmd.o(i.split)
    .constdata                               0x08005862   Section       16  system_stm32f4xx.o(.constdata)
    .constdata                               0x08005872   Section        8  system_stm32f4xx.o(.constdata)
    .constdata                               0x0800587a   Section       64  ctype_c.o(.constdata)
    .conststring                             0x080058bc   Section      150  bsp_cmd.o(.conststring)
    .data                                    0x20000000   Section        4  main.o(.data)
    .data                                    0x20000004   Section       12  stm32f4xx_hal.o(.data)
    .data                                    0x20000010   Section        4  system_stm32f4xx.o(.data)
    .data                                    0x20000014   Section        4  bsp_adc.o(.data)
    .data                                    0x20000018   Section        8  bsp_as5600.o(.data)
    angle_data_prev                          0x20000018   Data           4  bsp_as5600.o(.data)
    full_rotation_offset                     0x2000001c   Data           4  bsp_as5600.o(.data)
    .data                                    0x20000020   Section       64  bsp_dwt.o(.data)
    CPU_FREQ_Hz                              0x20000020   Data           4  bsp_dwt.o(.data)
    CPU_FREQ_Hz_ms                           0x20000024   Data           4  bsp_dwt.o(.data)
    CPU_FREQ_Hz_us                           0x20000028   Data           4  bsp_dwt.o(.data)
    CYCCNT_RountCount                        0x2000002c   Data           4  bsp_dwt.o(.data)
    CYCCNT_LAST                              0x20000030   Data           4  bsp_dwt.o(.data)
    CNT_TEMP1                                0x20000038   Data           8  bsp_dwt.o(.data)
    CNT_TEMP2                                0x20000040   Data           8  bsp_dwt.o(.data)
    CNT_TEMP3                                0x20000048   Data           8  bsp_dwt.o(.data)
    .data                                    0x20000060   Section       24  bsp_foc.o(.data)
    .data                                    0x20000078   Section        2  bsp_usart.o(.data)
    .data                                    0x2000007c   Section        8  bsp_cmd.o(.data)
    .data                                    0x20000084   Section        4  strtok.o(.data)
    state                                    0x20000084   Data           4  strtok.o(.data)
    .data                                    0x20000088   Section        4  stdout.o(.data)
    .data                                    0x2000008c   Section        4  errno.o(.data)
    _errno                                   0x2000008c   Data           4  errno.o(.data)
    .bss                                     0x20000090   Section      172  main.o(.bss)
    .bss                                     0x2000013c   Section       72  adc.o(.bss)
    .bss                                     0x20000184   Section       84  i2c.o(.bss)
    .bss                                     0x200001d8   Section      144  tim.o(.bss)
    .bss                                     0x20000268   Section       68  usart.o(.bss)
    .bss                                     0x200002ac   Section       76  bsp_adc.o(.bss)
    .bss                                     0x200002f8   Section       50  bsp_cmd.o(.bss)
    STACK                                    0x20000330   Section     1024  startup_stm32f407xx.o(STACK)

    Global Symbols

    Symbol Name                              Value     Ov Type        Size  Object(Section)

    BuildAttributes$$THM_ISAv4$E$P$D$K$B$S$7EM$VFPi3$EXTD16$VFPS$VFMA$PE$A:L22UL41UL21$X:L11$S22US41US21$IEEE1$IW$USESV6$~STKCKD$USESV7$~SHL$OTIME$ROPI$IEEEX$EBA8$MICROLIB$REQ8$PRES8$EABIv2 0x00000000   Number         0  anon$$obj.o ABSOLUTE
    __ARM_use_no_argv                        0x00000000   Number         0  main.o ABSOLUTE
    _printf_a                                0x00000000   Number         0  stubs.o ABSOLUTE
    _printf_c                                0x00000000   Number         0  stubs.o ABSOLUTE
    _printf_charcount                        0x00000000   Number         0  stubs.o ABSOLUTE
    _printf_d                                0x00000000   Number         0  stubs.o ABSOLUTE
    _printf_e                                0x00000000   Number         0  stubs.o ABSOLUTE
    _printf_f                                0x00000000   Number         0  stubs.o ABSOLUTE
    _printf_flags                            0x00000000   Number         0  stubs.o ABSOLUTE
    _printf_fp_dec                           0x00000000   Number         0  stubs.o ABSOLUTE
    _printf_fp_hex                           0x00000000   Number         0  stubs.o ABSOLUTE
    _printf_g                                0x00000000   Number         0  stubs.o ABSOLUTE
    _printf_i                                0x00000000   Number         0  stubs.o ABSOLUTE
    _printf_int_dec                          0x00000000   Number         0  stubs.o ABSOLUTE
    _printf_l                                0x00000000   Number         0  stubs.o ABSOLUTE
    _printf_lc                               0x00000000   Number         0  stubs.o ABSOLUTE
    _printf_ll                               0x00000000   Number         0  stubs.o ABSOLUTE
    _printf_lld                              0x00000000   Number         0  stubs.o ABSOLUTE
    _printf_lli                              0x00000000   Number         0  stubs.o ABSOLUTE
    _printf_llo                              0x00000000   Number         0  stubs.o ABSOLUTE
    _printf_llu                              0x00000000   Number         0  stubs.o ABSOLUTE
    _printf_llx                              0x00000000   Number         0  stubs.o ABSOLUTE
    _printf_longlong_dec                     0x00000000   Number         0  stubs.o ABSOLUTE
    _printf_longlong_hex                     0x00000000   Number         0  stubs.o ABSOLUTE
    _printf_longlong_oct                     0x00000000   Number         0  stubs.o ABSOLUTE
    _printf_ls                               0x00000000   Number         0  stubs.o ABSOLUTE
    _printf_mbtowc                           0x00000000   Number         0  stubs.o ABSOLUTE
    _printf_n                                0x00000000   Number         0  stubs.o ABSOLUTE
    _printf_o                                0x00000000   Number         0  stubs.o ABSOLUTE
    _printf_p                                0x00000000   Number         0  stubs.o ABSOLUTE
    _printf_percent                          0x00000000   Number         0  stubs.o ABSOLUTE
    _printf_pre_padding                      0x00000000   Number         0  stubs.o ABSOLUTE
    _printf_return_value                     0x00000000   Number         0  stubs.o ABSOLUTE
    _printf_s                                0x00000000   Number         0  stubs.o ABSOLUTE
    _printf_sizespec                         0x00000000   Number         0  stubs.o ABSOLUTE
    _printf_str                              0x00000000   Number         0  stubs.o ABSOLUTE
    _printf_truncate_signed                  0x00000000   Number         0  stubs.o ABSOLUTE
    _printf_truncate_unsigned                0x00000000   Number         0  stubs.o ABSOLUTE
    _printf_u                                0x00000000   Number         0  stubs.o ABSOLUTE
    _printf_wc                               0x00000000   Number         0  stubs.o ABSOLUTE
    _printf_wctomb                           0x00000000   Number         0  stubs.o ABSOLUTE
    _printf_widthprec                        0x00000000   Number         0  stubs.o ABSOLUTE
    _printf_x                                0x00000000   Number         0  stubs.o ABSOLUTE
    __arm_fini_                               - Undefined Weak Reference
    __cpp_initialize__aeabi_                  - Undefined Weak Reference
    __cxa_finalize                            - Undefined Weak Reference
    __decompress                              - Undefined Weak Reference
    _clock_init                               - Undefined Weak Reference
    _microlib_exit                            - Undefined Weak Reference
    __Vectors_Size                           0x00000188   Number         0  startup_stm32f407xx.o ABSOLUTE
    __Vectors                                0x08000000   Data           4  startup_stm32f407xx.o(RESET)
    __Vectors_End                            0x08000188   Data           0  startup_stm32f407xx.o(RESET)
    __main                                   0x08000189   Thumb Code     0  entry.o(.ARM.Collect$$$$00000000)
    _main_stk                                0x08000189   Thumb Code     0  entry2.o(.ARM.Collect$$$$00000001)
    _main_scatterload                        0x0800018d   Thumb Code     0  entry5.o(.ARM.Collect$$$$00000004)
    __main_after_scatterload                 0x08000191   Thumb Code     0  entry5.o(.ARM.Collect$$$$00000004)
    _main_clock                              0x08000191   Thumb Code     0  entry7b.o(.ARM.Collect$$$$00000008)
    _main_cpp_init                           0x08000191   Thumb Code     0  entry8b.o(.ARM.Collect$$$$0000000A)
    _main_init                               0x08000191   Thumb Code     0  entry9a.o(.ARM.Collect$$$$0000000B)
    __rt_lib_shutdown_fini                   0x08000199   Thumb Code     0  entry12b.o(.ARM.Collect$$$$0000000E)
    __rt_final_cpp                           0x0800019d   Thumb Code     0  entry10a.o(.ARM.Collect$$$$0000000F)
    __rt_final_exit                          0x0800019d   Thumb Code     0  entry11a.o(.ARM.Collect$$$$00000011)
    Reset_Handler                            0x080001a1   Thumb Code     8  startup_stm32f407xx.o(.text)
    CAN1_RX0_IRQHandler                      0x080001bb   Thumb Code     0  startup_stm32f407xx.o(.text)
    CAN1_RX1_IRQHandler                      0x080001bb   Thumb Code     0  startup_stm32f407xx.o(.text)
    CAN1_SCE_IRQHandler                      0x080001bb   Thumb Code     0  startup_stm32f407xx.o(.text)
    CAN1_TX_IRQHandler                       0x080001bb   Thumb Code     0  startup_stm32f407xx.o(.text)
    CAN2_RX0_IRQHandler                      0x080001bb   Thumb Code     0  startup_stm32f407xx.o(.text)
    CAN2_RX1_IRQHandler                      0x080001bb   Thumb Code     0  startup_stm32f407xx.o(.text)
    CAN2_SCE_IRQHandler                      0x080001bb   Thumb Code     0  startup_stm32f407xx.o(.text)
    CAN2_TX_IRQHandler                       0x080001bb   Thumb Code     0  startup_stm32f407xx.o(.text)
    DCMI_IRQHandler                          0x080001bb   Thumb Code     0  startup_stm32f407xx.o(.text)
    DMA1_Stream0_IRQHandler                  0x080001bb   Thumb Code     0  startup_stm32f407xx.o(.text)
    DMA1_Stream1_IRQHandler                  0x080001bb   Thumb Code     0  startup_stm32f407xx.o(.text)
    DMA1_Stream2_IRQHandler                  0x080001bb   Thumb Code     0  startup_stm32f407xx.o(.text)
    DMA1_Stream3_IRQHandler                  0x080001bb   Thumb Code     0  startup_stm32f407xx.o(.text)
    DMA1_Stream4_IRQHandler                  0x080001bb   Thumb Code     0  startup_stm32f407xx.o(.text)
    DMA1_Stream5_IRQHandler                  0x080001bb   Thumb Code     0  startup_stm32f407xx.o(.text)
    DMA1_Stream6_IRQHandler                  0x080001bb   Thumb Code     0  startup_stm32f407xx.o(.text)
    DMA1_Stream7_IRQHandler                  0x080001bb   Thumb Code     0  startup_stm32f407xx.o(.text)
    DMA2_Stream0_IRQHandler                  0x080001bb   Thumb Code     0  startup_stm32f407xx.o(.text)
    DMA2_Stream1_IRQHandler                  0x080001bb   Thumb Code     0  startup_stm32f407xx.o(.text)
    DMA2_Stream2_IRQHandler                  0x080001bb   Thumb Code     0  startup_stm32f407xx.o(.text)
    DMA2_Stream3_IRQHandler                  0x080001bb   Thumb Code     0  startup_stm32f407xx.o(.text)
    DMA2_Stream4_IRQHandler                  0x080001bb   Thumb Code     0  startup_stm32f407xx.o(.text)
    DMA2_Stream5_IRQHandler                  0x080001bb   Thumb Code     0  startup_stm32f407xx.o(.text)
    DMA2_Stream6_IRQHandler                  0x080001bb   Thumb Code     0  startup_stm32f407xx.o(.text)
    DMA2_Stream7_IRQHandler                  0x080001bb   Thumb Code     0  startup_stm32f407xx.o(.text)
    ETH_IRQHandler                           0x080001bb   Thumb Code     0  startup_stm32f407xx.o(.text)
    ETH_WKUP_IRQHandler                      0x080001bb   Thumb Code     0  startup_stm32f407xx.o(.text)
    EXTI0_IRQHandler                         0x080001bb   Thumb Code     0  startup_stm32f407xx.o(.text)
    EXTI15_10_IRQHandler                     0x080001bb   Thumb Code     0  startup_stm32f407xx.o(.text)
    EXTI1_IRQHandler                         0x080001bb   Thumb Code     0  startup_stm32f407xx.o(.text)
    EXTI2_IRQHandler                         0x080001bb   Thumb Code     0  startup_stm32f407xx.o(.text)
    EXTI3_IRQHandler                         0x080001bb   Thumb Code     0  startup_stm32f407xx.o(.text)
    EXTI4_IRQHandler                         0x080001bb   Thumb Code     0  startup_stm32f407xx.o(.text)
    EXTI9_5_IRQHandler                       0x080001bb   Thumb Code     0  startup_stm32f407xx.o(.text)
    FLASH_IRQHandler                         0x080001bb   Thumb Code     0  startup_stm32f407xx.o(.text)
    FMC_IRQHandler                           0x080001bb   Thumb Code     0  startup_stm32f407xx.o(.text)
    FPU_IRQHandler                           0x080001bb   Thumb Code     0  startup_stm32f407xx.o(.text)
    HASH_RNG_IRQHandler                      0x080001bb   Thumb Code     0  startup_stm32f407xx.o(.text)
    I2C1_ER_IRQHandler                       0x080001bb   Thumb Code     0  startup_stm32f407xx.o(.text)
    I2C1_EV_IRQHandler                       0x080001bb   Thumb Code     0  startup_stm32f407xx.o(.text)
    I2C2_ER_IRQHandler                       0x080001bb   Thumb Code     0  startup_stm32f407xx.o(.text)
    I2C2_EV_IRQHandler                       0x080001bb   Thumb Code     0  startup_stm32f407xx.o(.text)
    I2C3_ER_IRQHandler                       0x080001bb   Thumb Code     0  startup_stm32f407xx.o(.text)
    I2C3_EV_IRQHandler                       0x080001bb   Thumb Code     0  startup_stm32f407xx.o(.text)
    OTG_FS_IRQHandler                        0x080001bb   Thumb Code     0  startup_stm32f407xx.o(.text)
    OTG_FS_WKUP_IRQHandler                   0x080001bb   Thumb Code     0  startup_stm32f407xx.o(.text)
    OTG_HS_EP1_IN_IRQHandler                 0x080001bb   Thumb Code     0  startup_stm32f407xx.o(.text)
    OTG_HS_EP1_OUT_IRQHandler                0x080001bb   Thumb Code     0  startup_stm32f407xx.o(.text)
    OTG_HS_IRQHandler                        0x080001bb   Thumb Code     0  startup_stm32f407xx.o(.text)
    OTG_HS_WKUP_IRQHandler                   0x080001bb   Thumb Code     0  startup_stm32f407xx.o(.text)
    PVD_IRQHandler                           0x080001bb   Thumb Code     0  startup_stm32f407xx.o(.text)
    RCC_IRQHandler                           0x080001bb   Thumb Code     0  startup_stm32f407xx.o(.text)
    RTC_Alarm_IRQHandler                     0x080001bb   Thumb Code     0  startup_stm32f407xx.o(.text)
    RTC_WKUP_IRQHandler                      0x080001bb   Thumb Code     0  startup_stm32f407xx.o(.text)
    SDIO_IRQHandler                          0x080001bb   Thumb Code     0  startup_stm32f407xx.o(.text)
    SPI1_IRQHandler                          0x080001bb   Thumb Code     0  startup_stm32f407xx.o(.text)
    SPI2_IRQHandler                          0x080001bb   Thumb Code     0  startup_stm32f407xx.o(.text)
    SPI3_IRQHandler                          0x080001bb   Thumb Code     0  startup_stm32f407xx.o(.text)
    TAMP_STAMP_IRQHandler                    0x080001bb   Thumb Code     0  startup_stm32f407xx.o(.text)
    TIM1_BRK_TIM9_IRQHandler                 0x080001bb   Thumb Code     0  startup_stm32f407xx.o(.text)
    TIM1_CC_IRQHandler                       0x080001bb   Thumb Code     0  startup_stm32f407xx.o(.text)
    TIM1_TRG_COM_TIM11_IRQHandler            0x080001bb   Thumb Code     0  startup_stm32f407xx.o(.text)
    TIM2_IRQHandler                          0x080001bb   Thumb Code     0  startup_stm32f407xx.o(.text)
    TIM3_IRQHandler                          0x080001bb   Thumb Code     0  startup_stm32f407xx.o(.text)
    TIM4_IRQHandler                          0x080001bb   Thumb Code     0  startup_stm32f407xx.o(.text)
    TIM5_IRQHandler                          0x080001bb   Thumb Code     0  startup_stm32f407xx.o(.text)
    TIM7_IRQHandler                          0x080001bb   Thumb Code     0  startup_stm32f407xx.o(.text)
    TIM8_BRK_TIM12_IRQHandler                0x080001bb   Thumb Code     0  startup_stm32f407xx.o(.text)
    TIM8_CC_IRQHandler                       0x080001bb   Thumb Code     0  startup_stm32f407xx.o(.text)
    TIM8_TRG_COM_TIM14_IRQHandler            0x080001bb   Thumb Code     0  startup_stm32f407xx.o(.text)
    TIM8_UP_TIM13_IRQHandler                 0x080001bb   Thumb Code     0  startup_stm32f407xx.o(.text)
    UART4_IRQHandler                         0x080001bb   Thumb Code     0  startup_stm32f407xx.o(.text)
    UART5_IRQHandler                         0x080001bb   Thumb Code     0  startup_stm32f407xx.o(.text)
    USART2_IRQHandler                        0x080001bb   Thumb Code     0  startup_stm32f407xx.o(.text)
    USART3_IRQHandler                        0x080001bb   Thumb Code     0  startup_stm32f407xx.o(.text)
    USART6_IRQHandler                        0x080001bb   Thumb Code     0  startup_stm32f407xx.o(.text)
    WWDG_IRQHandler                          0x080001bb   Thumb Code     0  startup_stm32f407xx.o(.text)
    __aeabi_uldivmod                         0x080001c5   Thumb Code    98  uldiv.o(.text)
    __aeabi_memset                           0x08000227   Thumb Code    14  memseta.o(.text)
    __aeabi_memset4                          0x08000227   Thumb Code     0  memseta.o(.text)
    __aeabi_memset8                          0x08000227   Thumb Code     0  memseta.o(.text)
    __aeabi_memclr                           0x08000235   Thumb Code     4  memseta.o(.text)
    __aeabi_memclr4                          0x08000235   Thumb Code     0  memseta.o(.text)
    __aeabi_memclr8                          0x08000235   Thumb Code     0  memseta.o(.text)
    _memset$wrapper                          0x08000239   Thumb Code    18  memseta.o(.text)
    strstr                                   0x0800024b   Thumb Code    36  strstr.o(.text)
    strlen                                   0x0800026f   Thumb Code    14  strlen.o(.text)
    strcmp                                   0x0800027d   Thumb Code    28  strcmp.o(.text)
    strtok                                   0x08000299   Thumb Code    62  strtok.o(.text)
    __aeabi_dadd                             0x080002dd   Thumb Code   322  dadd.o(.text)
    __aeabi_dsub                             0x0800041f   Thumb Code     6  dadd.o(.text)
    __aeabi_drsub                            0x08000425   Thumb Code     6  dadd.o(.text)
    __aeabi_dmul                             0x0800042b   Thumb Code   228  dmul.o(.text)
    __aeabi_ddiv                             0x0800050f   Thumb Code   222  ddiv.o(.text)
    __aeabi_d2iz                             0x080005ed   Thumb Code    62  dfixi.o(.text)
    __aeabi_f2d                              0x0800062b   Thumb Code    38  f2d.o(.text)
    __aeabi_d2f                              0x08000651   Thumb Code    56  d2f.o(.text)
    __aeabi_uidiv                            0x08000689   Thumb Code     0  uidiv.o(.text)
    __aeabi_uidivmod                         0x08000689   Thumb Code    44  uidiv.o(.text)
    __aeabi_llsl                             0x080006b5   Thumb Code    30  llshl.o(.text)
    _ll_shift_l                              0x080006b5   Thumb Code     0  llshl.o(.text)
    __aeabi_llsr                             0x080006d3   Thumb Code    32  llushr.o(.text)
    _ll_ushift_r                             0x080006d3   Thumb Code     0  llushr.o(.text)
    __aeabi_lasr                             0x080006f3   Thumb Code    36  llsshr.o(.text)
    _ll_sshift_r                             0x080006f3   Thumb Code     0  llsshr.o(.text)
    __strtod_int                             0x0800074f   Thumb Code    90  strtod.o(.text)
    __I$use$fp                               0x080007b5   Thumb Code     0  iusefp.o(.text)
    _float_round                             0x080007b5   Thumb Code    18  fepilogue.o(.text)
    _float_epilogue                          0x080007c7   Thumb Code    92  fepilogue.o(.text)
    _double_round                            0x08000823   Thumb Code    30  depilogue.o(.text)
    _double_epilogue                         0x08000841   Thumb Code   156  depilogue.o(.text)
    _drem                                    0x080008dd   Thumb Code   134  drem.o(.text)
    __aeabi_d2ulz                            0x08000963   Thumb Code    48  dfixul.o(.text)
    __aeabi_cdrcmple                         0x08000995   Thumb Code    48  cdrcmple.o(.text)
    __scatterload                            0x080009c5   Thumb Code    28  init.o(.text)
    __scatterload_rt2                        0x080009c5   Thumb Code     0  init.o(.text)
    isspace                                  0x080009e9   Thumb Code    10  isspace_c.o(.text)
    _scanf_real                              0x08000b1d   Thumb Code     0  scanf_fp.o(.text)
    _scanf_really_real                       0x08000b1d   Thumb Code   556  scanf_fp.o(.text)
    _sgetc                                   0x08000d55   Thumb Code    30  _sgetc.o(.text)
    _sbackspace                              0x08000d73   Thumb Code    34  _sgetc.o(.text)
    __ctype_lookup                           0x08000d95   Thumb Code    34  ctype_c.o(.text)
    __aeabi_ul2d                             0x08000dbd   Thumb Code    24  dfltul.o(.text)
    arm_cos_f32                              0x08000dd5   Thumb Code   152  arm_cos_f32.o(.text.arm_cos_f32)
    arm_sin_f32                              0x08000e6d   Thumb Code   144  arm_sin_f32.o(.text.arm_sin_f32)
    ADC_IRQHandler                           0x08000efd   Thumb Code     6  stm32f4xx_it.o(i.ADC_IRQHandler)
    BusFault_Handler                         0x08001031   Thumb Code     2  stm32f4xx_it.o(i.BusFault_Handler)
    DWT_Init                                 0x080010ad   Thumb Code    54  bsp_dwt.o(i.DWT_Init)
    DebugMon_Handler                         0x080010f5   Thumb Code     2  stm32f4xx_it.o(i.DebugMon_Handler)
    Error_Handler                            0x080010f7   Thumb Code     4  main.o(i.Error_Handler)
    Foc_Svpwm                                0x080010fd   Thumb Code   432  bsp_foc.o(i.Foc_Svpwm)
    Get_ADC_Current                          0x080012c1   Thumb Code   116  bsp_adc.o(i.Get_ADC_Current)
    Get_Elec_Angle                           0x08001345   Thumb Code   114  bsp_foc.o(i.Get_Elec_Angle)
    HAL_ADCEx_InjectedConfigChannel          0x080013c9   Thumb Code   428  stm32f4xx_hal_adc_ex.o(i.HAL_ADCEx_InjectedConfigChannel)
    HAL_ADCEx_InjectedConvCpltCallback       0x08001585   Thumb Code    68  bsp_adc.o(i.HAL_ADCEx_InjectedConvCpltCallback)
    HAL_ADCEx_InjectedGetValue               0x080015dd   Thumb Code    58  stm32f4xx_hal_adc_ex.o(i.HAL_ADCEx_InjectedGetValue)
    HAL_ADCEx_InjectedStart                  0x08001619   Thumb Code   202  stm32f4xx_hal_adc_ex.o(i.HAL_ADCEx_InjectedStart)
    HAL_ADCEx_InjectedStart_IT               0x080016f5   Thumb Code   212  stm32f4xx_hal_adc_ex.o(i.HAL_ADCEx_InjectedStart_IT)
    HAL_ADCEx_InjectedStop_IT                0x080017d9   Thumb Code    94  stm32f4xx_hal_adc_ex.o(i.HAL_ADCEx_InjectedStop_IT)
    HAL_ADC_ConfigChannel                    0x08001839   Thumb Code   316  stm32f4xx_hal_adc.o(i.HAL_ADC_ConfigChannel)
    HAL_ADC_ConvCpltCallback                 0x08001985   Thumb Code     2  stm32f4xx_hal_adc.o(i.HAL_ADC_ConvCpltCallback)
    HAL_ADC_ErrorCallback                    0x08001987   Thumb Code     2  stm32f4xx_hal_adc.o(i.HAL_ADC_ErrorCallback)
    HAL_ADC_IRQHandler                       0x08001989   Thumb Code   302  stm32f4xx_hal_adc.o(i.HAL_ADC_IRQHandler)
    HAL_ADC_Init                             0x08001ab7   Thumb Code    84  stm32f4xx_hal_adc.o(i.HAL_ADC_Init)
    HAL_ADC_LevelOutOfWindowCallback         0x08001b0b   Thumb Code     2  stm32f4xx_hal_adc.o(i.HAL_ADC_LevelOutOfWindowCallback)
    HAL_ADC_MspInit                          0x08001b0d   Thumb Code   100  adc.o(i.HAL_ADC_MspInit)
    HAL_DMA_Abort                            0x08001b7d   Thumb Code   146  stm32f4xx_hal_dma.o(i.HAL_DMA_Abort)
    HAL_DMA_Abort_IT                         0x08001c0f   Thumb Code    36  stm32f4xx_hal_dma.o(i.HAL_DMA_Abort_IT)
    HAL_Delay                                0x08001c35   Thumb Code    32  stm32f4xx_hal.o(i.HAL_Delay)
    HAL_GPIO_Init                            0x08001c59   Thumb Code   450  stm32f4xx_hal_gpio.o(i.HAL_GPIO_Init)
    HAL_GPIO_WritePin                        0x08001e49   Thumb Code    10  stm32f4xx_hal_gpio.o(i.HAL_GPIO_WritePin)
    HAL_GetTick                              0x08001e55   Thumb Code     6  stm32f4xx_hal.o(i.HAL_GetTick)
    HAL_I2C_Init                             0x08001e61   Thumb Code   376  stm32f4xx_hal_i2c.o(i.HAL_I2C_Init)
    HAL_I2C_Master_Receive                   0x08001fe9   Thumb Code   468  stm32f4xx_hal_i2c.o(i.HAL_I2C_Master_Receive)
    HAL_I2C_Master_Transmit                  0x080021c9   Thumb Code   290  stm32f4xx_hal_i2c.o(i.HAL_I2C_Master_Transmit)
    HAL_I2C_MspInit                          0x080022f5   Thumb Code    92  i2c.o(i.HAL_I2C_MspInit)
    HAL_IncTick                              0x0800235d   Thumb Code    12  stm32f4xx_hal.o(i.HAL_IncTick)
    HAL_Init                                 0x0800236d   Thumb Code    48  stm32f4xx_hal.o(i.HAL_Init)
    HAL_InitTick                             0x080023a1   Thumb Code    54  stm32f4xx_hal.o(i.HAL_InitTick)
    HAL_MspInit                              0x080023e1   Thumb Code    42  stm32f4xx_hal_msp.o(i.HAL_MspInit)
    HAL_NVIC_EnableIRQ                       0x08002411   Thumb Code    26  stm32f4xx_hal_cortex.o(i.HAL_NVIC_EnableIRQ)
    HAL_NVIC_SetPriority                     0x0800242d   Thumb Code    60  stm32f4xx_hal_cortex.o(i.HAL_NVIC_SetPriority)
    HAL_NVIC_SetPriorityGrouping             0x0800246d   Thumb Code    26  stm32f4xx_hal_cortex.o(i.HAL_NVIC_SetPriorityGrouping)
    HAL_RCC_ClockConfig                      0x08002491   Thumb Code   288  stm32f4xx_hal_rcc.o(i.HAL_RCC_ClockConfig)
    HAL_RCC_GetPCLK1Freq                     0x080025c5   Thumb Code    20  stm32f4xx_hal_rcc.o(i.HAL_RCC_GetPCLK1Freq)
    HAL_RCC_GetPCLK2Freq                     0x080025e5   Thumb Code    20  stm32f4xx_hal_rcc.o(i.HAL_RCC_GetPCLK2Freq)
    HAL_RCC_GetSysClockFreq                  0x08002605   Thumb Code    88  stm32f4xx_hal_rcc.o(i.HAL_RCC_GetSysClockFreq)
    HAL_RCC_OscConfig                        0x08002665   Thumb Code   856  stm32f4xx_hal_rcc.o(i.HAL_RCC_OscConfig)
    HAL_SYSTICK_Config                       0x080029d1   Thumb Code    40  stm32f4xx_hal_cortex.o(i.HAL_SYSTICK_Config)
    HAL_TIMEx_BreakCallback                  0x080029f9   Thumb Code     2  stm32f4xx_hal_tim_ex.o(i.HAL_TIMEx_BreakCallback)
    HAL_TIMEx_CommutCallback                 0x080029fb   Thumb Code     2  stm32f4xx_hal_tim_ex.o(i.HAL_TIMEx_CommutCallback)
    HAL_TIMEx_ConfigBreakDeadTime            0x080029fd   Thumb Code    84  stm32f4xx_hal_tim_ex.o(i.HAL_TIMEx_ConfigBreakDeadTime)
    HAL_TIMEx_MasterConfigSynchronization    0x08002a51   Thumb Code   116  stm32f4xx_hal_tim_ex.o(i.HAL_TIMEx_MasterConfigSynchronization)
    HAL_TIMEx_PWMN_Start                     0x08002ae1   Thumb Code   164  stm32f4xx_hal_tim_ex.o(i.HAL_TIMEx_PWMN_Start)
    HAL_TIM_Base_Init                        0x08002ba1   Thumb Code    90  stm32f4xx_hal_tim.o(i.HAL_TIM_Base_Init)
    HAL_TIM_Base_MspInit                     0x08002bfd   Thumb Code    90  tim.o(i.HAL_TIM_Base_MspInit)
    HAL_TIM_Base_Start_IT                    0x08002c65   Thumb Code   100  stm32f4xx_hal_tim.o(i.HAL_TIM_Base_Start_IT)
    HAL_TIM_ConfigClockSource                0x08002ce5   Thumb Code   220  stm32f4xx_hal_tim.o(i.HAL_TIM_ConfigClockSource)
    HAL_TIM_IC_CaptureCallback               0x08002dc1   Thumb Code     2  stm32f4xx_hal_tim.o(i.HAL_TIM_IC_CaptureCallback)
    HAL_TIM_IRQHandler                       0x08002dc3   Thumb Code   358  stm32f4xx_hal_tim.o(i.HAL_TIM_IRQHandler)
    HAL_TIM_MspPostInit                      0x08002f29   Thumb Code   158  tim.o(i.HAL_TIM_MspPostInit)
    HAL_TIM_OC_DelayElapsedCallback          0x08002fdd   Thumb Code     2  stm32f4xx_hal_tim.o(i.HAL_TIM_OC_DelayElapsedCallback)
    HAL_TIM_PWM_ConfigChannel                0x08002fdf   Thumb Code   204  stm32f4xx_hal_tim.o(i.HAL_TIM_PWM_ConfigChannel)
    HAL_TIM_PWM_Init                         0x080030ab   Thumb Code    90  stm32f4xx_hal_tim.o(i.HAL_TIM_PWM_Init)
    HAL_TIM_PWM_MspInit                      0x08003105   Thumb Code     2  stm32f4xx_hal_tim.o(i.HAL_TIM_PWM_MspInit)
    HAL_TIM_PWM_PulseFinishedCallback        0x08003107   Thumb Code     2  stm32f4xx_hal_tim.o(i.HAL_TIM_PWM_PulseFinishedCallback)
    HAL_TIM_PWM_Start                        0x08003109   Thumb Code   172  stm32f4xx_hal_tim.o(i.HAL_TIM_PWM_Start)
    HAL_TIM_PeriodElapsedCallback            0x080031d1   Thumb Code    72  bsp_foc.o(i.HAL_TIM_PeriodElapsedCallback)
    HAL_TIM_TriggerCallback                  0x0800322d   Thumb Code     2  stm32f4xx_hal_tim.o(i.HAL_TIM_TriggerCallback)
    HAL_UARTEx_RxEventCallback               0x0800322f   Thumb Code     2  stm32f4xx_hal_uart.o(i.HAL_UARTEx_RxEventCallback)
    HAL_UART_ErrorCallback                   0x08003231   Thumb Code     2  stm32f4xx_hal_uart.o(i.HAL_UART_ErrorCallback)
    HAL_UART_IRQHandler                      0x08003235   Thumb Code   610  stm32f4xx_hal_uart.o(i.HAL_UART_IRQHandler)
    HAL_UART_Init                            0x0800349d   Thumb Code    98  stm32f4xx_hal_uart.o(i.HAL_UART_Init)
    HAL_UART_MspInit                         0x08003501   Thumb Code   110  usart.o(i.HAL_UART_MspInit)
    HAL_UART_Receive_IT                      0x0800357d   Thumb Code    42  stm32f4xx_hal_uart.o(i.HAL_UART_Receive_IT)
    HAL_UART_RxCpltCallback                  0x080035a9   Thumb Code    52  bsp_usart.o(i.HAL_UART_RxCpltCallback)
    HAL_UART_Transmit                        0x080035f5   Thumb Code   178  stm32f4xx_hal_uart.o(i.HAL_UART_Transmit)
    HAL_UART_TxCpltCallback                  0x080036a7   Thumb Code     2  stm32f4xx_hal_uart.o(i.HAL_UART_TxCpltCallback)
    HardFault_Handler                        0x080036a9   Thumb Code     2  stm32f4xx_it.o(i.HardFault_Handler)
    Limit_up_and_down                        0x08003a5d   Thumb Code    32  bsp_foc.o(i.Limit_up_and_down)
    MX_ADC1_Init                             0x08003a7d   Thumb Code   180  adc.o(i.MX_ADC1_Init)
    MX_GPIO_Init                             0x08003b3d   Thumb Code   116  gpio.o(i.MX_GPIO_Init)
    MX_I2C1_Init                             0x08003bb9   Thumb Code    50  i2c.o(i.MX_I2C1_Init)
    MX_TIM1_Init                             0x08003bf9   Thumb Code   262  tim.o(i.MX_TIM1_Init)
    MX_TIM6_Init                             0x08003d09   Thumb Code    62  tim.o(i.MX_TIM6_Init)
    MX_USART1_UART_Init                      0x08003d51   Thumb Code    48  usart.o(i.MX_USART1_UART_Init)
    MemManage_Handler                        0x08003d89   Thumb Code     2  stm32f4xx_it.o(i.MemManage_Handler)
    NMI_Handler                              0x08003d8b   Thumb Code     2  stm32f4xx_it.o(i.NMI_Handler)
    PendSV_Handler                           0x08003e09   Thumb Code     2  stm32f4xx_it.o(i.PendSV_Handler)
    SVC_Handler                              0x08003e0b   Thumb Code     2  stm32f4xx_it.o(i.SVC_Handler)
    SVPWM_Control                            0x08003e0d   Thumb Code    34  bsp_foc.o(i.SVPWM_Control)
    Set_SPWM                                 0x08003e39   Thumb Code   144  bsp_foc.o(i.Set_SPWM)
    Start_Up                                 0x08003ed5   Thumb Code   104  bsp_foc.o(i.Start_Up)
    SysTick_Handler                          0x08003f45   Thumb Code     4  stm32f4xx_it.o(i.SysTick_Handler)
    SystemClock_Config                       0x08003f49   Thumb Code   138  main.o(i.SystemClock_Config)
    SystemInit                               0x08003fdd   Thumb Code    12  system_stm32f4xx.o(i.SystemInit)
    TIM1_PWM_Init                            0x08003fed   Thumb Code   104  bsp_foc.o(i.TIM1_PWM_Init)
    TIM1_UP_TIM10_IRQHandler                 0x08004065   Thumb Code     6  stm32f4xx_it.o(i.TIM1_UP_TIM10_IRQHandler)
    TIM6_DAC_IRQHandler                      0x08004071   Thumb Code     6  stm32f4xx_it.o(i.TIM6_DAC_IRQHandler)
    TIM_Base_SetConfig                       0x0800407d   Thumb Code   156  stm32f4xx_hal_tim.o(i.TIM_Base_SetConfig)
    TIM_CCxChannelCmd                        0x08004145   Thumb Code    26  stm32f4xx_hal_tim.o(i.TIM_CCxChannelCmd)
    TIM_ETR_SetConfig                        0x08004179   Thumb Code    20  stm32f4xx_hal_tim.o(i.TIM_ETR_SetConfig)
    TIM_OC2_SetConfig                        0x080041fd   Thumb Code    98  stm32f4xx_hal_tim.o(i.TIM_OC2_SetConfig)
    UART_Start_Receive_IT                    0x08004591   Thumb Code    58  stm32f4xx_hal_uart.o(i.UART_Start_Receive_IT)
    USART1_IRQHandler                        0x08004645   Thumb Code     6  stm32f4xx_it.o(i.USART1_IRQHandler)
    USART_Init                               0x08004651   Thumb Code    10  bsp_usart.o(i.USART_Init)
    UsageFault_Handler                       0x08004665   Thumb Code     2  stm32f4xx_it.o(i.UsageFault_Handler)
    __0printf                                0x08004669   Thumb Code    22  printfa.o(i.__0printf)
    __1printf                                0x08004669   Thumb Code     0  printfa.o(i.__0printf)
    __2printf                                0x08004669   Thumb Code     0  printfa.o(i.__0printf)
    __c89printf                              0x08004669   Thumb Code     0  printfa.o(i.__0printf)
    printf                                   0x08004669   Thumb Code     0  printfa.o(i.__0printf)
    __hardfp_atof                            0x080046a9   Thumb Code    44  atof.o(i.__hardfp_atof)
    __hardfp_fmod                            0x080046e1   Thumb Code   254  fmod.o(i.__hardfp_fmod)
    __mathlib_dbl_invalid                    0x080047e9   Thumb Code    24  dunder.o(i.__mathlib_dbl_invalid)
    __read_errno                             0x08004809   Thumb Code     6  errno.o(i.__read_errno)
    __scatterload_copy                       0x08004815   Thumb Code    14  handlers.o(i.__scatterload_copy)
    __scatterload_null                       0x08004823   Thumb Code     2  handlers.o(i.__scatterload_null)
    __scatterload_zeroinit                   0x08004825   Thumb Code    14  handlers.o(i.__scatterload_zeroinit)
    __set_errno                              0x08004835   Thumb Code     6  errno.o(i.__set_errno)
    _is_digit                                0x080049c5   Thumb Code    14  scanf_fp.o(i._is_digit)
    bsp_as5600GetAngle                       0x080050dd   Thumb Code   174  bsp_as5600.o(i.bsp_as5600GetAngle)
    bsp_as5600GetRawAngle                    0x080051a9   Thumb Code    50  bsp_as5600.o(i.bsp_as5600GetRawAngle)
    bsp_as5600Init                           0x080051e1   Thumb Code    30  bsp_as5600.o(i.bsp_as5600Init)
    cmd                                      0x08005209   Thumb Code   212  bsp_cmd.o(i.cmd)
    debug_off                                0x0800537d   Thumb Code     6  bsp_cmd.o(i.debug_off)
    debug_on                                 0x080053b5   Thumb Code     6  bsp_cmd.o(i.debug_on)
    fputc                                    0x080053ed   Thumb Code    20  bsp_usart.o(i.fputc)
    help                                     0x08005405   Thumb Code    78  bsp_cmd.o(i.help)
    main                                     0x08005695   Thumb Code    86  main.o(i.main)
    reboot                                   0x080056f9   Thumb Code    16  bsp_cmd.o(i.reboot)
    set_speed                                0x08005715   Thumb Code   134  bsp_cmd.o(i.set_speed)
    show_encoder                             0x080057c5   Thumb Code    62  bsp_cmd.o(i.show_encoder)
    split                                    0x0800581d   Thumb Code    70  bsp_cmd.o(i.split)
    AHBPrescTable                            0x08005862   Data          16  system_stm32f4xx.o(.constdata)
    APBPrescTable                            0x08005872   Data           8  system_stm32f4xx.o(.constdata)
    __ctype_categories                       0x0800587a   Data          64  ctype_c.o(.constdata)
    sinTable_f32                             0x08005954   Data        2052  arm_common_tables.o(.rodata.sinTable_f32)
    Region$$Table$$Base                      0x08006158   Number         0  anon$$obj.o(Region$$Table)
    Region$$Table$$Limit                     0x08006178   Number         0  anon$$obj.o(Region$$Table)
    fpu_test                                 0x20000000   Data           4  main.o(.data)
    uwTickFreq                               0x20000004   Data           1  stm32f4xx_hal.o(.data)
    uwTickPrio                               0x20000008   Data           4  stm32f4xx_hal.o(.data)
    uwTick                                   0x2000000c   Data           4  stm32f4xx_hal.o(.data)
    SystemCoreClock                          0x20000010   Data           4  system_stm32f4xx.o(.data)
    adc_inter_cnt                            0x20000014   Data           4  bsp_adc.o(.data)
    SysTime                                  0x20000050   Data           8  bsp_dwt.o(.data)
    CYCCNT64                                 0x20000058   Data           8  bsp_dwt.o(.data)
    tim1_uptate_over                         0x20000060   Data           4  bsp_foc.o(.data)
    tim6_uptate_over                         0x20000064   Data           4  bsp_foc.o(.data)
    foc_transform                            0x20000068   Data          16  bsp_foc.o(.data)
    USART_Debug_RX_Buffer                    0x20000078   Data           1  bsp_usart.o(.data)
    ch_r                                     0x20000079   Data           1  bsp_usart.o(.data)
    CMD_Buffer_Count                         0x2000007c   Data           4  bsp_cmd.o(.data)
    CMD_Flag                                 0x20000080   Data           4  bsp_cmd.o(.data)
    __stdout                                 0x20000088   Data           4  stdout.o(.data)
    foc_data_handler                         0x20000090   Data         172  main.o(.bss)
    hadc1                                    0x2000013c   Data          72  adc.o(.bss)
    hi2c1                                    0x20000184   Data          84  i2c.o(.bss)
    htim1                                    0x200001d8   Data          72  tim.o(.bss)
    htim6                                    0x20000220   Data          72  tim.o(.bss)
    huart1                                   0x20000268   Data          68  usart.o(.bss)
    bsp_adc                                  0x200002ac   Data          76  bsp_adc.o(.bss)
    CMD_Buffer                               0x200002f8   Data          50  bsp_cmd.o(.bss)
    __initial_sp                             0x20000730   Data           0  startup_stm32f407xx.o(STACK)



==============================================================================

Memory Map of the image

  Image Entry point : 0x08000189

  Load Region LR_IROM1 (Base: 0x08000000, Size: 0x00006208, Max: 0x00100000, ABSOLUTE)

    Execution Region ER_IROM1 (Exec base: 0x08000000, Load base: 0x08000000, Size: 0x00006178, Max: 0x00100000, ABSOLUTE)

    Exec Addr    Load Addr    Size         Type   Attr      Idx    E Section Name        Object

    0x08000000   0x08000000   0x00000188   Data   RO            3    RESET               startup_stm32f407xx.o
    0x08000188   0x08000188   0x00000000   Code   RO         4410  * .ARM.Collect$$$$00000000  mc_w.l(entry.o)
    0x08000188   0x08000188   0x00000004   Code   RO         4718    .ARM.Collect$$$$00000001  mc_w.l(entry2.o)
    0x0800018c   0x0800018c   0x00000004   Code   RO         4721    .ARM.Collect$$$$00000004  mc_w.l(entry5.o)
    0x08000190   0x08000190   0x00000000   Code   RO         4723    .ARM.Collect$$$$00000008  mc_w.l(entry7b.o)
    0x08000190   0x08000190   0x00000000   Code   RO         4725    .ARM.Collect$$$$0000000A  mc_w.l(entry8b.o)
    0x08000190   0x08000190   0x00000008   Code   RO         4726    .ARM.Collect$$$$0000000B  mc_w.l(entry9a.o)
    0x08000198   0x08000198   0x00000004   Code   RO         4733    .ARM.Collect$$$$0000000E  mc_w.l(entry12b.o)
    0x0800019c   0x0800019c   0x00000000   Code   RO         4728    .ARM.Collect$$$$0000000F  mc_w.l(entry10a.o)
    0x0800019c   0x0800019c   0x00000000   Code   RO         4730    .ARM.Collect$$$$00000011  mc_w.l(entry11a.o)
    0x0800019c   0x0800019c   0x00000004   Code   RO         4719    .ARM.Collect$$$$00002712  mc_w.l(entry2.o)
    0x080001a0   0x080001a0   0x00000024   Code   RO            4    .text               startup_stm32f407xx.o
    0x080001c4   0x080001c4   0x00000062   Code   RO         4413    .text               mc_w.l(uldiv.o)
    0x08000226   0x08000226   0x00000024   Code   RO         4415    .text               mc_w.l(memseta.o)
    0x0800024a   0x0800024a   0x00000024   Code   RO         4417    .text               mc_w.l(strstr.o)
    0x0800026e   0x0800026e   0x0000000e   Code   RO         4419    .text               mc_w.l(strlen.o)
    0x0800027c   0x0800027c   0x0000001c   Code   RO         4421    .text               mc_w.l(strcmp.o)
    0x08000298   0x08000298   0x00000044   Code   RO         4423    .text               mc_w.l(strtok.o)
    0x080002dc   0x080002dc   0x0000014e   Code   RO         4690    .text               mf_w.l(dadd.o)
    0x0800042a   0x0800042a   0x000000e4   Code   RO         4692    .text               mf_w.l(dmul.o)
    0x0800050e   0x0800050e   0x000000de   Code   RO         4694    .text               mf_w.l(ddiv.o)
    0x080005ec   0x080005ec   0x0000003e   Code   RO         4698    .text               mf_w.l(dfixi.o)
    0x0800062a   0x0800062a   0x00000026   Code   RO         4700    .text               mf_w.l(f2d.o)
    0x08000650   0x08000650   0x00000038   Code   RO         4702    .text               mf_w.l(d2f.o)
    0x08000688   0x08000688   0x0000002c   Code   RO         4735    .text               mc_w.l(uidiv.o)
    0x080006b4   0x080006b4   0x0000001e   Code   RO         4737    .text               mc_w.l(llshl.o)
    0x080006d2   0x080006d2   0x00000020   Code   RO         4739    .text               mc_w.l(llushr.o)
    0x080006f2   0x080006f2   0x00000024   Code   RO         4741    .text               mc_w.l(llsshr.o)
    0x08000716   0x08000716   0x00000002   PAD
    0x08000718   0x08000718   0x0000009c   Code   RO         4750    .text               mc_w.l(strtod.o)
    0x080007b4   0x080007b4   0x00000000   Code   RO         4752    .text               mc_w.l(iusefp.o)
    0x080007b4   0x080007b4   0x0000006e   Code   RO         4753    .text               mf_w.l(fepilogue.o)
    0x08000822   0x08000822   0x000000ba   Code   RO         4755    .text               mf_w.l(depilogue.o)
    0x080008dc   0x080008dc   0x00000086   Code   RO         4757    .text               mf_w.l(drem.o)
    0x08000962   0x08000962   0x00000030   Code   RO         4759    .text               mf_w.l(dfixul.o)
    0x08000992   0x08000992   0x00000002   PAD
    0x08000994   0x08000994   0x00000030   Code   RO         4761    .text               mf_w.l(cdrcmple.o)
    0x080009c4   0x080009c4   0x00000024   Code   RO         4763    .text               mc_w.l(init.o)
    0x080009e8   0x080009e8   0x0000000a   Code   RO         4765    .text               mc_w.l(isspace_c.o)
    0x080009f2   0x080009f2   0x00000002   PAD
    0x080009f4   0x080009f4   0x00000360   Code   RO         4767    .text               mc_w.l(scanf_fp.o)
    0x08000d54   0x08000d54   0x00000040   Code   RO         4771    .text               mc_w.l(_sgetc.o)
    0x08000d94   0x08000d94   0x00000028   Code   RO         4773    .text               mc_w.l(ctype_c.o)
    0x08000dbc   0x08000dbc   0x00000018   Code   RO         4776    .text               mf_w.l(dfltul.o)
    0x08000dd4   0x08000dd4   0x00000098   Code   RO         4255    .text.arm_cos_f32   arm_cortexM4lf_math.lib(arm_cos_f32.o)
    0x08000e6c   0x08000e6c   0x00000090   Code   RO         4264    .text.arm_sin_f32   arm_cortexM4lf_math.lib(arm_sin_f32.o)
    0x08000efc   0x08000efc   0x0000000c   Code   RO          426    i.ADC_IRQHandler    stm32f4xx_it.o
    0x08000f08   0x08000f08   0x00000128   Code   RO          553    i.ADC_Init          stm32f4xx_hal_adc.o
    0x08001030   0x08001030   0x00000002   Code   RO          427    i.BusFault_Handler  stm32f4xx_it.o
    0x08001032   0x08001032   0x00000002   PAD
    0x08001034   0x08001034   0x0000004c   Code   RO         3945    i.Clarke_Inv_Transform  bsp_foc.o
    0x08001080   0x08001080   0x0000002c   Code   RO         3946    i.Clarke_Transform  bsp_foc.o
    0x080010ac   0x080010ac   0x00000048   Code   RO         3875    i.DWT_Init          bsp_dwt.o
    0x080010f4   0x080010f4   0x00000002   Code   RO          428    i.DebugMon_Handler  stm32f4xx_it.o
    0x080010f6   0x080010f6   0x00000004   Code   RO           13    i.Error_Handler     main.o
    0x080010fa   0x080010fa   0x00000002   PAD
    0x080010fc   0x080010fc   0x000001c4   Code   RO         3947    i.Foc_Svpwm         bsp_foc.o
    0x080012c0   0x080012c0   0x00000084   Code   RO         3779    i.Get_ADC_Current   bsp_adc.o
    0x08001344   0x08001344   0x00000084   Code   RO         3949    i.Get_Elec_Angle    bsp_foc.o
    0x080013c8   0x080013c8   0x000001bc   Code   RO          723    i.HAL_ADCEx_InjectedConfigChannel  stm32f4xx_hal_adc_ex.o
    0x08001584   0x08001584   0x00000058   Code   RO         3780    i.HAL_ADCEx_InjectedConvCpltCallback  bsp_adc.o
    0x080015dc   0x080015dc   0x0000003a   Code   RO          725    i.HAL_ADCEx_InjectedGetValue  stm32f4xx_hal_adc_ex.o
    0x08001616   0x08001616   0x00000002   PAD
    0x08001618   0x08001618   0x000000dc   Code   RO          727    i.HAL_ADCEx_InjectedStart  stm32f4xx_hal_adc_ex.o
    0x080016f4   0x080016f4   0x000000e4   Code   RO          728    i.HAL_ADCEx_InjectedStart_IT  stm32f4xx_hal_adc_ex.o
    0x080017d8   0x080017d8   0x0000005e   Code   RO          730    i.HAL_ADCEx_InjectedStop_IT  stm32f4xx_hal_adc_ex.o
    0x08001836   0x08001836   0x00000002   PAD
    0x08001838   0x08001838   0x0000014c   Code   RO          555    i.HAL_ADC_ConfigChannel  stm32f4xx_hal_adc.o
    0x08001984   0x08001984   0x00000002   Code   RO          556    i.HAL_ADC_ConvCpltCallback  stm32f4xx_hal_adc.o
    0x08001986   0x08001986   0x00000002   Code   RO          559    i.HAL_ADC_ErrorCallback  stm32f4xx_hal_adc.o
    0x08001988   0x08001988   0x0000012e   Code   RO          563    i.HAL_ADC_IRQHandler  stm32f4xx_hal_adc.o
    0x08001ab6   0x08001ab6   0x00000054   Code   RO          564    i.HAL_ADC_Init      stm32f4xx_hal_adc.o
    0x08001b0a   0x08001b0a   0x00000002   Code   RO          565    i.HAL_ADC_LevelOutOfWindowCallback  stm32f4xx_hal_adc.o
    0x08001b0c   0x08001b0c   0x00000070   Code   RO          247    i.HAL_ADC_MspInit   adc.o
    0x08001b7c   0x08001b7c   0x00000092   Code   RO         1290    i.HAL_DMA_Abort     stm32f4xx_hal_dma.o
    0x08001c0e   0x08001c0e   0x00000024   Code   RO         1291    i.HAL_DMA_Abort_IT  stm32f4xx_hal_dma.o
    0x08001c32   0x08001c32   0x00000002   PAD
    0x08001c34   0x08001c34   0x00000024   Code   RO         1709    i.HAL_Delay         stm32f4xx_hal.o
    0x08001c58   0x08001c58   0x000001f0   Code   RO         1183    i.HAL_GPIO_Init     stm32f4xx_hal_gpio.o
    0x08001e48   0x08001e48   0x0000000a   Code   RO         1187    i.HAL_GPIO_WritePin  stm32f4xx_hal_gpio.o
    0x08001e52   0x08001e52   0x00000002   PAD
    0x08001e54   0x08001e54   0x0000000c   Code   RO         1715    i.HAL_GetTick       stm32f4xx_hal.o
    0x08001e60   0x08001e60   0x00000188   Code   RO         1971    i.HAL_I2C_Init      stm32f4xx_hal_i2c.o
    0x08001fe8   0x08001fe8   0x000001e0   Code   RO         1977    i.HAL_I2C_Master_Receive  stm32f4xx_hal_i2c.o
    0x080021c8   0x080021c8   0x0000012c   Code   RO         1984    i.HAL_I2C_Master_Transmit  stm32f4xx_hal_i2c.o
    0x080022f4   0x080022f4   0x00000068   Code   RO          289    i.HAL_I2C_MspInit   i2c.o
    0x0800235c   0x0800235c   0x00000010   Code   RO         1721    i.HAL_IncTick       stm32f4xx_hal.o
    0x0800236c   0x0800236c   0x00000034   Code   RO         1722    i.HAL_Init          stm32f4xx_hal.o
    0x080023a0   0x080023a0   0x00000040   Code   RO         1723    i.HAL_InitTick      stm32f4xx_hal.o
    0x080023e0   0x080023e0   0x00000030   Code   RO          526    i.HAL_MspInit       stm32f4xx_hal_msp.o
    0x08002410   0x08002410   0x0000001a   Code   RO         1572    i.HAL_NVIC_EnableIRQ  stm32f4xx_hal_cortex.o
    0x0800242a   0x0800242a   0x00000002   PAD
    0x0800242c   0x0800242c   0x00000040   Code   RO         1578    i.HAL_NVIC_SetPriority  stm32f4xx_hal_cortex.o
    0x0800246c   0x0800246c   0x00000024   Code   RO         1579    i.HAL_NVIC_SetPriorityGrouping  stm32f4xx_hal_cortex.o
    0x08002490   0x08002490   0x00000134   Code   RO          829    i.HAL_RCC_ClockConfig  stm32f4xx_hal_rcc.o
    0x080025c4   0x080025c4   0x00000020   Code   RO          836    i.HAL_RCC_GetPCLK1Freq  stm32f4xx_hal_rcc.o
    0x080025e4   0x080025e4   0x00000020   Code   RO          837    i.HAL_RCC_GetPCLK2Freq  stm32f4xx_hal_rcc.o
    0x08002604   0x08002604   0x00000060   Code   RO          838    i.HAL_RCC_GetSysClockFreq  stm32f4xx_hal_rcc.o
    0x08002664   0x08002664   0x0000036c   Code   RO          841    i.HAL_RCC_OscConfig  stm32f4xx_hal_rcc.o
    0x080029d0   0x080029d0   0x00000028   Code   RO         1583    i.HAL_SYSTICK_Config  stm32f4xx_hal_cortex.o
    0x080029f8   0x080029f8   0x00000002   Code   RO         3116    i.HAL_TIMEx_BreakCallback  stm32f4xx_hal_tim_ex.o
    0x080029fa   0x080029fa   0x00000002   Code   RO         3117    i.HAL_TIMEx_CommutCallback  stm32f4xx_hal_tim_ex.o
    0x080029fc   0x080029fc   0x00000054   Code   RO         3119    i.HAL_TIMEx_ConfigBreakDeadTime  stm32f4xx_hal_tim_ex.o
    0x08002a50   0x08002a50   0x00000090   Code   RO         3135    i.HAL_TIMEx_MasterConfigSynchronization  stm32f4xx_hal_tim_ex.o
    0x08002ae0   0x08002ae0   0x000000c0   Code   RO         3146    i.HAL_TIMEx_PWMN_Start  stm32f4xx_hal_tim_ex.o
    0x08002ba0   0x08002ba0   0x0000005a   Code   RO         2412    i.HAL_TIM_Base_Init  stm32f4xx_hal_tim.o
    0x08002bfa   0x08002bfa   0x00000002   PAD
    0x08002bfc   0x08002bfc   0x00000068   Code   RO          331    i.HAL_TIM_Base_MspInit  tim.o
    0x08002c64   0x08002c64   0x00000080   Code   RO         2417    i.HAL_TIM_Base_Start_IT  stm32f4xx_hal_tim.o
    0x08002ce4   0x08002ce4   0x000000dc   Code   RO         2421    i.HAL_TIM_ConfigClockSource  stm32f4xx_hal_tim.o
    0x08002dc0   0x08002dc0   0x00000002   Code   RO         2446    i.HAL_TIM_IC_CaptureCallback  stm32f4xx_hal_tim.o
    0x08002dc2   0x08002dc2   0x00000166   Code   RO         2460    i.HAL_TIM_IRQHandler  stm32f4xx_hal_tim.o
    0x08002f28   0x08002f28   0x000000b4   Code   RO          332    i.HAL_TIM_MspPostInit  tim.o
    0x08002fdc   0x08002fdc   0x00000002   Code   RO         2463    i.HAL_TIM_OC_DelayElapsedCallback  stm32f4xx_hal_tim.o
    0x08002fde   0x08002fde   0x000000cc   Code   RO         2484    i.HAL_TIM_PWM_ConfigChannel  stm32f4xx_hal_tim.o
    0x080030aa   0x080030aa   0x0000005a   Code   RO         2487    i.HAL_TIM_PWM_Init  stm32f4xx_hal_tim.o
    0x08003104   0x08003104   0x00000002   Code   RO         2489    i.HAL_TIM_PWM_MspInit  stm32f4xx_hal_tim.o
    0x08003106   0x08003106   0x00000002   Code   RO         2490    i.HAL_TIM_PWM_PulseFinishedCallback  stm32f4xx_hal_tim.o
    0x08003108   0x08003108   0x000000c8   Code   RO         2492    i.HAL_TIM_PWM_Start  stm32f4xx_hal_tim.o
    0x080031d0   0x080031d0   0x0000005c   Code   RO         3950    i.HAL_TIM_PeriodElapsedCallback  bsp_foc.o
    0x0800322c   0x0800322c   0x00000002   Code   RO         2503    i.HAL_TIM_TriggerCallback  stm32f4xx_hal_tim.o
    0x0800322e   0x0800322e   0x00000002   Code   RO         3394    i.HAL_UARTEx_RxEventCallback  stm32f4xx_hal_uart.o
    0x08003230   0x08003230   0x00000002   Code   RO         3408    i.HAL_UART_ErrorCallback  stm32f4xx_hal_uart.o
    0x08003232   0x08003232   0x00000002   PAD
    0x08003234   0x08003234   0x00000268   Code   RO         3411    i.HAL_UART_IRQHandler  stm32f4xx_hal_uart.o
    0x0800349c   0x0800349c   0x00000062   Code   RO         3412    i.HAL_UART_Init     stm32f4xx_hal_uart.o
    0x080034fe   0x080034fe   0x00000002   PAD
    0x08003500   0x08003500   0x0000007c   Code   RO          385    i.HAL_UART_MspInit  usart.o
    0x0800357c   0x0800357c   0x0000002a   Code   RO         3417    i.HAL_UART_Receive_IT  stm32f4xx_hal_uart.o
    0x080035a6   0x080035a6   0x00000002   PAD
    0x080035a8   0x080035a8   0x0000004c   Code   RO         4116    i.HAL_UART_RxCpltCallback  bsp_usart.o
    0x080035f4   0x080035f4   0x000000b2   Code   RO         3420    i.HAL_UART_Transmit  stm32f4xx_hal_uart.o
    0x080036a6   0x080036a6   0x00000002   Code   RO         3423    i.HAL_UART_TxCpltCallback  stm32f4xx_hal_uart.o
    0x080036a8   0x080036a8   0x00000002   Code   RO          429    i.HardFault_Handler  stm32f4xx_it.o
    0x080036aa   0x080036aa   0x0000002e   Code   RO         2013    i.I2C_IsAcknowledgeFailed  stm32f4xx_hal_i2c.o
    0x080036d8   0x080036d8   0x000000ec   Code   RO         2016    i.I2C_MasterRequestRead  stm32f4xx_hal_i2c.o
    0x080037c4   0x080037c4   0x0000009c   Code   RO         2017    i.I2C_MasterRequestWrite  stm32f4xx_hal_i2c.o
    0x08003860   0x08003860   0x0000004c   Code   RO         2028    i.I2C_WaitOnBTFFlagUntilTimeout  stm32f4xx_hal_i2c.o
    0x080038ac   0x080038ac   0x00000068   Code   RO         2029    i.I2C_WaitOnFlagUntilTimeout  stm32f4xx_hal_i2c.o
    0x08003914   0x08003914   0x00000096   Code   RO         2030    i.I2C_WaitOnMasterAddressFlagUntilTimeout  stm32f4xx_hal_i2c.o
    0x080039aa   0x080039aa   0x00000066   Code   RO         2031    i.I2C_WaitOnRXNEFlagUntilTimeout  stm32f4xx_hal_i2c.o
    0x08003a10   0x08003a10   0x0000004c   Code   RO         2032    i.I2C_WaitOnTXEFlagUntilTimeout  stm32f4xx_hal_i2c.o
    0x08003a5c   0x08003a5c   0x00000020   Code   RO         3951    i.Limit_up_and_down  bsp_foc.o
    0x08003a7c   0x08003a7c   0x000000c0   Code   RO          248    i.MX_ADC1_Init      adc.o
    0x08003b3c   0x08003b3c   0x0000007c   Code   RO          222    i.MX_GPIO_Init      gpio.o
    0x08003bb8   0x08003bb8   0x00000040   Code   RO          290    i.MX_I2C1_Init      i2c.o
    0x08003bf8   0x08003bf8   0x00000110   Code   RO          333    i.MX_TIM1_Init      tim.o
    0x08003d08   0x08003d08   0x00000048   Code   RO          334    i.MX_TIM6_Init      tim.o
    0x08003d50   0x08003d50   0x00000038   Code   RO          386    i.MX_USART1_UART_Init  usart.o
    0x08003d88   0x08003d88   0x00000002   Code   RO          430    i.MemManage_Handler  stm32f4xx_it.o
    0x08003d8a   0x08003d8a   0x00000002   Code   RO          431    i.NMI_Handler       stm32f4xx_it.o
    0x08003d8c   0x08003d8c   0x00000036   Code   RO         3952    i.Park_Inv_Transform  bsp_foc.o
    0x08003dc2   0x08003dc2   0x00000046   Code   RO         3953    i.Park_Transform    bsp_foc.o
    0x08003e08   0x08003e08   0x00000002   Code   RO          432    i.PendSV_Handler    stm32f4xx_it.o
    0x08003e0a   0x08003e0a   0x00000002   Code   RO          433    i.SVC_Handler       stm32f4xx_it.o
    0x08003e0c   0x08003e0c   0x0000002c   Code   RO         3955    i.SVPWM_Control     bsp_foc.o
    0x08003e38   0x08003e38   0x0000009c   Code   RO         3956    i.Set_SPWM          bsp_foc.o
    0x08003ed4   0x08003ed4   0x00000070   Code   RO         3958    i.Start_Up          bsp_foc.o
    0x08003f44   0x08003f44   0x00000004   Code   RO          434    i.SysTick_Handler   stm32f4xx_it.o
    0x08003f48   0x08003f48   0x00000094   Code   RO           14    i.SystemClock_Config  main.o
    0x08003fdc   0x08003fdc   0x00000010   Code   RO         3741    i.SystemInit        system_stm32f4xx.o
    0x08003fec   0x08003fec   0x00000078   Code   RO         3959    i.TIM1_PWM_Init     bsp_foc.o
    0x08004064   0x08004064   0x0000000c   Code   RO          435    i.TIM1_UP_TIM10_IRQHandler  stm32f4xx_it.o
    0x08004070   0x08004070   0x0000000c   Code   RO          436    i.TIM6_DAC_IRQHandler  stm32f4xx_it.o
    0x0800407c   0x0800407c   0x000000c8   Code   RO         2505    i.TIM_Base_SetConfig  stm32f4xx_hal_tim.o
    0x08004144   0x08004144   0x0000001a   Code   RO         2506    i.TIM_CCxChannelCmd  stm32f4xx_hal_tim.o
    0x0800415e   0x0800415e   0x0000001a   Code   RO         3155    i.TIM_CCxNChannelCmd  stm32f4xx_hal_tim_ex.o
    0x08004178   0x08004178   0x00000014   Code   RO         2516    i.TIM_ETR_SetConfig  stm32f4xx_hal_tim.o
    0x0800418c   0x0800418c   0x00000010   Code   RO         2517    i.TIM_ITRx_SetConfig  stm32f4xx_hal_tim.o
    0x0800419c   0x0800419c   0x00000060   Code   RO         2518    i.TIM_OC1_SetConfig  stm32f4xx_hal_tim.o
    0x080041fc   0x080041fc   0x0000006c   Code   RO         2519    i.TIM_OC2_SetConfig  stm32f4xx_hal_tim.o
    0x08004268   0x08004268   0x00000068   Code   RO         2520    i.TIM_OC3_SetConfig  stm32f4xx_hal_tim.o
    0x080042d0   0x080042d0   0x00000050   Code   RO         2521    i.TIM_OC4_SetConfig  stm32f4xx_hal_tim.o
    0x08004320   0x08004320   0x00000022   Code   RO         2523    i.TIM_TI1_ConfigInputStage  stm32f4xx_hal_tim.o
    0x08004342   0x08004342   0x00000024   Code   RO         2525    i.TIM_TI2_ConfigInputStage  stm32f4xx_hal_tim.o
    0x08004366   0x08004366   0x00000010   Code   RO         3425    i.UART_DMAAbortOnError  stm32f4xx_hal_uart.o
    0x08004376   0x08004376   0x0000004e   Code   RO         3435    i.UART_EndRxTransfer  stm32f4xx_hal_uart.o
    0x080043c4   0x080043c4   0x000000c0   Code   RO         3437    i.UART_Receive_IT   stm32f4xx_hal_uart.o
    0x08004484   0x08004484   0x0000010c   Code   RO         3438    i.UART_SetConfig    stm32f4xx_hal_uart.o
    0x08004590   0x08004590   0x0000003a   Code   RO         3440    i.UART_Start_Receive_IT  stm32f4xx_hal_uart.o
    0x080045ca   0x080045ca   0x00000078   Code   RO         3441    i.UART_WaitOnFlagUntilTimeout  stm32f4xx_hal_uart.o
    0x08004642   0x08004642   0x00000002   PAD
    0x08004644   0x08004644   0x0000000c   Code   RO          437    i.USART1_IRQHandler  stm32f4xx_it.o
    0x08004650   0x08004650   0x00000014   Code   RO         4117    i.USART_Init        bsp_usart.o
    0x08004664   0x08004664   0x00000002   Code   RO          438    i.UsageFault_Handler  stm32f4xx_it.o
    0x08004666   0x08004666   0x00000002   PAD
    0x08004668   0x08004668   0x00000020   Code   RO         4662    i.__0printf         mc_w.l(printfa.o)
    0x08004688   0x08004688   0x00000020   Code   RO         1585    i.__NVIC_SetPriority  stm32f4xx_hal_cortex.o
    0x080046a8   0x080046a8   0x00000038   Code   RO         4392    i.__hardfp_atof     m_wm.l(atof.o)
    0x080046e0   0x080046e0   0x00000104   Code   RO         4398    i.__hardfp_fmod     m_wm.l(fmod.o)
    0x080047e4   0x080047e4   0x00000004   PAD
    0x080047e8   0x080047e8   0x00000020   Code   RO         4707    i.__mathlib_dbl_invalid  m_wm.l(dunder.o)
    0x08004808   0x08004808   0x0000000c   Code   RO         4744    i.__read_errno      mc_w.l(errno.o)
    0x08004814   0x08004814   0x0000000e   Code   RO         4780    i.__scatterload_copy  mc_w.l(handlers.o)
    0x08004822   0x08004822   0x00000002   Code   RO         4781    i.__scatterload_null  mc_w.l(handlers.o)
    0x08004824   0x08004824   0x0000000e   Code   RO         4782    i.__scatterload_zeroinit  mc_w.l(handlers.o)
    0x08004832   0x08004832   0x00000002   PAD
    0x08004834   0x08004834   0x0000000c   Code   RO         4745    i.__set_errno       mc_w.l(errno.o)
    0x08004840   0x08004840   0x00000184   Code   RO         4669    i._fp_digits        mc_w.l(printfa.o)
    0x080049c4   0x080049c4   0x0000000e   Code   RO         4769    i._is_digit         mc_w.l(scanf_fp.o)
    0x080049d2   0x080049d2   0x00000002   PAD
    0x080049d4   0x080049d4   0x000006b4   Code   RO         4670    i._printf_core      mc_w.l(printfa.o)
    0x08005088   0x08005088   0x00000024   Code   RO         4671    i._printf_post_padding  mc_w.l(printfa.o)
    0x080050ac   0x080050ac   0x0000002e   Code   RO         4672    i._printf_pre_padding  mc_w.l(printfa.o)
    0x080050da   0x080050da   0x00000002   PAD
    0x080050dc   0x080050dc   0x000000cc   Code   RO         3830    i.bsp_as5600GetAngle  bsp_as5600.o
    0x080051a8   0x080051a8   0x00000038   Code   RO         3831    i.bsp_as5600GetRawAngle  bsp_as5600.o
    0x080051e0   0x080051e0   0x00000028   Code   RO         3832    i.bsp_as5600Init    bsp_as5600.o
    0x08005208   0x08005208   0x00000174   Code   RO         4162    i.cmd               bsp_cmd.o
    0x0800537c   0x0800537c   0x00000038   Code   RO         4163    i.debug_off         bsp_cmd.o
    0x080053b4   0x080053b4   0x00000038   Code   RO         4164    i.debug_on          bsp_cmd.o
    0x080053ec   0x080053ec   0x00000018   Code   RO         4119    i.fputc             bsp_usart.o
    0x08005404   0x08005404   0x00000290   Code   RO         4165    i.help              bsp_cmd.o
    0x08005694   0x08005694   0x00000064   Code   RO           15    i.main              main.o
    0x080056f8   0x080056f8   0x0000001c   Code   RO         4166    i.reboot            bsp_cmd.o
    0x08005714   0x08005714   0x000000b0   Code   RO         4169    i.set_speed         bsp_cmd.o
    0x080057c4   0x080057c4   0x00000058   Code   RO         4171    i.show_encoder      bsp_cmd.o
    0x0800581c   0x0800581c   0x00000046   Code   RO         4173    i.split             bsp_cmd.o
    0x08005862   0x08005862   0x00000010   Data   RO         3742    .constdata          system_stm32f4xx.o
    0x08005872   0x08005872   0x00000008   Data   RO         3743    .constdata          system_stm32f4xx.o
    0x0800587a   0x0800587a   0x00000040   Data   RO         4774    .constdata          mc_w.l(ctype_c.o)
    0x080058ba   0x080058ba   0x00000002   PAD
    0x080058bc   0x080058bc   0x00000096   Data   RO         4175    .conststring        bsp_cmd.o
    0x08005952   0x08005952   0x00000002   PAD
    0x08005954   0x08005954   0x00000804   Data   RO         4385    .rodata.sinTable_f32  arm_cortexM4lf_math.lib(arm_common_tables.o)
    0x08006158   0x08006158   0x00000020   Data   RO         4778    Region$$Table       anon$$obj.o


    Execution Region RW_IRAM1 (Exec base: 0x20000000, Load base: 0x08006178, Size: 0x00000730, Max: 0x0001c000, ABSOLUTE)

    Exec Addr    Load Addr    Size         Type   Attr      Idx    E Section Name        Object

    0x20000000   0x08006178   0x00000004   Data   RW           17    .data               main.o
    0x20000004   0x0800617c   0x0000000c   Data   RW         1729    .data               stm32f4xx_hal.o
    0x20000010   0x08006188   0x00000004   Data   RW         3744    .data               system_stm32f4xx.o
    0x20000014   0x0800618c   0x00000004   Data   RW         3783    .data               bsp_adc.o
    0x20000018   0x08006190   0x00000008   Data   RW         3833    .data               bsp_as5600.o
    0x20000020   0x08006198   0x00000040   Data   RW         3877    .data               bsp_dwt.o
    0x20000060   0x080061d8   0x00000018   Data   RW         3963    .data               bsp_foc.o
    0x20000078   0x080061f0   0x00000002   Data   RW         4120    .data               bsp_usart.o
    0x2000007a   0x080061f2   0x00000002   PAD
    0x2000007c   0x080061f4   0x00000008   Data   RW         4176    .data               bsp_cmd.o
    0x20000084   0x080061fc   0x00000004   Data   RW         4424    .data               mc_w.l(strtok.o)
    0x20000088   0x08006200   0x00000004   Data   RW         4734    .data               mc_w.l(stdout.o)
    0x2000008c   0x08006204   0x00000004   Data   RW         4746    .data               mc_w.l(errno.o)
    0x20000090        -       0x000000ac   Zero   RW           16    .bss                main.o
    0x2000013c        -       0x00000048   Zero   RW          249    .bss                adc.o
    0x20000184        -       0x00000054   Zero   RW          291    .bss                i2c.o
    0x200001d8        -       0x00000090   Zero   RW          335    .bss                tim.o
    0x20000268        -       0x00000044   Zero   RW          387    .bss                usart.o
    0x200002ac        -       0x0000004c   Zero   RW         3782    .bss                bsp_adc.o
    0x200002f8        -       0x00000032   Zero   RW         4174    .bss                bsp_cmd.o
    0x2000032a   0x08006208   0x00000006   PAD
    0x20000330        -       0x00000400   Zero   RW            1    STACK               startup_stm32f407xx.o


    Execution Region RW_IRAM2 (Exec base: 0x2001c000, Load base: 0x08006208, Size: 0x00000000, Max: 0x00004000, ABSOLUTE)

    **** No section assigned to this execution region ****


==============================================================================

Image component sizes


      Code (inc. data)   RO Data    RW Data    ZI Data      Debug   Object Name

       304         24          0          0         72       1885   adc.o
       220         36          0          4         76       4756   bsp_adc.o
       300         46          0          8          0       2798   bsp_as5600.o
      1502        918        150          8         50       5449   bsp_cmd.o
        72         18          0         64          0       2130   bsp_dwt.o
      1384        136          0         24          0      11225   bsp_foc.o
       120         38          0          2          0       2339   bsp_usart.o
       124          8          0          0          0        979   gpio.o
       168         26          0          0         84       1725   i2c.o
       252         24          0          4        172     725024   main.o
        36          8        392          0       1024        848   startup_stm32f407xx.o
       180         28          0         12          0       9505   stm32f4xx_hal.o
      1020         28          0          0          0       5610   stm32f4xx_hal_adc.o
      1044         50          0          0          0       5002   stm32f4xx_hal_adc_ex.o
       198         14          0          0          0      34019   stm32f4xx_hal_cortex.o
       182          0          0          0          0       2135   stm32f4xx_hal_dma.o
       506         46          0          0          0       2228   stm32f4xx_hal_gpio.o
      2118         50          0          0          0      12722   stm32f4xx_hal_i2c.o
        48          6          0          0          0        878   stm32f4xx_hal_msp.o
      1344         72          0          0          0       5312   stm32f4xx_hal_rcc.o
      2020        136          0          0          0      17158   stm32f4xx_hal_tim.o
       450         56          0          0          0       4824   stm32f4xx_hal_tim_ex.o
      1672         16          0          0          0      11568   stm32f4xx_hal_uart.o
        68         24          0          0          0       6204   stm32f4xx_it.o
        16          4         24          4          0       1163   system_stm32f4xx.o
       628         56          0          0        144       3345   tim.o
       180         22          0          0         68       1762   usart.o

    ----------------------------------------------------------------------
     16182       1890        600        132       1696     882593   Object Totals
         0          0         32          0          0          0   (incl. Generated)
        26          0          2          2          6          0   (incl. Padding)

    ----------------------------------------------------------------------

      Code (inc. data)   RO Data    RW Data    ZI Data      Debug   Library Member Name

         0          0       2052          0          0       6294   arm_common_tables.o
       152         12          0          0          0       1104   arm_cos_f32.o
       144         12          0          0          0       1092   arm_sin_f32.o
        56         12          0          0          0        132   atof.o
        32          8          0          0          0        124   dunder.o
       260          6          0          0          0        144   fmod.o
        64          0          0          0          0         84   _sgetc.o
        40          6         64          0          0         68   ctype_c.o
         0          0          0          0          0          0   entry.o
         0          0          0          0          0          0   entry10a.o
         0          0          0          0          0          0   entry11a.o
         4          0          0          0          0          0   entry12b.o
         8          4          0          0          0          0   entry2.o
         4          0          0          0          0          0   entry5.o
         0          0          0          0          0          0   entry7b.o
         0          0          0          0          0          0   entry8b.o
         8          4          0          0          0          0   entry9a.o
        24         12          0          4          0        136   errno.o
        30          0          0          0          0          0   handlers.o
        36          8          0          0          0         68   init.o
        10          0          0          0          0         68   isspace_c.o
         0          0          0          0          0          0   iusefp.o
        30          0          0          0          0         68   llshl.o
        36          0          0          0          0         68   llsshr.o
        32          0          0          0          0         68   llushr.o
        36          0          0          0          0        108   memseta.o
      2218         90          0          0          0        464   printfa.o
       878         12          0          0          0        216   scanf_fp.o
         0          0          0          4          0          0   stdout.o
        28          0          0          0          0         76   strcmp.o
        14          0          0          0          0         68   strlen.o
        36          0          0          0          0         80   strstr.o
       156         12          0          0          0        120   strtod.o
        68          6          0          4          0         80   strtok.o
        44          0          0          0          0         80   uidiv.o
        98          0          0          0          0         92   uldiv.o
        48          0          0          0          0         68   cdrcmple.o
        56          0          0          0          0         88   d2f.o
       334          0          0          0          0        148   dadd.o
       222          0          0          0          0        100   ddiv.o
       186          0          0          0          0        176   depilogue.o
        62          0          0          0          0         80   dfixi.o
        48          0          0          0          0         68   dfixul.o
        24          0          0          0          0         76   dfltul.o
       228          0          0          0          0         96   dmul.o
       134          0          0          0          0         96   drem.o
        38          0          0          0          0         68   f2d.o
       110          0          0          0          0        168   fepilogue.o

    ----------------------------------------------------------------------
      6052        208       2118         12          0      12134   Library Totals
        16          4          2          0          0          0   (incl. Padding)

    ----------------------------------------------------------------------

      Code (inc. data)   RO Data    RW Data    ZI Data      Debug   Library Name

       296         24       2052          0          0       8490   arm_cortexM4lf_math.lib
       348         26          0          0          0        400   m_wm.l
      3902        154         64         12          0       2012   mc_w.l
      1490          0          0          0          0       1232   mf_w.l

    ----------------------------------------------------------------------
      6052        208       2118         12          0      12134   Library Totals

    ----------------------------------------------------------------------

==============================================================================


      Code (inc. data)   RO Data    RW Data    ZI Data      Debug   

     22234       2098       2718        144       1696     879851   Grand Totals
     22234       2098       2718        144       1696     879851   ELF Image Totals
     22234       2098       2718        144          0          0   ROM Totals

==============================================================================

    Total RO  Size (Code + RO Data)                24952 (  24.37kB)
    Total RW  Size (RW Data + ZI Data)              1840 (   1.80kB)
    Total ROM Size (Code + RO Data + RW Data)      25096 (  24.51kB)

==============================================================================

