<html>
<body>
<pre>
<h1>µVision Build Log</h1>
<h2>Tool Versions:</h2>
IDE-Version: ¦ÌVision V5.36.0.0
Copyright (C) 2021 ARM Ltd and ARM Germany GmbH. All rights reserved.
License Information: yipeifang Hacker, nine, LIC=WHYH9-4885Y-HLACL-0J22A-DNA0Z-0BAW8
 
Tool Versions:
Toolchain:       MDK-ARM Plus  Version: 5.36.0.0
Toolchain Path:  D:\Keil_v5\ARM\ARMCC\Bin
C Compiler:      Armcc.exe V5.06 update 7 (build 960)
Assembler:       Armasm.exe V5.06 update 7 (build 960)
Linker/Locator:  ArmLink.exe V5.06 update 7 (build 960)
Library Manager: ArmAr.exe V5.06 update 7 (build 960)
Hex Converter:   FromElf.exe V5.06 update 7 (build 960)
CPU DLL:         SARMCM3.DLL V5.36.0.0
Dialog DLL:      DCM.DLL V1.17.3.0
Target DLL:      CMSIS_AGDI.dll V1.33.0.0
Dialog DLL:      TCM.DLL V1.53.0.0
 
<h2>Project:</h2>
D:\Code_Src\Github\robot_collector\Pmsm\FOC_2804\MDK-ARM\FOC_2804.uvprojx
Project File Date:  12/04/2024

<h2>Output:</h2>
*** Using Compiler 'V5.06 update 7 (build 960)', folder: 'D:\Keil_v5\ARM\ARMCC\Bin'
Build target 'FOC_2804'
assembling startup_stm32f407xx.s...
compiling stm32f4xx_ll_adc.c...
compiling stm32f4xx_hal_msp.c...
compiling stm32f4xx_hal_flash.c...
compiling adc.c...
compiling tim.c...
compiling stm32f4xx_it.c...
compiling i2c.c...
compiling gpio.c...
compiling usart.c...
compiling stm32f4xx_hal_rcc_ex.c...
compiling main.c...
../Core/Src/main.c(79): warning:  #177-D: variable "cnt_10ms"  was declared but never referenced
  static uint32_t cnt_10ms = 0;
../Core/Src/main.c: 1 warning, 0 errors
compiling stm32f4xx_hal_adc.c...
compiling stm32f4xx_hal_adc_ex.c...
compiling stm32f4xx_hal_rcc.c...
compiling stm32f4xx_hal_cortex.c...
compiling stm32f4xx_hal_i2c_ex.c...
compiling stm32f4xx_hal.c...
compiling stm32f4xx_hal_flash_ramfunc.c...
compiling stm32f4xx_hal_gpio.c...
compiling stm32f4xx_hal_flash_ex.c...
compiling stm32f4xx_hal_pwr_ex.c...
compiling stm32f4xx_hal_pwr.c...
compiling stm32f4xx_hal_exti.c...
compiling stm32f4xx_hal_dma.c...
compiling stm32f4xx_hal_dma_ex.c...
compiling stm32f4xx_hal_i2c.c...
compiling stm32f4xx_hal_tim.c...
compiling system_stm32f4xx.c...
compiling bsp_as5600.c...
..\Bsp\Src\bsp_as5600.c(59): warning:  #1035-D: single-precision operand implicitly converted to double-precision
     return (full_rotation_offset + (angle_data / (float)AS5600_RESOLUTION) * _2PI);
..\Bsp\Src\bsp_as5600.c: 1 warning, 0 errors
compiling bsp_usart.c...
compiling bsp_dwt.c...
compiling bsp_pid.c...
compiling bsp_adc.c...
compiling bsp_cmd.c...
compiling bsp_foc.c...
..\Bsp\Src\bsp_foc.c(566): warning:  #1-D: last line of file ends without a newline
  }
..\Bsp\Src\bsp_foc.c(97): warning:  #177-D: function "Low_Pass_Filter"  was declared but never referenced
  static float Low_Pass_Filter(foc_handler *foc_data, float dt)
..\Bsp\Src\bsp_foc.c: 2 warnings, 0 errors
compiling stm32f4xx_hal_uart.c...
compiling stm32f4xx_hal_tim_ex.c...
linking...
Program Size: Code=22234 RO-data=2718 RW-data=144 ZI-data=1696  
FromELF: creating hex file...
"FOC_2804\FOC_2804.axf" - 0 Error(s), 4 Warning(s).

<h2>Software Packages used:</h2>

Package Vendor: ARM
                http://www.keil.com/pack/ARM.CMSIS.5.8.0.pack
                ARM.CMSIS.5.8.0
                CMSIS (Common Microcontroller Software Interface Standard)
   * Component: CORE Version: 5.5.0

Package Vendor: Keil
                http://www.keil.com/pack/Keil.STM32F4xx_DFP.2.14.0.pack
                Keil.STM32F4xx_DFP.2.14.0
                STMicroelectronics STM32F4 Series Device Support, Drivers and Examples

<h2>Collection of Component include folders:</h2>
  .\RTE\_FOC_2804
  D:\Keil_v5\Arm\Packs\ARM\CMSIS\5.8.0\CMSIS\Core\Include
  D:\Keil_v5\Arm\Packs\Keil\STM32F4xx_DFP\2.14.0\Drivers\CMSIS\Device\ST\STM32F4xx\Include

<h2>Collection of Component Files used:</h2>

   * Component: ARM::CMSIS:CORE:5.5.0
      Include file:  CMSIS\Core\Include\tz_context.h
Build Time Elapsed:  00:00:11
</pre>
</body>
</html>
