Component: ARM Compiler 5.06 update 7 (build 960) Tool: armlink [4d3601]

==============================================================================

Section Cross References

    main.o(.text) refers to misc.o(.text) for NVIC_PriorityGroupConfig
    main.o(.text) refers to bsp_motor.o(.text) for GPIO_Configuration
    main.o(.text) refers to stm32f10x_svpwm_3shunt.o(.text) for SVPWM_3ShuntInit
    main.o(.text) refers to mc_state_observer_interface.o(.text) for STO_StateObserverInterface_Init
    main.o(.text) refers to mc_state_observer.o(i.STO_Init) for STO_Init
    main.o(.text) refers to stm32f10x_timebase.o(.text) for TB_Init
    main.o(.text) refers to mc_pid_regulators.o(.text) for PID_Init
    main.o(.text) refers to bsp_key.o(.text) for Key_Init
    main.o(.text) refers to mc_motorcontrol_layer.o(.text) for MCL_Init_Arrays
    main.o(.text) refers to stm32f10x_tim.o(.text) for TIM_CtrlPWMOutputs
    main.o(.text) refers to mc_state_observer.o(i.STO_InitSpeedBuffer) for STO_InitSpeedBuffer
    main.o(.text) refers to mc_globals.o(.bss) for PID_Speed_InitStructure
    main.o(.text) refers to mc_globals.o(.bss) for PID_Flux_InitStructure
    main.o(.text) refers to mc_globals.o(.bss) for PID_Torque_InitStructure
    main.o(.text) refers to mc_globals.o(.data) for State
    main.o(.text) refers to mc_globals.o(.data) for hSpeed_Reference
    main.o(.text) refers to mc_keys.o(.data) for bMenu_index
    main.o(.text) refers to mc_globals.o(.data) for wGlobal_Flags
    main.o(.text) refers to mc_globals.o(.data) for Stat_Volt_alfa_beta
    stm32f10x_it.o(.text) refers to stm32f10x_svpwm_3shunt.o(.text) for SVPWMEOCEvent
    stm32f10x_it.o(.text) refers to mc_motorcontrol_layer.o(.text) for MCL_Calc_BusVolt
    stm32f10x_it.o(.text) refers to mc_foc_drive.o(.text) for FOC_Model
    stm32f10x_it.o(.text) refers to mc_state_observer_interface.o(.text) for STO_Start_Up
    stm32f10x_it.o(.text) refers to stm32f10x_adc.o(.text) for ADC_GetITStatus
    stm32f10x_it.o(.text) refers to stm32f10x_tim.o(.text) for TIM_ClearITPendingBit
    stm32f10x_it.o(.text) refers to mc_globals.o(.data) for State
    system_stm32f10x.o(.text) refers to system_stm32f10x.o(.data) for .data
    stm32f10x_adc.o(.text) refers to stm32f10x_rcc.o(.text) for RCC_APB2PeriphResetCmd
    stm32f10x_bkp.o(.text) refers to stm32f10x_rcc.o(.text) for RCC_BackupResetCmd
    stm32f10x_can.o(.text) refers to stm32f10x_rcc.o(.text) for RCC_APB1PeriphResetCmd
    stm32f10x_cec.o(.text) refers to stm32f10x_rcc.o(.text) for RCC_APB1PeriphResetCmd
    stm32f10x_dac.o(.text) refers to stm32f10x_rcc.o(.text) for RCC_APB1PeriphResetCmd
    stm32f10x_gpio.o(.text) refers to stm32f10x_rcc.o(.text) for RCC_APB2PeriphResetCmd
    stm32f10x_i2c.o(.text) refers to stm32f10x_rcc.o(.text) for RCC_APB1PeriphResetCmd
    stm32f10x_pwr.o(.text) refers to stm32f10x_rcc.o(.text) for RCC_APB1PeriphResetCmd
    stm32f10x_rcc.o(.text) refers to stm32f10x_rcc.o(.data) for .data
    stm32f10x_spi.o(.text) refers to stm32f10x_rcc.o(.text) for RCC_APB2PeriphResetCmd
    stm32f10x_tim.o(.text) refers to stm32f10x_rcc.o(.text) for RCC_APB1PeriphResetCmd
    stm32f10x_usart.o(.text) refers to stm32f10x_rcc.o(.text) for RCC_APB2PeriphResetCmd
    stm32f10x_wwdg.o(.text) refers to stm32f10x_rcc.o(.text) for RCC_APB1PeriphResetCmd
    bsp_led.o(.text) refers to stm32f10x_rcc.o(.text) for RCC_APB2PeriphClockCmd
    bsp_led.o(.text) refers to stm32f10x_gpio.o(.text) for GPIO_Init
    bsp_usart.o(.text) refers to stm32f10x_rcc.o(.text) for RCC_APB2PeriphClockCmd
    bsp_usart.o(.text) refers to stm32f10x_gpio.o(.text) for GPIO_Init
    bsp_usart.o(.text) refers to misc.o(.text) for NVIC_Init
    bsp_usart.o(.text) refers to stm32f10x_usart.o(.text) for USART_Init
    bsp_usart.o(.text) refers to bsp_usart.o(.data) for .data
    bsp_usart.o(.text) refers to bsp_usart.o(.bss) for .bss
    bsp_motor.o(.text) refers to stm32f10x_rcc.o(.text) for RCC_APB2PeriphClockCmd
    bsp_motor.o(.text) refers to stm32f10x_gpio.o(.text) for GPIO_DeInit
    bsp_key.o(.text) refers to stm32f10x_rcc.o(.text) for RCC_APB2PeriphClockCmd
    bsp_key.o(.text) refers to stm32f10x_gpio.o(.text) for GPIO_Init
    bsp_key.o(.text) refers to bsp_key.o(.data) for .data
    bsp_key.o(.text) refers to mc_globals.o(.data) for State
    bsp_key.o(.text) refers to mc_globals.o(.data) for hSpeed_Reference
    pid.o(.text) refers to cfrcmple.o(.text) for __aeabi_cfrcmple
    pid.o(.text) refers to fflti.o(.text) for __aeabi_i2f
    pid.o(.text) refers to cfcmple.o(.text) for __aeabi_cfcmple
    pid.o(.text) refers to ffixi.o(.text) for __aeabi_f2iz
    pid.o(.text) refers to fadd.o(.text) for __aeabi_fsub
    pid.o(.text) refers to fmul.o(.text) for __aeabi_fmul
    pid.o(.text) refers to pid.o(.bss) for .bss
    pid.o(.text) refers to pid.o(.data) for .data
    delay.o(.text) refers to misc.o(.text) for SysTick_CLKSourceConfig
    delay.o(.text) refers to system_stm32f10x.o(.data) for SystemCoreClock
[...]
    stm32f10x_timebase.o(.text) refers to bsp_key.o(.data) for key_delay
    stm32f10x_timebase.o(.text) refers to mc_globals.o(.data) for State
    stm32f10x_timebase.o(.text) refers to mc_globals.o(.data) for wGlobal_Flags
    startup_stm32f10x_hd.o(RESET) refers to startup_stm32f10x_hd.o(STACK) for __initial_sp
    startup_stm32f10x_hd.o(RESET) refers to startup_stm32f10x_hd.o(.text) for Reset_Handler
    startup_stm32f10x_hd.o(RESET) refers to stm32f10x_it.o(.text) for NMI_Handler
    startup_stm32f10x_hd.o(RESET) refers to stm32f10x_timebase.o(.text) for SysTick_Handler
    startup_stm32f10x_hd.o(RESET) refers to bsp_usart.o(.text) for USART1_IRQHandler
    startup_stm32f10x_hd.o(.text) refers to system_stm32f10x.o(.text) for SystemInit
    startup_stm32f10x_hd.o(.text) refers to entry.o(.ARM.Collect$$$$00000000) for __main
    mc_state_observer.o(i.Store_Rotor_Speed) refers to mc_state_observer.o(.data) for .data
    mc_state_observer.o(i.Store_Rotor_Speed) refers to mc_state_observer.o(.bss) for .bss
    mc_state_observer.o(i.Speed_PI) refers to mc_state_observer.o(.data) for .data
    mc_state_observer.o(i.Calc_Rotor_Speed) refers to mc_clarke_park.o(.text) for Trig_Functions
    mc_state_observer.o(i.Calc_Rotor_Speed) refers to mc_state_observer.o(i.Speed_PI) for Speed_PI
    mc_state_observer.o(i.Calc_Rotor_Speed) refers to mc_state_observer.o(.data) for .data
    mc_state_observer.o(i.STO_Calc_Rotor_Angle) refers to mc_clarke_park.o(.text) for Trig_Functions
    mc_state_observer.o(i.STO_Calc_Rotor_Angle) refers to mc_state_observer.o(i.Speed_PI) for Speed_PI
    mc_state_observer.o(i.STO_Calc_Rotor_Angle) refers to mc_state_observer.o(.data) for .data
    mc_state_observer.o(i.STO_Calc_Rotor_Angle) refers to mc_state_observer.o(.bss) for .bss
    mc_state_observer.o(i.STO_Calc_Speed) refers to mc_state_observer.o(.bss) for .bss
    mc_state_observer.o(i.STO_Calc_Speed) refers to mc_state_observer.o(.data) for .data
    mc_state_observer.o(i.STO_IsSpeed_Reliable) refers to mc_state_observer.o(.data) for .data
    mc_state_observer.o(i.STO_Get_Speed) refers to mc_state_observer.o(.data) for .data
    mc_state_observer.o(i.STO_Get_Electrical_Angle) refers to mc_state_observer.o(.data) for .data
    mc_state_observer.o(i.STO_InitSpeedBuffer) refers to memseta.o(.text) for __aeabi_memclr
    mc_state_observer.o(i.STO_InitSpeedBuffer) refers to mc_state_observer.o(.bss) for .bss
    mc_state_observer.o(i.STO_InitSpeedBuffer) refers to mc_state_observer.o(.data) for .data
    mc_state_observer.o(i.STO_Init) refers to memseta.o(.text) for __aeabi_memclr
    mc_state_observer.o(i.STO_Init) refers to mc_state_observer.o(.data) for .data
    mc_state_observer.o(i.STO_Init) refers to mc_state_observer.o(.bss) for .bss
    mc_state_observer.o(i.STO_Gains_Init) refers to mc_state_observer.o(.data) for .data
    mc_state_observer.o(i.STO_Gains_Update) refers to mc_state_observer.o(.data) for .data
    mc_state_observer.o(i.STO_Get_wIalfa_est) refers to mc_state_observer.o(.data) for .data
    mc_state_observer.o(i.STO_Get_wIbeta_est) refers to mc_state_observer.o(.data) for .data
    mc_state_observer.o(i.STO_Get_wBemf_alfa_est) refers to mc_state_observer.o(.data) for .data
    mc_state_observer.o(i.STO_Get_wBemf_beta_est) refers to mc_state_observer.o(.data) for .data
    entry.o(.ARM.Collect$$$$00000000) refers (Special) to entry10a.o(.ARM.Collect$$$$0000000F) for __rt_final_cpp
    entry.o(.ARM.Collect$$$$00000000) refers (Special) to entry11a.o(.ARM.Collect$$$$00000011) for __rt_final_exit
    entry.o(.ARM.Collect$$$$00000000) refers (Special) to entry12b.o(.ARM.Collect$$$$0000000E) for __rt_lib_shutdown_fini
    entry.o(.ARM.Collect$$$$00000000) refers (Special) to entry7b.o(.ARM.Collect$$$$00000008) for _main_clock
    entry.o(.ARM.Collect$$$$00000000) refers (Special) to entry8b.o(.ARM.Collect$$$$0000000A) for _main_cpp_init
    entry.o(.ARM.Collect$$$$00000000) refers (Special) to entry9a.o(.ARM.Collect$$$$0000000B) for _main_init
    entry.o(.ARM.Collect$$$$00000000) refers (Special) to entry5.o(.ARM.Collect$$$$00000004) for _main_scatterload
    entry.o(.ARM.Collect$$$$00000000) refers (Special) to entry2.o(.ARM.Collect$$$$00000001) for _main_stk
    ldiv.o(.text) refers to uldiv.o(.text) for __aeabi_uldivmod
    fadd.o(.text) refers (Special) to iusefp.o(.text) for __I$use$fp
    fadd.o(.text) refers to fepilogue.o(.text) for _float_epilogue
    fmul.o(.text) refers (Special) to iusefp.o(.text) for __I$use$fp
    dmul.o(.text) refers (Special) to iusefp.o(.text) for __I$use$fp
    dmul.o(.text) refers to depilogue.o(.text) for _double_epilogue
    ddiv.o(.text) refers (Special) to iusefp.o(.text) for __I$use$fp
    ddiv.o(.text) refers to depilogue.o(.text) for _double_round
    dscalb.o(.text) refers (Special) to iusefp.o(.text) for __I$use$fp
    fflti.o(.text) refers (Special) to iusefp.o(.text) for __I$use$fp
    fflti.o(.text) refers to fepilogue.o(.text) for _float_epilogue
    dflti.o(.text) refers (Special) to iusefp.o(.text) for __I$use$fp
    dflti.o(.text) refers to depilogue.o(.text) for _double_epilogue
    ffixi.o(.text) refers (Special) to iusefp.o(.text) for __I$use$fp
    dfixi.o(.text) refers (Special) to iusefp.o(.text) for __I$use$fp
    dfixi.o(.text) refers to llushr.o(.text) for __aeabi_llsr
    cfcmple.o(.text) refers (Special) to iusefp.o(.text) for __I$use$fp
    cfrcmple.o(.text) refers (Special) to iusefp.o(.text) for __I$use$fp
    entry2.o(.ARM.Collect$$$$00000001) refers to entry2.o(.ARM.Collect$$$$00002712) for __lit__00000000
    entry2.o(.ARM.Collect$$$$00002712) refers to startup_stm32f10x_hd.o(STACK) for __initial_sp
    entry2.o(__vectab_stack_and_reset_area) refers to startup_stm32f10x_hd.o(STACK) for __initial_sp
    entry2.o(__vectab_stack_and_reset_area) refers to entry.o(.ARM.Collect$$$$00000000) for __main
    entry5.o(.ARM.Collect$$$$00000004) refers to init.o(.text) for __scatterload
    entry9a.o(.ARM.Collect$$$$0000000B) refers to main.o(.text) for main
    entry9b.o(.ARM.Collect$$$$0000000C) refers to main.o(.text) for main
    uldiv.o(.text) refers to llushr.o(.text) for __aeabi_llsr
    uldiv.o(.text) refers to llshl.o(.text) for __aeabi_llsl
    depilogue.o(.text) refers to llshl.o(.text) for __aeabi_llsl
    depilogue.o(.text) refers to llushr.o(.text) for __aeabi_llsr
    init.o(.text) refers to entry5.o(.ARM.Collect$$$$00000004) for __main_after_scatterload


==============================================================================

Removing Unused input sections from the image.

    Removing core_cm3.o(.emb_text), (32 bytes).
    Removing stm32f10x_bkp.o(.text), (152 bytes).
    Removing stm32f10x_can.o(.text), (1824 bytes).
    Removing stm32f10x_cec.o(.text), (248 bytes).
    Removing stm32f10x_crc.o(.text), (64 bytes).
    Removing stm32f10x_dac.o(.text), (252 bytes).
    Removing stm32f10x_dbgmcu.o(.text), (40 bytes).
    Removing stm32f10x_dma.o(.text), (456 bytes).
    Removing stm32f10x_exti.o(.text), (232 bytes).
    Removing stm32f10x_flash.o(.text), (1148 bytes).
    Removing stm32f10x_fsmc.o(.text), (1148 bytes).
    Removing stm32f10x_i2c.o(.text), (808 bytes).
    Removing stm32f10x_iwdg.o(.text), (60 bytes).
    Removing stm32f10x_pwr.o(.text), (172 bytes).
    Removing stm32f10x_rtc.o(.text), (272 bytes).
    Removing stm32f10x_sdio.o(.text), (428 bytes).
    Removing stm32f10x_spi.o(.text), (628 bytes).
    Removing stm32f10x_wwdg.o(.text), (124 bytes).
    Removing bsp_led.o(.text), (80 bytes).
    Removing bsp_usart.o(.data), (4 bytes).
    Removing math.o(.text), (30 bytes).
    Removing pid.o(.text), (508 bytes).
    Removing pid.o(.bss), (72 bytes).
    Removing pid.o(.data), (8 bytes).
    Removing delay.o(.text), (152 bytes).
    Removing delay.o(.data), (4 bytes).
    Removing mc_globals.o(.data), (4 bytes).
    Removing mc_keys.o(.data), (1 bytes).
    Removing stm32f10x_encoder.o(.text), (776 bytes).
    Removing stm32f10x_encoder.o(.bss), (24 bytes).
    Removing stm32f10x_encoder.o(.data), (16 bytes).
    Removing stm32f10x_hall.o(.text), (824 bytes).
    Removing stm32f10x_hall.o(.bss), (36 bytes).
    Removing stm32f10x_hall.o(.data), (16 bytes).
    Removing stm32f10x_hall.o(.data), (8 bytes).
    Removing stm32f10x_mcdac.o(.text), (348 bytes).
    Removing stm32f10x_mcdac.o(.bss), (46 bytes).
    Removing stm32f10x_mcdac.o(.conststring), (549 bytes).
    Removing stm32f10x_mcdac.o(.data), (117 bytes).
    Removing startup_stm32f10x_hd.o(HEAP), (512 bytes).
    Removing mc_state_observer.o(i.Store_Rotor_Speed), (36 bytes).
    Removing mc_state_observer.o(i.Calc_Rotor_Speed), (64 bytes).
    Removing mc_state_observer.o(i.STO_Get_wIalfa_est), (20 bytes).
    Removing mc_state_observer.o(i.STO_Get_wIbeta_est), (20 bytes).
    Removing mc_state_observer.o(i.STO_Get_wBemf_alfa_est), (12 bytes).
    Removing mc_state_observer.o(i.STO_Get_wBemf_beta_est), (12 bytes).
    Removing fadd.o(.text), (176 bytes).
    Removing fmul.o(.text), (100 bytes).
    Removing fflti.o(.text), (18 bytes).
    Removing ffixi.o(.text), (50 bytes).
    Removing cfcmple.o(.text), (20 bytes).
    Removing cfrcmple.o(.text), (20 bytes).
    Removing fepilogue.o(.text), (110 bytes).

53 unused section(s) (total 12881 bytes) removed from the image.

==============================================================================

Image Symbol Table

    Local Symbols

    Symbol Name                              Value     Ov Type        Size  Object(Section)

    ../clib/microlib/division.c              0x00000000   Number         0  uldiv.o ABSOLUTE
    ../clib/microlib/division.c              0x00000000   Number         0  ldiv.o ABSOLUTE
    ../clib/microlib/init/entry.s            0x00000000   Number         0  entry8a.o ABSOLUTE
    ../clib/microlib/init/entry.s            0x00000000   Number         0  entry10b.o ABSOLUTE
    ../clib/microlib/init/entry.s            0x00000000   Number         0  entry10a.o ABSOLUTE
    ../clib/microlib/init/entry.s            0x00000000   Number         0  entry9b.o ABSOLUTE
    ../clib/microlib/init/entry.s            0x00000000   Number         0  entry9a.o ABSOLUTE
    ../clib/microlib/init/entry.s            0x00000000   Number         0  entry11a.o ABSOLUTE
    ../clib/microlib/init/entry.s            0x00000000   Number         0  entry7b.o ABSOLUTE
    ../clib/microlib/init/entry.s            0x00000000   Number         0  entry7a.o ABSOLUTE
    ../clib/microlib/init/entry.s            0x00000000   Number         0  entry5.o ABSOLUTE
    ../clib/microlib/init/entry.s            0x00000000   Number         0  entry2.o ABSOLUTE
    ../clib/microlib/init/entry.s            0x00000000   Number         0  entry11b.o ABSOLUTE
    ../clib/microlib/init/entry.s            0x00000000   Number         0  entry12a.o ABSOLUTE
    ../clib/microlib/init/entry.s            0x00000000   Number         0  entry12b.o ABSOLUTE
    ../clib/microlib/init/entry.s            0x00000000   Number         0  entry.o ABSOLUTE
    ../clib/microlib/init/entry.s            0x00000000   Number         0  entry8b.o ABSOLUTE
    ../clib/microlib/longlong.c              0x00000000   Number         0  llushr.o ABSOLUTE
    ../clib/microlib/longlong.c              0x00000000   Number         0  llshl.o ABSOLUTE
    ../clib/microlib/string/memset.c         0x00000000   Number         0  memseta.o ABSOLUTE
    ../clib/microlib/stubs.s                 0x00000000   Number         0  iusefp.o ABSOLUTE
    ../clib/microlib/stubs.s                 0x00000000   Number         0  useno.o ABSOLUTE
    ../fplib/microlib/fpadd.c                0x00000000   Number         0  fadd.o ABSOLUTE
    ../fplib/microlib/fpdiv.c                0x00000000   Number         0  ddiv.o ABSOLUTE
    ../fplib/microlib/fpepilogue.c           0x00000000   Number         0  depilogue.o ABSOLUTE
    ../fplib/microlib/fpepilogue.c           0x00000000   Number         0  fepilogue.o ABSOLUTE
    ../fplib/microlib/fpfix.c                0x00000000   Number         0  ffixi.o ABSOLUTE
    ../fplib/microlib/fpfix.c                0x00000000   Number         0  dfixi.o ABSOLUTE
    ../fplib/microlib/fpflt.c                0x00000000   Number         0  fflti.o ABSOLUTE
    ../fplib/microlib/fpflt.c                0x00000000   Number         0  dflti.o ABSOLUTE
    ../fplib/microlib/fpmul.c                0x00000000   Number         0  dmul.o ABSOLUTE
    ../fplib/microlib/fpmul.c                0x00000000   Number         0  fmul.o ABSOLUTE
    ../fplib/microlib/fpscalb.c              0x00000000   Number         0  dscalb.o ABSOLUTE
    ..\BSP\src\bsp_key.c                     0x00000000   Number         0  bsp_key.o ABSOLUTE
    ..\BSP\src\bsp_led.c                     0x00000000   Number         0  bsp_led.o ABSOLUTE
    ..\BSP\src\bsp_motor.c                   0x00000000   Number         0  bsp_motor.o ABSOLUTE
    ..\BSP\src\bsp_tim.c                     0x00000000   Number         0  bsp_tim.o ABSOLUTE
    ..\BSP\src\bsp_usart.c                   0x00000000   Number         0  bsp_usart.o ABSOLUTE
    ..\BSP\systick\src\delay.c               0x00000000   Number         0  delay.o ABSOLUTE
    ..\BSP\systick\src\sys.c                 0x00000000   Number         0  sys.o ABSOLUTE
    ..\BSP\uselib\src\math.c                 0x00000000   Number         0  math.o ABSOLUTE
    ..\BSP\uselib\src\pid.c                  0x00000000   Number         0  pid.o ABSOLUTE
    ..\BSP\uselib\src\protocol.c             0x00000000   Number         0  protocol.o ABSOLUTE
    ..\Drivers\CMSIS\CM3\CoreSupport\core_cm3.c 0x00000000   Number         0  core_cm3.o ABSOLUTE
    ..\Drivers\CMSIS\CM3\DeviceSupport\ST\STM32F10x\startup\arm\startup_stm32f10x_hd.s 0x00000000   Number         0  startup_stm32f10x_hd.o ABSOLUTE
    ..\Drivers\CMSIS\CM3\DeviceSupport\ST\STM32F10x\system_stm32f10x.c 0x00000000   Number         0  system_stm32f10x.o ABSOLUTE
    ..\Drivers\STM32F10x_StdPeriph_Driver\src\misc.c 0x00000000   Number         0  misc.o ABSOLUTE
    ..\Drivers\STM32F10x_StdPeriph_Driver\src\stm32f10x_adc.c 0x00000000   Number         0  stm32f10x_adc.o ABSOLUTE
    ..\Drivers\STM32F10x_StdPeriph_Driver\src\stm32f10x_bkp.c 0x00000000   Number         0  stm32f10x_bkp.o ABSOLUTE
    ..\Drivers\STM32F10x_StdPeriph_Driver\src\stm32f10x_can.c 0x00000000   Number         0  stm32f10x_can.o ABSOLUTE
    ..\Drivers\STM32F10x_StdPeriph_Driver\src\stm32f10x_cec.c 0x00000000   Number         0  stm32f10x_cec.o ABSOLUTE
    ..\Drivers\STM32F10x_StdPeriph_Driver\src\stm32f10x_crc.c 0x00000000   Number         0  stm32f10x_crc.o ABSOLUTE
    ..\Drivers\STM32F10x_StdPeriph_Driver\src\stm32f10x_dac.c 0x00000000   Number         0  stm32f10x_dac.o ABSOLUTE
    ..\Drivers\STM32F10x_StdPeriph_Driver\src\stm32f10x_dbgmcu.c 0x00000000   Number         0  stm32f10x_dbgmcu.o ABSOLUTE
    ..\Drivers\STM32F10x_StdPeriph_Driver\src\stm32f10x_dma.c 0x00000000   Number         0  stm32f10x_dma.o ABSOLUTE
    ..\Drivers\STM32F10x_StdPeriph_Driver\src\stm32f10x_exti.c 0x00000000   Number         0  stm32f10x_exti.o ABSOLUTE
    ..\Drivers\STM32F10x_StdPeriph_Driver\src\stm32f10x_flash.c 0x00000000   Number         0  stm32f10x_flash.o ABSOLUTE
    ..\Drivers\STM32F10x_StdPeriph_Driver\src\stm32f10x_fsmc.c 0x00000000   Number         0  stm32f10x_fsmc.o ABSOLUTE
    ..\Drivers\STM32F10x_StdPeriph_Driver\src\stm32f10x_gpio.c 0x00000000   Number         0  stm32f10x_gpio.o ABSOLUTE
    ..\Drivers\STM32F10x_StdPeriph_Driver\src\stm32f10x_i2c.c 0x00000000   Number         0  stm32f10x_i2c.o ABSOLUTE
    ..\Drivers\STM32F10x_StdPeriph_Driver\src\stm32f10x_iwdg.c 0x00000000   Number         0  stm32f10x_iwdg.o ABSOLUTE
    ..\Drivers\STM32F10x_StdPeriph_Driver\src\stm32f10x_pwr.c 0x00000000   Number         0  stm32f10x_pwr.o ABSOLUTE
    ..\Drivers\STM32F10x_StdPeriph_Driver\src\stm32f10x_rcc.c 0x00000000   Number         0  stm32f10x_rcc.o ABSOLUTE
    ..\Drivers\STM32F10x_StdPeriph_Driver\src\stm32f10x_rtc.c 0x00000000   Number         0  stm32f10x_rtc.o ABSOLUTE
    ..\Drivers\STM32F10x_StdPeriph_Driver\src\stm32f10x_sdio.c 0x00000000   Number         0  stm32f10x_sdio.o ABSOLUTE
    ..\Drivers\STM32F10x_StdPeriph_Driver\src\stm32f10x_spi.c 0x00000000   Number         0  stm32f10x_spi.o ABSOLUTE
    ..\Drivers\STM32F10x_StdPeriph_Driver\src\stm32f10x_tim.c 0x00000000   Number         0  stm32f10x_tim.o ABSOLUTE
    ..\Drivers\STM32F10x_StdPeriph_Driver\src\stm32f10x_usart.c 0x00000000   Number         0  stm32f10x_usart.o ABSOLUTE
    ..\Drivers\STM32F10x_StdPeriph_Driver\src\stm32f10x_wwdg.c 0x00000000   Number         0  stm32f10x_wwdg.o ABSOLUTE
    ..\SimpleFOC\src\MC_Clarke_Park.c        0x00000000   Number         0  mc_clarke_park.o ABSOLUTE
    ..\SimpleFOC\src\MC_Display.c            0x00000000   Number         0  mc_display.o ABSOLUTE
    ..\SimpleFOC\src\MC_FOC_Drive.c          0x00000000   Number         0  mc_foc_drive.o ABSOLUTE
    ..\SimpleFOC\src\MC_Globals.c            0x00000000   Number         0  mc_globals.o ABSOLUTE
    ..\SimpleFOC\src\MC_Keys.c               0x00000000   Number         0  mc_keys.o ABSOLUTE
    ..\SimpleFOC\src\MC_MotorControl_Layer.c 0x00000000   Number         0  mc_motorcontrol_layer.o ABSOLUTE
    ..\SimpleFOC\src\MC_PID_regulators.c     0x00000000   Number         0  mc_pid_regulators.o ABSOLUTE
    ..\SimpleFOC\src\MC_State_Observer_Interface.c 0x00000000   Number         0  mc_state_observer_interface.o ABSOLUTE
    ..\SimpleFOC\src\stm32f10x_MCdac.c       0x00000000   Number         0  stm32f10x_mcdac.o ABSOLUTE
    ..\SimpleFOC\src\stm32f10x_Timebase.c    0x00000000   Number         0  stm32f10x_timebase.o ABSOLUTE
    ..\SimpleFOC\src\stm32f10x_encoder.c     0x00000000   Number         0  stm32f10x_encoder.o ABSOLUTE
    ..\SimpleFOC\src\stm32f10x_hall.c        0x00000000   Number         0  stm32f10x_hall.o ABSOLUTE
    ..\SimpleFOC\src\stm32f10x_svpwm_1shunt.c 0x00000000   Number         0  stm32f10x_svpwm_1shunt.o ABSOLUTE
    ..\SimpleFOC\src\stm32f10x_svpwm_3shunt.c 0x00000000   Number         0  stm32f10x_svpwm_3shunt.o ABSOLUTE
    ..\SimpleFOC\src\stm32f10x_svpwm_ics.c   0x00000000   Number         0  stm32f10x_svpwm_ics.o ABSOLUTE
    ..\User\main.c                           0x00000000   Number         0  main.o ABSOLUTE
    ..\User\stm32f10x_it.c                   0x00000000   Number         0  stm32f10x_it.o ABSOLUTE
    ..\\Drivers\\CMSIS\\CM3\\CoreSupport\\core_cm3.c 0x00000000   Number         0  core_cm3.o ABSOLUTE
    ..\src\MC_State_Observer.c               0x00000000   Number         0  mc_state_observer.o ABSOLUTE
    cfcmple.s                                0x00000000   Number         0  cfcmple.o ABSOLUTE
    cfrcmple.s                               0x00000000   Number         0  cfrcmple.o ABSOLUTE
    dc.s                                     0x00000000   Number         0  dc.o ABSOLUTE
    handlers.s                               0x00000000   Number         0  handlers.o ABSOLUTE
    init.s                                   0x00000000   Number         0  init.o ABSOLUTE
    RESET                                    0x08000000   Section      304  startup_stm32f10x_hd.o(RESET)
    .ARM.Collect$$$$00000000                 0x08000130   Section        0  entry.o(.ARM.Collect$$$$00000000)
    .ARM.Collect$$$$00000001                 0x08000130   Section        4  entry2.o(.ARM.Collect$$$$00000001)
    .ARM.Collect$$$$00000004                 0x08000134   Section        4  entry5.o(.ARM.Collect$$$$00000004)
    .ARM.Collect$$$$00000008                 0x08000138   Section        0  entry7b.o(.ARM.Collect$$$$00000008)
    .ARM.Collect$$$$0000000A                 0x08000138   Section        0  entry8b.o(.ARM.Collect$$$$0000000A)
    .ARM.Collect$$$$0000000B                 0x08000138   Section        8  entry9a.o(.ARM.Collect$$$$0000000B)
    .ARM.Collect$$$$0000000E                 0x08000140   Section        4  entry12b.o(.ARM.Collect$$$$0000000E)
    .ARM.Collect$$$$0000000F                 0x08000144   Section        0  entry10a.o(.ARM.Collect$$$$0000000F)
    .ARM.Collect$$$$00000011                 0x08000144   Section        0  entry11a.o(.ARM.Collect$$$$00000011)
    .ARM.Collect$$$$00002712                 0x08000144   Section        4  entry2.o(.ARM.Collect$$$$00002712)
    __lit__00000000                          0x08000144   Data           4  entry2.o(.ARM.Collect$$$$00002712)
    .text                                    0x08000148   Section        0  main.o(.text)
    .text                                    0x08000238   Section        0  stm32f10x_it.o(.text)
    .text                                    0x080002dc   Section        0  system_stm32f10x.o(.text)
    SetSysClockTo72                          0x080002dd   Thumb Code   160  system_stm32f10x.o(.text)
    .text                                    0x08000430   Section        0  misc.o(.text)
    .text                                    0x080004e0   Section        0  stm32f10x_adc.o(.text)
    .text                                    0x08000810   Section        0  stm32f10x_gpio.o(.text)
    .text                                    0x08000a7c   Section        0  stm32f10x_rcc.o(.text)
    .text                                    0x08000d30   Section        0  stm32f10x_tim.o(.text)
    TI2_Config                               0x080010c3   Thumb Code   166  stm32f10x_tim.o(.text)
    TI1_Config                               0x08001179   Thumb Code    88  stm32f10x_tim.o(.text)
    .text                                    0x08001824   Section        0  stm32f10x_usart.o(.text)
    .text                                    0x08001b4c   Section        0  bsp_usart.o(.text)
    .text                                    0x08001c60   Section        0  bsp_motor.o(.text)
    .text                                    0x08001ca4   Section        0  bsp_key.o(.text)
    .text                                    0x08001db4   Section        0  mc_clarke_park.o(.text)
    .text                                    0x08001fac   Section        0  mc_foc_drive.o(.text)
    .text                                    0x080020a0   Section        0  mc_keys.o(.text)
    .text                                    0x080020ac   Section        0  mc_motorcontrol_layer.o(.text)
    .text                                    0x080022c8   Section        0  mc_pid_regulators.o(.text)
    .text                                    0x080024b0   Section        0  mc_state_observer_interface.o(.text)
    .text                                    0x080028dc   Section        0  stm32f10x_svpwm_3shunt.o(.text)
    .text                                    0x08003238   Section        0  stm32f10x_timebase.o(.text)
    NVIC_SetPriority                         0x0800336b   Thumb Code    32  stm32f10x_timebase.o(.text)
    .text                                    0x080033a0   Section       36  startup_stm32f10x_hd.o(.text)
    .text                                    0x080033c4   Section        0  memseta.o(.text)
    .text                                    0x080033e8   Section        0  dmul.o(.text)
    .text                                    0x080034cc   Section        0  ddiv.o(.text)
    .text                                    0x080035aa   Section        0  dscalb.o(.text)
    .text                                    0x080035d8   Section        0  dflti.o(.text)
    .text                                    0x080035fa   Section        0  dfixi.o(.text)
    .text                                    0x08003638   Section        0  llushr.o(.text)
    .text                                    0x08003658   Section        0  depilogue.o(.text)
    .text                                    0x08003658   Section        0  iusefp.o(.text)
    .text                                    0x08003714   Section       36  init.o(.text)
    .text                                    0x08003738   Section        0  llshl.o(.text)
    i.STO_Calc_Rotor_Angle                   0x08003758   Section        0  mc_state_observer.o(i.STO_Calc_Rotor_Angle)
    i.STO_Calc_Speed                         0x08003958   Section        0  mc_state_observer.o(i.STO_Calc_Speed)
    i.STO_Gains_Init                         0x080039e8   Section        0  mc_state_observer.o(i.STO_Gains_Init)
    i.STO_Gains_Update                       0x08003a24   Section        0  mc_state_observer.o(i.STO_Gains_Update)
    i.STO_Get_Electrical_Angle               0x08003a3c   Section        0  mc_state_observer.o(i.STO_Get_Electrical_Angle)
    i.STO_Get_Speed                          0x08003a48   Section        0  mc_state_observer.o(i.STO_Get_Speed)
    i.STO_Init                               0x08003a54   Section        0  mc_state_observer.o(i.STO_Init)
    i.STO_InitSpeedBuffer                    0x08003a84   Section        0  mc_state_observer.o(i.STO_InitSpeedBuffer)
    i.STO_IsSpeed_Reliable                   0x08003aa0   Section        0  mc_state_observer.o(i.STO_IsSpeed_Reliable)
    i.Speed_PI                               0x08003aac   Section        0  mc_state_observer.o(i.Speed_PI)
    i.__scatterload_copy                     0x08003b40   Section       14  handlers.o(i.__scatterload_copy)
    i.__scatterload_null                     0x08003b4e   Section        2  handlers.o(i.__scatterload_null)
    i.__scatterload_zeroinit                 0x08003b50   Section       14  handlers.o(i.__scatterload_zeroinit)
    .constdata                               0x08003b5e   Section      648  mc_clarke_park.o(.constdata)
    .data                                    0x20000000   Section       20  system_stm32f10x.o(.data)
    .data                                    0x20000014   Section       20  stm32f10x_rcc.o(.data)
    ADCPrescTable                            0x20000014   Data           4  stm32f10x_rcc.o(.data)
    APBAHBPrescTable                         0x20000018   Data          16  stm32f10x_rcc.o(.data)
    .data                                    0x20000028   Section        2  bsp_usart.o(.data)
    .data                                    0x2000002a   Section        6  bsp_key.o(.data)
    key_up                                   0x2000002a   Data           1  bsp_key.o(.data)
    .data                                    0x20000030   Section        4  mc_clarke_park.o(.data)
    Vector_Components                        0x20000030   Data           4  mc_clarke_park.o(.data)
    .data                                    0x20000034   Section        8  mc_foc_drive.o(.data)
    Stat_Curr_q_d_ref                        0x20000034   Data           4  mc_foc_drive.o(.data)
    Stat_Curr_q_d_ref_ref                    0x20000038   Data           4  mc_foc_drive.o(.data)
    .data                                    0x2000003c   Section        4  mc_globals.o(.data)
    .data                                    0x20000040   Section        4  mc_globals.o(.data)
    .data                                    0x20000044   Section        4  mc_globals.o(.data)
    .data                                    0x20000048   Section        4  mc_globals.o(.data)
    .data                                    0x2000004c   Section        4  mc_globals.o(.data)
    .data                                    0x20000050   Section        4  mc_globals.o(.data)
    .data                                    0x20000054   Section        1  mc_globals.o(.data)
    .data                                    0x20000056   Section        2  mc_globals.o(.data)
    .data                                    0x20000058   Section        2  mc_globals.o(.data)
    .data                                    0x2000005a   Section        2  mc_globals.o(.data)
    .data                                    0x2000005c   Section        1  mc_keys.o(.data)
    bKey                                     0x2000005c   Data           1  mc_keys.o(.data)
    .data                                    0x2000005d   Section        1  mc_keys.o(.data)
    .data                                    0x20000060   Section       12  mc_motorcontrol_layer.o(.data)
    h_BusV_Average                           0x20000060   Data           2  mc_motorcontrol_layer.o(.data)
    w_Temp_Average                           0x20000068   Data           4  mc_motorcontrol_layer.o(.data)
    .data                                    0x2000006c   Section       40  mc_state_observer_interface.o(.data)
    Start_Up_State                           0x2000006c   Data           1  mc_state_observer_interface.o(.data)
    bCounter                                 0x2000006d   Data           1  mc_state_observer_interface.o(.data)
    hAngle                                   0x2000006e   Data           2  mc_state_observer_interface.o(.data)
    bConvCounter                             0x20000074   Data           2  mc_state_observer_interface.o(.data)
    hFreq_Inc                                0x20000076   Data           2  mc_state_observer_interface.o(.data)
    wTime                                    0x20000078   Data           4  mc_state_observer_interface.o(.data)
    wStart_Up_Freq                           0x2000007c   Data           4  mc_state_observer_interface.o(.data)
    wAlignmentTbase                          0x20000088   Data           4  mc_state_observer_interface.o(.data)
    wStart_Up_I                              0x2000008c   Data           4  mc_state_observer_interface.o(.data)
    hI_Inc                                   0x20000090   Data           4  mc_state_observer_interface.o(.data)
    .data                                    0x20000094   Section       10  stm32f10x_svpwm_3shunt.o(.data)
    bIndex                                   0x20000096   Data           2  stm32f10x_svpwm_3shunt.o(.data)
    .data                                    0x2000009e   Section       12  stm32f10x_timebase.o(.data)
    hStart_Up_TimeLeft_500us                 0x200000a0   Data           2  stm32f10x_timebase.o(.data)
    hTimebase_500us                          0x200000a2   Data           2  stm32f10x_timebase.o(.data)
    hTimebase_display_500us                  0x200000a4   Data           2  stm32f10x_timebase.o(.data)
    hKey_debounce_500us                      0x200000a6   Data           2  stm32f10x_timebase.o(.data)
    hSpeedMeas_Timebase_500us                0x200000a8   Data           2  stm32f10x_timebase.o(.data)
    .data                                    0x200000ac   Section       60  mc_state_observer.o(.data)
    Max_Speed_Out                            0x200000ac   Data           1  mc_state_observer.o(.data)
    Min_Speed_Out                            0x200000ad   Data           1  mc_state_observer.o(.data)
    Is_Speed_Reliable                        0x200000ae   Data           1  mc_state_observer.o(.data)
    bSpeed_Buffer_Index                      0x200000af   Data           1  mc_state_observer.o(.data)
    hBemf_alfa_est                           0x200000b0   Data           2  mc_state_observer.o(.data)
    hBemf_beta_est                           0x200000b2   Data           2  mc_state_observer.o(.data)
    hRotor_El_Angle                          0x200000b4   Data           2  mc_state_observer.o(.data)
    hRotor_Speed_dpp                         0x200000b6   Data           2  mc_state_observer.o(.data)
    hC2                                      0x200000b8   Data           2  mc_state_observer.o(.data)
    hC4                                      0x200000ba   Data           2  mc_state_observer.o(.data)
    hF1                                      0x200000bc   Data           2  mc_state_observer.o(.data)
    hF2                                      0x200000be   Data           2  mc_state_observer.o(.data)
    hF3                                      0x200000c0   Data           2  mc_state_observer.o(.data)
    hC1                                      0x200000c2   Data           2  mc_state_observer.o(.data)
    hC3                                      0x200000c4   Data           2  mc_state_observer.o(.data)
    hC5                                      0x200000c6   Data           2  mc_state_observer.o(.data)
    hC6                                      0x200000c8   Data           2  mc_state_observer.o(.data)
    hSpeed_P_Gain                            0x200000ca   Data           2  mc_state_observer.o(.data)
    hSpeed_I_Gain                            0x200000cc   Data           2  mc_state_observer.o(.data)
    hPercentageFactor                        0x200000ce   Data           2  mc_state_observer.o(.data)
    wIalfa_est                               0x200000d0   Data           4  mc_state_observer.o(.data)
    wIbeta_est                               0x200000d4   Data           4  mc_state_observer.o(.data)
    wBemf_alfa_est                           0x200000d8   Data           4  mc_state_observer.o(.data)
    wBemf_beta_est                           0x200000dc   Data           4  mc_state_observer.o(.data)
    wSpeed_PI_integral_sum                   0x200000e0   Data           4  mc_state_observer.o(.data)
    wMotorMaxSpeed_dpp                       0x200000e4   Data           4  mc_state_observer.o(.data)
    .bss                                     0x200000e8   Section      200  bsp_usart.o(.bss)
    .bss                                     0x200001b0   Section       32  mc_globals.o(.bss)
    .bss                                     0x200001d0   Section       32  mc_globals.o(.bss)
    .bss                                     0x200001f0   Section       32  mc_globals.o(.bss)
    .bss                                     0x20000210   Section      128  mc_state_observer.o(.bss)
    hSpeed_Buffer                            0x20000210   Data         128  mc_state_observer.o(.bss)
    STACK                                    0x20000290   Section     1024  startup_stm32f10x_hd.o(STACK)

    Global Symbols

    Symbol Name                              Value     Ov Type        Size  Object(Section)

    BuildAttributes$$THM_ISAv4$P$D$K$B$S$PE$A:L22UL41UL21$X:L11$S22US41US21$IEEE1$IW$USESV6$~STKCKD$USESV7$~SHL$OTIME$ROPI$EBA8$MICROLIB$REQ8$PRES8$EABIv2 0x00000000   Number         0  anon$$obj.o ABSOLUTE
    __ARM_use_no_argv                        0x00000000   Number         0  main.o ABSOLUTE
    __use_no_errno                           0x00000000   Number         0  useno.o ABSOLUTE
    __use_no_exception_handling              0x00000000   Number         0  useno.o ABSOLUTE
    __use_no_fp                              0x00000000   Number         0  useno.o ABSOLUTE
    __use_no_heap                            0x00000000   Number         0  useno.o ABSOLUTE
    __use_no_heap_region                     0x00000000   Number         0  useno.o ABSOLUTE
    __use_no_semihosting                     0x00000000   Number         0  useno.o ABSOLUTE
    __use_no_semihosting_swi                 0x00000000   Number         0  useno.o ABSOLUTE
    __use_no_signal_handling                 0x00000000   Number         0  useno.o ABSOLUTE
    __arm_fini_                               - Undefined Weak Reference
    __cpp_initialize__aeabi_                  - Undefined Weak Reference
    __cxa_finalize                            - Undefined Weak Reference
    __decompress                              - Undefined Weak Reference
    _clock_init                               - Undefined Weak Reference
    _microlib_exit                            - Undefined Weak Reference
    __Vectors_Size                           0x00000130   Number         0  startup_stm32f10x_hd.o ABSOLUTE
    __Vectors                                0x08000000   Data           4  startup_stm32f10x_hd.o(RESET)
    __Vectors_End                            0x08000130   Data           0  startup_stm32f10x_hd.o(RESET)
    __main                                   0x08000131   Thumb Code     0  entry.o(.ARM.Collect$$$$00000000)
    _main_stk                                0x08000131   Thumb Code     0  entry2.o(.ARM.Collect$$$$00000001)
    _main_scatterload                        0x08000135   Thumb Code     0  entry5.o(.ARM.Collect$$$$00000004)
    __main_after_scatterload                 0x08000139   Thumb Code     0  entry5.o(.ARM.Collect$$$$00000004)
    _main_clock                              0x08000139   Thumb Code     0  entry7b.o(.ARM.Collect$$$$00000008)
    _main_cpp_init                           0x08000139   Thumb Code     0  entry8b.o(.ARM.Collect$$$$0000000A)
    _main_init                               0x08000139   Thumb Code     0  entry9a.o(.ARM.Collect$$$$0000000B)
    __rt_lib_shutdown_fini                   0x08000141   Thumb Code     0  entry12b.o(.ARM.Collect$$$$0000000E)
    __rt_final_cpp                           0x08000145   Thumb Code     0  entry10a.o(.ARM.Collect$$$$0000000F)
    __rt_final_exit                          0x08000145   Thumb Code     0  entry11a.o(.ARM.Collect$$$$00000011)
    main                                     0x08000149   Thumb Code   202  main.o(.text)
    NMI_Handler                              0x08000239   Thumb Code     2  stm32f10x_it.o(.text)
    HardFault_Handler                        0x0800023b   Thumb Code     2  stm32f10x_it.o(.text)
    MemManage_Handler                        0x0800023d   Thumb Code     2  stm32f10x_it.o(.text)
    BusFault_Handler                         0x0800023f   Thumb Code     2  stm32f10x_it.o(.text)
    UsageFault_Handler                       0x08000241   Thumb Code     2  stm32f10x_it.o(.text)
    SVC_Handler                              0x08000243   Thumb Code     2  stm32f10x_it.o(.text)
    DebugMon_Handler                         0x08000245   Thumb Code     2  stm32f10x_it.o(.text)
    PendSV_Handler                           0x08000247   Thumb Code     2  stm32f10x_it.o(.text)
    ADC1_2_IRQHandler                        0x08000249   Thumb Code    90  stm32f10x_it.o(.text)
    TIM1_BRK_IRQHandler                      0x080002a3   Thumb Code    22  stm32f10x_it.o(.text)
    TIM1_UP_IRQHandler                       0x080002b9   Thumb Code    18  stm32f10x_it.o(.text)
    TIM2_IRQHandler                          0x080002cb   Thumb Code     2  stm32f10x_it.o(.text)
    TIM3_IRQHandler                          0x080002cd   Thumb Code     2  stm32f10x_it.o(.text)
    TIM4_IRQHandler                          0x080002cf   Thumb Code     2  stm32f10x_it.o(.text)
    SystemInit                               0x0800037d   Thumb Code    64  system_stm32f10x.o(.text)
    SystemCoreClockUpdate                    0x080003bd   Thumb Code    84  system_stm32f10x.o(.text)
    NVIC_PriorityGroupConfig                 0x08000431   Thumb Code    10  misc.o(.text)
    NVIC_Init                                0x0800043b   Thumb Code    94  misc.o(.text)
    NVIC_SetVectorTable                      0x08000499   Thumb Code    14  misc.o(.text)
    NVIC_SystemLPConfig                      0x080004a7   Thumb Code    20  misc.o(.text)
    SysTick_CLKSourceConfig                  0x080004bb   Thumb Code    24  misc.o(.text)
    ADC_DeInit                               0x080004e1   Thumb Code    56  stm32f10x_adc.o(.text)
    ADC_Init                                 0x08000519   Thumb Code    62  stm32f10x_adc.o(.text)
    ADC_StructInit                           0x08000557   Thumb Code    18  stm32f10x_adc.o(.text)
    ADC_Cmd                                  0x08000569   Thumb Code    20  stm32f10x_adc.o(.text)
    ADC_DMACmd                               0x0800057d   Thumb Code    20  stm32f10x_adc.o(.text)
    ADC_ITConfig                             0x08000591   Thumb Code    18  stm32f10x_adc.o(.text)
    ADC_ResetCalibration                     0x080005a3   Thumb Code    10  stm32f10x_adc.o(.text)
    ADC_GetResetCalibrationStatus            0x080005ad   Thumb Code    14  stm32f10x_adc.o(.text)
    ADC_StartCalibration                     0x080005bb   Thumb Code    10  stm32f10x_adc.o(.text)
    ADC_GetCalibrationStatus                 0x080005c5   Thumb Code    14  stm32f10x_adc.o(.text)
    ADC_SoftwareStartConvCmd                 0x080005d3   Thumb Code    20  stm32f10x_adc.o(.text)
    ADC_GetSoftwareStartConvStatus           0x080005e7   Thumb Code    14  stm32f10x_adc.o(.text)
    ADC_DiscModeChannelCountConfig           0x080005f5   Thumb Code    16  stm32f10x_adc.o(.text)
    ADC_DiscModeCmd                          0x08000605   Thumb Code    20  stm32f10x_adc.o(.text)
    ADC_RegularChannelConfig                 0x08000619   Thumb Code   116  stm32f10x_adc.o(.text)
    ADC_ExternalTrigConvCmd                  0x0800068d   Thumb Code    20  stm32f10x_adc.o(.text)
    ADC_GetConversionValue                   0x080006a1   Thumb Code     6  stm32f10x_adc.o(.text)
    ADC_GetDualModeConversionValue           0x080006a7   Thumb Code     8  stm32f10x_adc.o(.text)
    ADC_AutoInjectedConvCmd                  0x080006af   Thumb Code    20  stm32f10x_adc.o(.text)
    ADC_InjectedDiscModeCmd                  0x080006c3   Thumb Code    20  stm32f10x_adc.o(.text)
    ADC_ExternalTrigInjectedConvConfig       0x080006d7   Thumb Code    12  stm32f10x_adc.o(.text)
    ADC_ExternalTrigInjectedConvCmd          0x080006e3   Thumb Code    20  stm32f10x_adc.o(.text)
    ADC_SoftwareStartInjectedConvCmd         0x080006f7   Thumb Code    20  stm32f10x_adc.o(.text)
    ADC_GetSoftwareStartInjectedConvCmdStatus 0x0800070b   Thumb Code    14  stm32f10x_adc.o(.text)
    ADC_InjectedChannelConfig                0x08000719   Thumb Code    74  stm32f10x_adc.o(.text)
    ADC_InjectedSequencerLengthConfig        0x08000763   Thumb Code    16  stm32f10x_adc.o(.text)
    ADC_SetInjectedOffset                    0x08000773   Thumb Code    10  stm32f10x_adc.o(.text)
    ADC_GetInjectedConversionValue           0x0800077d   Thumb Code    14  stm32f10x_adc.o(.text)
    ADC_AnalogWatchdogCmd                    0x0800078b   Thumb Code    12  stm32f10x_adc.o(.text)
    ADC_AnalogWatchdogThresholdsConfig       0x08000797   Thumb Code     6  stm32f10x_adc.o(.text)
    ADC_AnalogWatchdogSingleChannelConfig    0x0800079d   Thumb Code    12  stm32f10x_adc.o(.text)
    ADC_TempSensorVrefintCmd                 0x080007a9   Thumb Code    24  stm32f10x_adc.o(.text)
    ADC_GetFlagStatus                        0x080007c1   Thumb Code    14  stm32f10x_adc.o(.text)
    ADC_ClearFlag                            0x080007cf   Thumb Code     6  stm32f10x_adc.o(.text)
    ADC_GetITStatus                          0x080007d5   Thumb Code    28  stm32f10x_adc.o(.text)
    ADC_ClearITPendingBit                    0x080007f1   Thumb Code     8  stm32f10x_adc.o(.text)
    GPIO_DeInit                              0x08000811   Thumb Code   152  stm32f10x_gpio.o(.text)
    GPIO_AFIODeInit                          0x080008a9   Thumb Code    22  stm32f10x_gpio.o(.text)
    GPIO_Init                                0x080008bf   Thumb Code   164  stm32f10x_gpio.o(.text)
    GPIO_StructInit                          0x08000963   Thumb Code    16  stm32f10x_gpio.o(.text)
    GPIO_ReadInputDataBit                    0x08000973   Thumb Code    14  stm32f10x_gpio.o(.text)
    GPIO_ReadInputData                       0x08000981   Thumb Code     6  stm32f10x_gpio.o(.text)
    GPIO_ReadOutputDataBit                   0x08000987   Thumb Code    14  stm32f10x_gpio.o(.text)
    GPIO_ReadOutputData                      0x08000995   Thumb Code     6  stm32f10x_gpio.o(.text)
    GPIO_SetBits                             0x0800099b   Thumb Code     4  stm32f10x_gpio.o(.text)
    GPIO_ResetBits                           0x0800099f   Thumb Code     4  stm32f10x_gpio.o(.text)
    GPIO_WriteBit                            0x080009a3   Thumb Code    10  stm32f10x_gpio.o(.text)
    GPIO_Write                               0x080009ad   Thumb Code     4  stm32f10x_gpio.o(.text)
    GPIO_PinLockConfig                       0x080009b1   Thumb Code    16  stm32f10x_gpio.o(.text)
    GPIO_EventOutputConfig                   0x080009c1   Thumb Code    22  stm32f10x_gpio.o(.text)
    GPIO_EventOutputCmd                      0x080009d7   Thumb Code     6  stm32f10x_gpio.o(.text)
    GPIO_PinRemapConfig                      0x080009dd   Thumb Code    82  stm32f10x_gpio.o(.text)
    GPIO_EXTILineConfig                      0x08000a2f   Thumb Code    34  stm32f10x_gpio.o(.text)
    GPIO_ETH_MediaInterfaceConfig            0x08000a51   Thumb Code     8  stm32f10x_gpio.o(.text)
    RCC_DeInit                               0x08000a7d   Thumb Code    50  stm32f10x_rcc.o(.text)
    RCC_HSEConfig                            0x08000aaf   Thumb Code    48  stm32f10x_rcc.o(.text)
    RCC_GetFlagStatus                        0x08000adf   Thumb Code    42  stm32f10x_rcc.o(.text)
    RCC_WaitForHSEStartUp                    0x08000b09   Thumb Code    44  stm32f10x_rcc.o(.text)
    RCC_AdjustHSICalibrationValue            0x08000b35   Thumb Code    16  stm32f10x_rcc.o(.text)
    RCC_HSICmd                               0x08000b45   Thumb Code     6  stm32f10x_rcc.o(.text)
    RCC_PLLConfig                            0x08000b4b   Thumb Code    16  stm32f10x_rcc.o(.text)
    RCC_PLLCmd                               0x08000b5b   Thumb Code     6  stm32f10x_rcc.o(.text)
    RCC_SYSCLKConfig                         0x08000b61   Thumb Code    14  stm32f10x_rcc.o(.text)
    RCC_GetSYSCLKSource                      0x08000b6f   Thumb Code    10  stm32f10x_rcc.o(.text)
    RCC_HCLKConfig                           0x08000b79   Thumb Code    14  stm32f10x_rcc.o(.text)
    RCC_PCLK1Config                          0x08000b87   Thumb Code    14  stm32f10x_rcc.o(.text)
    RCC_PCLK2Config                          0x08000b95   Thumb Code    16  stm32f10x_rcc.o(.text)
    RCC_ITConfig                             0x08000ba5   Thumb Code    18  stm32f10x_rcc.o(.text)
    RCC_USBCLKConfig                         0x08000bb7   Thumb Code     8  stm32f10x_rcc.o(.text)
    RCC_ADCCLKConfig                         0x08000bbf   Thumb Code    14  stm32f10x_rcc.o(.text)
    RCC_LSEConfig                            0x08000bcd   Thumb Code    28  stm32f10x_rcc.o(.text)
    RCC_LSICmd                               0x08000be9   Thumb Code     6  stm32f10x_rcc.o(.text)
    RCC_RTCCLKConfig                         0x08000bef   Thumb Code    10  stm32f10x_rcc.o(.text)
    RCC_RTCCLKCmd                            0x08000bf9   Thumb Code     8  stm32f10x_rcc.o(.text)
    RCC_GetClocksFreq                        0x08000c01   Thumb Code   128  stm32f10x_rcc.o(.text)
    RCC_AHBPeriphClockCmd                    0x08000c81   Thumb Code    18  stm32f10x_rcc.o(.text)
    RCC_APB2PeriphClockCmd                   0x08000c93   Thumb Code    18  stm32f10x_rcc.o(.text)
    RCC_APB1PeriphClockCmd                   0x08000ca5   Thumb Code    18  stm32f10x_rcc.o(.text)
    RCC_APB2PeriphResetCmd                   0x08000cb7   Thumb Code    18  stm32f10x_rcc.o(.text)
    RCC_APB1PeriphResetCmd                   0x08000cc9   Thumb Code    18  stm32f10x_rcc.o(.text)
    RCC_BackupResetCmd                       0x08000cdb   Thumb Code     8  stm32f10x_rcc.o(.text)
    RCC_ClockSecuritySystemCmd               0x08000ce3   Thumb Code     6  stm32f10x_rcc.o(.text)
    RCC_MCOConfig                            0x08000ce9   Thumb Code     6  stm32f10x_rcc.o(.text)
    RCC_ClearFlag                            0x08000cef   Thumb Code    12  stm32f10x_rcc.o(.text)
    RCC_GetITStatus                          0x08000cfb   Thumb Code    16  stm32f10x_rcc.o(.text)
    RCC_ClearITPendingBit                    0x08000d0b   Thumb Code     6  stm32f10x_rcc.o(.text)
    TIM_DeInit                               0x08000d31   Thumb Code   304  stm32f10x_tim.o(.text)
    TIM_TimeBaseInit                         0x08000e61   Thumb Code   114  stm32f10x_tim.o(.text)
    TIM_OC1Init                              0x08000ed3   Thumb Code   106  stm32f10x_tim.o(.text)
    TIM_OC2Init                              0x08000f3d   Thumb Code   120  stm32f10x_tim.o(.text)
    TIM_OC3Init                              0x08000fb5   Thumb Code   116  stm32f10x_tim.o(.text)
    TIM_OC4Init                              0x08001029   Thumb Code    90  stm32f10x_tim.o(.text)
    TIM_SetIC4Prescaler                      0x08001083   Thumb Code    24  stm32f10x_tim.o(.text)
    TIM_SetIC3Prescaler                      0x0800109b   Thumb Code    16  stm32f10x_tim.o(.text)
    TIM_SetIC2Prescaler                      0x080010ab   Thumb Code    24  stm32f10x_tim.o(.text)
    TIM_SetIC1Prescaler                      0x08001169   Thumb Code    16  stm32f10x_tim.o(.text)
    TIM_ICInit                               0x080011d1   Thumb Code   272  stm32f10x_tim.o(.text)
    TIM_PWMIConfig                           0x080012e1   Thumb Code   104  stm32f10x_tim.o(.text)
    TIM_BDTRConfig                           0x08001349   Thumb Code    34  stm32f10x_tim.o(.text)
    TIM_TimeBaseStructInit                   0x0800136b   Thumb Code    18  stm32f10x_tim.o(.text)
    TIM_OCStructInit                         0x0800137d   Thumb Code    20  stm32f10x_tim.o(.text)
    TIM_ICStructInit                         0x08001391   Thumb Code    16  stm32f10x_tim.o(.text)
    TIM_BDTRStructInit                       0x080013a1   Thumb Code    18  stm32f10x_tim.o(.text)
    TIM_Cmd                                  0x080013b3   Thumb Code    20  stm32f10x_tim.o(.text)
    TIM_CtrlPWMOutputs                       0x080013c7   Thumb Code    22  stm32f10x_tim.o(.text)
    TIM_ITConfig                             0x080013dd   Thumb Code    16  stm32f10x_tim.o(.text)
    TIM_GenerateEvent                        0x080013ed   Thumb Code     4  stm32f10x_tim.o(.text)
    TIM_DMAConfig                            0x080013f1   Thumb Code     8  stm32f10x_tim.o(.text)
    TIM_DMACmd                               0x080013f9   Thumb Code    16  stm32f10x_tim.o(.text)
    TIM_InternalClockConfig                  0x08001409   Thumb Code    10  stm32f10x_tim.o(.text)
    TIM_SelectInputTrigger                   0x08001413   Thumb Code    12  stm32f10x_tim.o(.text)
    TIM_ITRxExternalClockConfig              0x0800141f   Thumb Code    18  stm32f10x_tim.o(.text)
    TIM_TIxExternalClockConfig               0x08001431   Thumb Code    46  stm32f10x_tim.o(.text)
    TIM_ETRConfig                            0x0800145f   Thumb Code    24  stm32f10x_tim.o(.text)
    TIM_ETRClockMode1Config                  0x08001477   Thumb Code    18  stm32f10x_tim.o(.text)
    TIM_ETRClockMode2Config                  0x08001489   Thumb Code    18  stm32f10x_tim.o(.text)
    TIM_PrescalerConfig                      0x0800149b   Thumb Code     6  stm32f10x_tim.o(.text)
    TIM_CounterModeConfig                    0x080014a1   Thumb Code    12  stm32f10x_tim.o(.text)
    TIM_EncoderInterfaceConfig               0x080014ad   Thumb Code    50  stm32f10x_tim.o(.text)
    TIM_ForcedOC1Config                      0x080014df   Thumb Code    12  stm32f10x_tim.o(.text)
    TIM_ForcedOC2Config                      0x080014eb   Thumb Code    20  stm32f10x_tim.o(.text)
    TIM_ForcedOC3Config                      0x080014ff   Thumb Code    12  stm32f10x_tim.o(.text)
    TIM_ForcedOC4Config                      0x0800150b   Thumb Code    20  stm32f10x_tim.o(.text)
    TIM_ARRPreloadConfig                     0x0800151f   Thumb Code    20  stm32f10x_tim.o(.text)
    TIM_SelectCOM                            0x08001533   Thumb Code    20  stm32f10x_tim.o(.text)
    TIM_SelectCCDMA                          0x08001547   Thumb Code    20  stm32f10x_tim.o(.text)
    TIM_CCPreloadControl                     0x0800155b   Thumb Code    20  stm32f10x_tim.o(.text)
    TIM_OC1PreloadConfig                     0x0800156f   Thumb Code    34  stm32f10x_tim.o(.text)
    TIM_OC2PreloadConfig                     0x08001591   Thumb Code    20  stm32f10x_tim.o(.text)
    TIM_OC3PreloadConfig                     0x080015a5   Thumb Code    12  stm32f10x_tim.o(.text)
    TIM_OC4PreloadConfig                     0x080015b1   Thumb Code    20  stm32f10x_tim.o(.text)
    TIM_OC1FastConfig                        0x080015c5   Thumb Code    12  stm32f10x_tim.o(.text)
    TIM_OC2FastConfig                        0x080015d1   Thumb Code    20  stm32f10x_tim.o(.text)
    TIM_OC3FastConfig                        0x080015e5   Thumb Code    12  stm32f10x_tim.o(.text)
    TIM_OC4FastConfig                        0x080015f1   Thumb Code    20  stm32f10x_tim.o(.text)
    TIM_ClearOC1Ref                          0x08001605   Thumb Code    12  stm32f10x_tim.o(.text)
    TIM_ClearOC2Ref                          0x08001611   Thumb Code    20  stm32f10x_tim.o(.text)
    TIM_ClearOC3Ref                          0x08001625   Thumb Code    12  stm32f10x_tim.o(.text)
    TIM_ClearOC4Ref                          0x08001631   Thumb Code    20  stm32f10x_tim.o(.text)
    TIM_OC1PolarityConfig                    0x08001645   Thumb Code    12  stm32f10x_tim.o(.text)
    TIM_OC1NPolarityConfig                   0x08001651   Thumb Code    12  stm32f10x_tim.o(.text)
    TIM_OC2PolarityConfig                    0x0800165d   Thumb Code    20  stm32f10x_tim.o(.text)
    TIM_OC2NPolarityConfig                   0x08001671   Thumb Code    20  stm32f10x_tim.o(.text)
    TIM_OC3PolarityConfig                    0x08001685   Thumb Code    20  stm32f10x_tim.o(.text)
    TIM_OC3NPolarityConfig                   0x08001699   Thumb Code    20  stm32f10x_tim.o(.text)
    TIM_OC4PolarityConfig                    0x080016ad   Thumb Code    20  stm32f10x_tim.o(.text)
    TIM_CCxCmd                               0x080016c1   Thumb Code    22  stm32f10x_tim.o(.text)
    TIM_CCxNCmd                              0x080016d7   Thumb Code    22  stm32f10x_tim.o(.text)
    TIM_SelectOCxM                           0x080016ed   Thumb Code    70  stm32f10x_tim.o(.text)
    TIM_UpdateDisableConfig                  0x08001733   Thumb Code    20  stm32f10x_tim.o(.text)
    TIM_UpdateRequestConfig                  0x08001747   Thumb Code    20  stm32f10x_tim.o(.text)
    TIM_SelectHallSensor                     0x0800175b   Thumb Code    20  stm32f10x_tim.o(.text)
    TIM_SelectOnePulseMode                   0x0800176f   Thumb Code    16  stm32f10x_tim.o(.text)
    TIM_SelectOutputTrigger                  0x0800177f   Thumb Code    16  stm32f10x_tim.o(.text)
    TIM_SelectSlaveMode                      0x0800178f   Thumb Code    16  stm32f10x_tim.o(.text)
    TIM_SelectMasterSlaveMode                0x0800179f   Thumb Code    16  stm32f10x_tim.o(.text)
    TIM_SetCounter                           0x080017af   Thumb Code     4  stm32f10x_tim.o(.text)
    TIM_SetAutoreload                        0x080017b3   Thumb Code     4  stm32f10x_tim.o(.text)
    TIM_SetCompare1                          0x080017b7   Thumb Code     4  stm32f10x_tim.o(.text)
    TIM_SetCompare2                          0x080017bb   Thumb Code     4  stm32f10x_tim.o(.text)
    TIM_SetCompare3                          0x080017bf   Thumb Code     4  stm32f10x_tim.o(.text)
    TIM_SetCompare4                          0x080017c3   Thumb Code     6  stm32f10x_tim.o(.text)
    TIM_SetClockDivision                     0x080017c9   Thumb Code    16  stm32f10x_tim.o(.text)
    TIM_GetCapture1                          0x080017d9   Thumb Code     4  stm32f10x_tim.o(.text)
    TIM_GetCapture2                          0x080017dd   Thumb Code     4  stm32f10x_tim.o(.text)
    TIM_GetCapture3                          0x080017e1   Thumb Code     4  stm32f10x_tim.o(.text)
    TIM_GetCapture4                          0x080017e5   Thumb Code     6  stm32f10x_tim.o(.text)
    TIM_GetCounter                           0x080017eb   Thumb Code     4  stm32f10x_tim.o(.text)
    TIM_GetPrescaler                         0x080017ef   Thumb Code     4  stm32f10x_tim.o(.text)
    TIM_GetFlagStatus                        0x080017f3   Thumb Code    14  stm32f10x_tim.o(.text)
    TIM_ClearFlag                            0x08001801   Thumb Code     6  stm32f10x_tim.o(.text)
    TIM_GetITStatus                          0x08001807   Thumb Code    24  stm32f10x_tim.o(.text)
    TIM_ClearITPendingBit                    0x0800181f   Thumb Code     6  stm32f10x_tim.o(.text)
    USART_DeInit                             0x08001825   Thumb Code    96  stm32f10x_usart.o(.text)
    USART_Init                               0x08001885   Thumb Code   166  stm32f10x_usart.o(.text)
    USART_StructInit                         0x0800192b   Thumb Code    22  stm32f10x_usart.o(.text)
    USART_ClockInit                          0x08001941   Thumb Code    30  stm32f10x_usart.o(.text)
    USART_ClockStructInit                    0x0800195f   Thumb Code    12  stm32f10x_usart.o(.text)
    USART_Cmd                                0x0800196b   Thumb Code    20  stm32f10x_usart.o(.text)
    USART_ITConfig                           0x0800197f   Thumb Code    48  stm32f10x_usart.o(.text)
    USART_DMACmd                             0x080019af   Thumb Code    16  stm32f10x_usart.o(.text)
    USART_SetAddress                         0x080019bf   Thumb Code    16  stm32f10x_usart.o(.text)
    USART_WakeUpConfig                       0x080019cf   Thumb Code    16  stm32f10x_usart.o(.text)
    USART_ReceiverWakeUpCmd                  0x080019df   Thumb Code    20  stm32f10x_usart.o(.text)
    USART_LINBreakDetectLengthConfig         0x080019f3   Thumb Code    16  stm32f10x_usart.o(.text)
    USART_LINCmd                             0x08001a03   Thumb Code    20  stm32f10x_usart.o(.text)
    USART_SendData                           0x08001a17   Thumb Code     8  stm32f10x_usart.o(.text)
    USART_ReceiveData                        0x08001a1f   Thumb Code     8  stm32f10x_usart.o(.text)
    USART_SendBreak                          0x08001a27   Thumb Code    10  stm32f10x_usart.o(.text)
    USART_SetGuardTime                       0x08001a31   Thumb Code    16  stm32f10x_usart.o(.text)
    USART_SetPrescaler                       0x08001a41   Thumb Code    16  stm32f10x_usart.o(.text)
    USART_SmartCardCmd                       0x08001a51   Thumb Code    20  stm32f10x_usart.o(.text)
    USART_SmartCardNACKCmd                   0x08001a65   Thumb Code    20  stm32f10x_usart.o(.text)
    USART_HalfDuplexCmd                      0x08001a79   Thumb Code    20  stm32f10x_usart.o(.text)
    USART_OverSampling8Cmd                   0x08001a8d   Thumb Code    20  stm32f10x_usart.o(.text)
    USART_OneBitMethodCmd                    0x08001aa1   Thumb Code    20  stm32f10x_usart.o(.text)
    USART_IrDAConfig                         0x08001ab5   Thumb Code    16  stm32f10x_usart.o(.text)
    USART_IrDACmd                            0x08001ac5   Thumb Code    20  stm32f10x_usart.o(.text)
    USART_GetFlagStatus                      0x08001ad9   Thumb Code    14  stm32f10x_usart.o(.text)
    USART_ClearFlag                          0x08001ae7   Thumb Code     6  stm32f10x_usart.o(.text)
    USART_GetITStatus                        0x08001aed   Thumb Code    62  stm32f10x_usart.o(.text)
    USART_ClearITPendingBit                  0x08001b2b   Thumb Code    12  stm32f10x_usart.o(.text)
    _sys_exit                                0x08001b4d   Thumb Code     2  bsp_usart.o(.text)
    fputc                                    0x08001b4f   Thumb Code    18  bsp_usart.o(.text)
    uart_init                                0x08001b61   Thumb Code   152  bsp_usart.o(.text)
    USART1_IRQHandler                        0x08001bf9   Thumb Code    88  bsp_usart.o(.text)
    GPIO_Configuration                       0x08001c61   Thumb Code    62  bsp_motor.o(.text)
    Key_Init                                 0x08001ca5   Thumb Code    48  bsp_key.o(.text)
    KEY_Scan                                 0x08001cd5   Thumb Code   120  bsp_key.o(.text)
    Key_Process_Handler                      0x08001d4d   Thumb Code    84  bsp_key.o(.text)
    Clarke                                   0x08001db5   Thumb Code    50  mc_clarke_park.o(.text)
    Trig_Functions                           0x08001de7   Thumb Code   108  mc_clarke_park.o(.text)
    Park                                     0x08001e53   Thumb Code    92  mc_clarke_park.o(.text)
    RevPark_Circle_Limitation                0x08001eaf   Thumb Code    66  mc_clarke_park.o(.text)
    Rev_Park                                 0x08001ef1   Thumb Code    80  mc_clarke_park.o(.text)
    Rev_Park_StartUp                         0x08001f41   Thumb Code    92  mc_clarke_park.o(.text)
    FOC_Init                                 0x08001fad   Thumb Code    16  mc_foc_drive.o(.text)
    FOC_Model                                0x08001fbd   Thumb Code   108  mc_foc_drive.o(.text)
    FOC_CalcFluxTorqueRef                    0x08002029   Thumb Code    54  mc_foc_drive.o(.text)
    FOC_TorqueCtrl                           0x0800205f   Thumb Code    16  mc_foc_drive.o(.text)
    KEYS_ExportbKey                          0x080020a1   Thumb Code     6  mc_keys.o(.text)
    MCL_Reset_PID_IntegralTerms              0x080020ad   Thumb Code    16  mc_motorcontrol_layer.o(.text)
    MCL_Init                                 0x080020bd   Thumb Code    74  mc_motorcontrol_layer.o(.text)
    MCL_Init_Arrays                          0x08002107   Thumb Code    14  mc_motorcontrol_layer.o(.text)
    MCL_SetFault                             0x08002115   Thumb Code    50  mc_motorcontrol_layer.o(.text)
    MCL_Chk_BusVolt                          0x08002147   Thumb Code    34  mc_motorcontrol_layer.o(.text)
    MCL_Chk_OverTemp                         0x08002169   Thumb Code    48  mc_motorcontrol_layer.o(.text)
    MCL_ChkPowerStage                        0x08002199   Thumb Code    34  mc_motorcontrol_layer.o(.text)
    MCL_ClearFault                           0x080021bb   Thumb Code   150  mc_motorcontrol_layer.o(.text)
    MCL_Calc_BusVolt                         0x08002251   Thumb Code    26  mc_motorcontrol_layer.o(.text)
    MCL_Get_BusVolt                          0x0800226b   Thumb Code     8  mc_motorcontrol_layer.o(.text)
    MCL_Compute_BusVolt                      0x08002273   Thumb Code    26  mc_motorcontrol_layer.o(.text)
    MCL_Compute_Temp                         0x0800228d   Thumb Code    14  mc_motorcontrol_layer.o(.text)
    PID_Init                                 0x080022c9   Thumb Code   176  mc_pid_regulators.o(.text)
    PID_Speed_Coefficients_update            0x08002379   Thumb Code   168  mc_pid_regulators.o(.text)
    PID_Regulator                            0x08002421   Thumb Code   112  mc_pid_regulators.o(.text)
    STO_StateObserverInterface_Init          0x080024b1   Thumb Code   204  mc_state_observer_interface.o(.text)
    STO_Check_Speed_Reliability              0x0800257d   Thumb Code    38  mc_state_observer_interface.o(.text)
    STO_Get_Speed_Hz                         0x080025a3   Thumb Code    20  mc_state_observer_interface.o(.text)
    IsObserverConverged                      0x080025b7   Thumb Code   122  mc_state_observer_interface.o(.text)
    STO_Get_Mechanical_Angle                 0x08002631   Thumb Code    16  mc_state_observer_interface.o(.text)
    STO_StartUp_Init                         0x08002641   Thumb Code    16  mc_state_observer_interface.o(.text)
    STO_Start_Up                             0x08002651   Thumb Code   484  mc_state_observer_interface.o(.text)
    STO_Obs_Gains_Update                     0x08002835   Thumb Code    84  mc_state_observer_interface.o(.text)
    SVPWM_InjectedConvConfig                 0x080028dd   Thumb Code   106  stm32f10x_svpwm_3shunt.o(.text)
    SVPWM_3ShuntCurrentReadingCalibration    0x08002947   Thumb Code   200  stm32f10x_svpwm_3shunt.o(.text)
    SVPWM_3ShuntInit                         0x08002a0f   Thumb Code   800  stm32f10x_svpwm_3shunt.o(.text)
    SVPWM_3ShuntGetPhaseCurrentValues        0x08002d2f   Thumb Code   234  stm32f10x_svpwm_3shunt.o(.text)
    SVPWM_3ShuntCalcDutyCycles               0x08002e19   Thumb Code   884  stm32f10x_svpwm_3shunt.o(.text)
    SVPWM_3ShuntAdvCurrentReading            0x0800318d   Thumb Code    68  stm32f10x_svpwm_3shunt.o(.text)
    SVPWMUpdateEvent                         0x080031d1   Thumb Code    20  stm32f10x_svpwm_3shunt.o(.text)
    SVPWMEOCEvent                            0x080031e5   Thumb Code    56  stm32f10x_svpwm_3shunt.o(.text)
    TB_Init                                  0x08003239   Thumb Code    82  stm32f10x_timebase.o(.text)
    TB_Wait                                  0x0800328b   Thumb Code    12  stm32f10x_timebase.o(.text)
    TB_Set_Delay_500us                       0x08003297   Thumb Code     6  stm32f10x_timebase.o(.text)
    TB_Delay_IsElapsed                       0x0800329d   Thumb Code    14  stm32f10x_timebase.o(.text)
    TB_Set_DisplayDelay_500us                0x080032ab   Thumb Code     6  stm32f10x_timebase.o(.text)
    TB_DisplayDelay_IsElapsed                0x080032b1   Thumb Code    14  stm32f10x_timebase.o(.text)
    TB_Set_DebounceDelay_500us               0x080032bf   Thumb Code     6  stm32f10x_timebase.o(.text)
    TB_DebounceDelay_IsElapsed               0x080032c5   Thumb Code    14  stm32f10x_timebase.o(.text)
    TB_Set_StartUp_Timeout                   0x080032d3   Thumb Code    14  stm32f10x_timebase.o(.text)
    TB_StartUp_Timeout_IsElapsed             0x080032e1   Thumb Code    14  stm32f10x_timebase.o(.text)
    SysTick_Handler                          0x080032ef   Thumb Code   124  stm32f10x_timebase.o(.text)
    Reset_Handler                            0x080033a1   Thumb Code     8  startup_stm32f10x_hd.o(.text)
    ADC3_IRQHandler                          0x080033bb   Thumb Code     0  startup_stm32f10x_hd.o(.text)
    CAN1_RX1_IRQHandler                      0x080033bb   Thumb Code     0  startup_stm32f10x_hd.o(.text)
    CAN1_SCE_IRQHandler                      0x080033bb   Thumb Code     0  startup_stm32f10x_hd.o(.text)
    DMA1_Channel1_IRQHandler                 0x080033bb   Thumb Code     0  startup_stm32f10x_hd.o(.text)
    DMA1_Channel2_IRQHandler                 0x080033bb   Thumb Code     0  startup_stm32f10x_hd.o(.text)
    DMA1_Channel3_IRQHandler                 0x080033bb   Thumb Code     0  startup_stm32f10x_hd.o(.text)
    DMA1_Channel4_IRQHandler                 0x080033bb   Thumb Code     0  startup_stm32f10x_hd.o(.text)
    DMA1_Channel5_IRQHandler                 0x080033bb   Thumb Code     0  startup_stm32f10x_hd.o(.text)
    DMA1_Channel6_IRQHandler                 0x080033bb   Thumb Code     0  startup_stm32f10x_hd.o(.text)
    DMA1_Channel7_IRQHandler                 0x080033bb   Thumb Code     0  startup_stm32f10x_hd.o(.text)
    DMA2_Channel1_IRQHandler                 0x080033bb   Thumb Code     0  startup_stm32f10x_hd.o(.text)
    DMA2_Channel2_IRQHandler                 0x080033bb   Thumb Code     0  startup_stm32f10x_hd.o(.text)
    DMA2_Channel3_IRQHandler                 0x080033bb   Thumb Code     0  startup_stm32f10x_hd.o(.text)
    DMA2_Channel4_5_IRQHandler               0x080033bb   Thumb Code     0  startup_stm32f10x_hd.o(.text)
    EXTI0_IRQHandler                         0x080033bb   Thumb Code     0  startup_stm32f10x_hd.o(.text)
    EXTI15_10_IRQHandler                     0x080033bb   Thumb Code     0  startup_stm32f10x_hd.o(.text)
    EXTI1_IRQHandler                         0x080033bb   Thumb Code     0  startup_stm32f10x_hd.o(.text)
    EXTI2_IRQHandler                         0x080033bb   Thumb Code     0  startup_stm32f10x_hd.o(.text)
    EXTI3_IRQHandler                         0x080033bb   Thumb Code     0  startup_stm32f10x_hd.o(.text)
    EXTI4_IRQHandler                         0x080033bb   Thumb Code     0  startup_stm32f10x_hd.o(.text)
    EXTI9_5_IRQHandler                       0x080033bb   Thumb Code     0  startup_stm32f10x_hd.o(.text)
    FLASH_IRQHandler                         0x080033bb   Thumb Code     0  startup_stm32f10x_hd.o(.text)
    FSMC_IRQHandler                          0x080033bb   Thumb Code     0  startup_stm32f10x_hd.o(.text)
    I2C1_ER_IRQHandler                       0x080033bb   Thumb Code     0  startup_stm32f10x_hd.o(.text)
    I2C1_EV_IRQHandler                       0x080033bb   Thumb Code     0  startup_stm32f10x_hd.o(.text)
    I2C2_ER_IRQHandler                       0x080033bb   Thumb Code     0  startup_stm32f10x_hd.o(.text)
    I2C2_EV_IRQHandler                       0x080033bb   Thumb Code     0  startup_stm32f10x_hd.o(.text)
    PVD_IRQHandler                           0x080033bb   Thumb Code     0  startup_stm32f10x_hd.o(.text)
    RCC_IRQHandler                           0x080033bb   Thumb Code     0  startup_stm32f10x_hd.o(.text)
    RTCAlarm_IRQHandler                      0x080033bb   Thumb Code     0  startup_stm32f10x_hd.o(.text)
    RTC_IRQHandler                           0x080033bb   Thumb Code     0  startup_stm32f10x_hd.o(.text)
    SDIO_IRQHandler                          0x080033bb   Thumb Code     0  startup_stm32f10x_hd.o(.text)
    SPI1_IRQHandler                          0x080033bb   Thumb Code     0  startup_stm32f10x_hd.o(.text)
    SPI2_IRQHandler                          0x080033bb   Thumb Code     0  startup_stm32f10x_hd.o(.text)
    SPI3_IRQHandler                          0x080033bb   Thumb Code     0  startup_stm32f10x_hd.o(.text)
    TAMPER_IRQHandler                        0x080033bb   Thumb Code     0  startup_stm32f10x_hd.o(.text)
    TIM1_CC_IRQHandler                       0x080033bb   Thumb Code     0  startup_stm32f10x_hd.o(.text)
    TIM1_TRG_COM_IRQHandler                  0x080033bb   Thumb Code     0  startup_stm32f10x_hd.o(.text)
    TIM5_IRQHandler                          0x080033bb   Thumb Code     0  startup_stm32f10x_hd.o(.text)
    TIM6_IRQHandler                          0x080033bb   Thumb Code     0  startup_stm32f10x_hd.o(.text)
    TIM7_IRQHandler                          0x080033bb   Thumb Code     0  startup_stm32f10x_hd.o(.text)
    TIM8_BRK_IRQHandler                      0x080033bb   Thumb Code     0  startup_stm32f10x_hd.o(.text)
    TIM8_CC_IRQHandler                       0x080033bb   Thumb Code     0  startup_stm32f10x_hd.o(.text)
    TIM8_TRG_COM_IRQHandler                  0x080033bb   Thumb Code     0  startup_stm32f10x_hd.o(.text)
    TIM8_UP_IRQHandler                       0x080033bb   Thumb Code     0  startup_stm32f10x_hd.o(.text)
    UART4_IRQHandler                         0x080033bb   Thumb Code     0  startup_stm32f10x_hd.o(.text)
    UART5_IRQHandler                         0x080033bb   Thumb Code     0  startup_stm32f10x_hd.o(.text)
    USART2_IRQHandler                        0x080033bb   Thumb Code     0  startup_stm32f10x_hd.o(.text)
    USART3_IRQHandler                        0x080033bb   Thumb Code     0  startup_stm32f10x_hd.o(.text)
    USBWakeUp_IRQHandler                     0x080033bb   Thumb Code     0  startup_stm32f10x_hd.o(.text)
    USB_HP_CAN1_TX_IRQHandler                0x080033bb   Thumb Code     0  startup_stm32f10x_hd.o(.text)
    USB_LP_CAN1_RX0_IRQHandler               0x080033bb   Thumb Code     0  startup_stm32f10x_hd.o(.text)
    WWDG_IRQHandler                          0x080033bb   Thumb Code     0  startup_stm32f10x_hd.o(.text)
    __aeabi_memset                           0x080033c5   Thumb Code    14  memseta.o(.text)
    __aeabi_memset4                          0x080033c5   Thumb Code     0  memseta.o(.text)
    __aeabi_memset8                          0x080033c5   Thumb Code     0  memseta.o(.text)
    __aeabi_memclr                           0x080033d3   Thumb Code     4  memseta.o(.text)
    __aeabi_memclr4                          0x080033d3   Thumb Code     0  memseta.o(.text)
    __aeabi_memclr8                          0x080033d3   Thumb Code     0  memseta.o(.text)
    _memset$wrapper                          0x080033d7   Thumb Code    18  memseta.o(.text)
    __aeabi_dmul                             0x080033e9   Thumb Code   228  dmul.o(.text)
    __aeabi_ddiv                             0x080034cd   Thumb Code   222  ddiv.o(.text)
    __ARM_scalbn                             0x080035ab   Thumb Code    46  dscalb.o(.text)
    scalbn                                   0x080035ab   Thumb Code     0  dscalb.o(.text)
    __aeabi_i2d                              0x080035d9   Thumb Code    34  dflti.o(.text)
    __aeabi_d2iz                             0x080035fb   Thumb Code    62  dfixi.o(.text)
    __aeabi_llsr                             0x08003639   Thumb Code    32  llushr.o(.text)
    _ll_ushift_r                             0x08003639   Thumb Code     0  llushr.o(.text)
    __I$use$fp                               0x08003659   Thumb Code     0  iusefp.o(.text)
    _double_round                            0x08003659   Thumb Code    30  depilogue.o(.text)
    _double_epilogue                         0x08003677   Thumb Code   156  depilogue.o(.text)
    __scatterload                            0x08003715   Thumb Code    28  init.o(.text)
    __scatterload_rt2                        0x08003715   Thumb Code     0  init.o(.text)
    __aeabi_llsl                             0x08003739   Thumb Code    30  llshl.o(.text)
    _ll_shift_l                              0x08003739   Thumb Code     0  llshl.o(.text)
    STO_Calc_Rotor_Angle                     0x08003759   Thumb Code   502  mc_state_observer.o(i.STO_Calc_Rotor_Angle)
    STO_Calc_Speed                           0x08003959   Thumb Code   136  mc_state_observer.o(i.STO_Calc_Speed)
    STO_Gains_Init                           0x080039e9   Thumb Code    56  mc_state_observer.o(i.STO_Gains_Init)
    STO_Gains_Update                         0x08003a25   Thumb Code    20  mc_state_observer.o(i.STO_Gains_Update)
    STO_Get_Electrical_Angle                 0x08003a3d   Thumb Code     8  mc_state_observer.o(i.STO_Get_Electrical_Angle)
    STO_Get_Speed                            0x08003a49   Thumb Code     8  mc_state_observer.o(i.STO_Get_Speed)
    STO_Init                                 0x08003a55   Thumb Code    38  mc_state_observer.o(i.STO_Init)
    STO_InitSpeedBuffer                      0x08003a85   Thumb Code    18  mc_state_observer.o(i.STO_InitSpeedBuffer)
    STO_IsSpeed_Reliable                     0x08003aa1   Thumb Code     6  mc_state_observer.o(i.STO_IsSpeed_Reliable)
    Speed_PI                                 0x08003aad   Thumb Code   138  mc_state_observer.o(i.Speed_PI)
    __scatterload_copy                       0x08003b41   Thumb Code    14  handlers.o(i.__scatterload_copy)
    __scatterload_null                       0x08003b4f   Thumb Code     2  handlers.o(i.__scatterload_null)
    __scatterload_zeroinit                   0x08003b51   Thumb Code    14  handlers.o(i.__scatterload_zeroinit)
    circle_limit_table                       0x08003b5e   Data         136  mc_clarke_park.o(.constdata)
    hSin_Cos_Table                           0x08003be6   Data         512  mc_clarke_park.o(.constdata)
    Region$$Table$$Base                      0x08003de8   Number         0  anon$$obj.o(Region$$Table)
    Region$$Table$$Limit                     0x08003e08   Number         0  anon$$obj.o(Region$$Table)
    SystemCoreClock                          0x20000000   Data           4  system_stm32f10x.o(.data)
    AHBPrescTable                            0x20000004   Data          16  system_stm32f10x.o(.data)
    USART_RX_STA                             0x20000028   Data           2  bsp_usart.o(.data)
    key_delay                                0x2000002c   Data           2  bsp_key.o(.data)
    key_sta                                  0x2000002e   Data           2  bsp_key.o(.data)
    wGlobal_Flags                            0x2000003c   Data           4  mc_globals.o(.data)
    Stat_Curr_a_b                            0x20000040   Data           4  mc_globals.o(.data)
    Stat_Curr_alfa_beta                      0x20000044   Data           4  mc_globals.o(.data)
    Stat_Curr_q_d                            0x20000048   Data           4  mc_globals.o(.data)
    Stat_Volt_q_d                            0x2000004c   Data           4  mc_globals.o(.data)
    Stat_Volt_alfa_beta                      0x20000050   Data           4  mc_globals.o(.data)
    State                                    0x20000054   Data           1  mc_globals.o(.data)
    hFlux_Reference                          0x20000056   Data           2  mc_globals.o(.data)
    hTorque_Reference                        0x20000058   Data           2  mc_globals.o(.data)
    hSpeed_Reference                         0x2000005a   Data           2  mc_globals.o(.data)
    bMenu_index                              0x2000005d   Data           1  mc_keys.o(.data)
    h_ADCBusvolt                             0x20000062   Data           2  mc_motorcontrol_layer.o(.data)
    h_ADCTemp                                0x20000064   Data           2  mc_motorcontrol_layer.o(.data)
    hPLL_P_Gain                              0x20000070   Data           2  mc_state_observer_interface.o(.data)
    hPLL_I_Gain                              0x20000072   Data           2  mc_state_observer_interface.o(.data)
    wK1_LO                                   0x20000080   Data           4  mc_state_observer_interface.o(.data)
    wK2_LO                                   0x20000084   Data           4  mc_state_observer_interface.o(.data)
    PWM4Direction                            0x20000094   Data           1  stm32f10x_svpwm_3shunt.o(.data)
    bSector                                  0x20000095   Data           1  stm32f10x_svpwm_3shunt.o(.data)
    hPhaseAOffset                            0x20000098   Data           2  stm32f10x_svpwm_3shunt.o(.data)
    hPhaseBOffset                            0x2000009a   Data           2  stm32f10x_svpwm_3shunt.o(.data)
    hPhaseCOffset                            0x2000009c   Data           2  stm32f10x_svpwm_3shunt.o(.data)
    bPID_Speed_Sampling_Time_500us           0x2000009e   Data           1  stm32f10x_timebase.o(.data)
    USART_RX_BUF                             0x200000e8   Data         200  bsp_usart.o(.bss)
    PID_Flux_InitStructure                   0x200001b0   Data          32  mc_globals.o(.bss)
    PID_Torque_InitStructure                 0x200001d0   Data          32  mc_globals.o(.bss)
    PID_Speed_InitStructure                  0x200001f0   Data          32  mc_globals.o(.bss)
    __initial_sp                             0x20000690   Data           0  startup_stm32f10x_hd.o(STACK)



==============================================================================

Memory Map of the image

  Image Entry point : 0x08000131

  Load Region LR_IROM1 (Base: 0x08000000, Size: 0x00003ef0, Max: 0x00080000, ABSOLUTE)

    Execution Region ER_IROM1 (Exec base: 0x08000000, Load base: 0x08000000, Size: 0x00003e08, Max: 0x00080000, ABSOLUTE)

    Exec Addr    Load Addr    Size         Type   Attr      Idx    E Section Name        Object

    0x08000000   0x08000000   0x00000130   Data   RO          903    RESET               startup_stm32f10x_hd.o
    0x08000130   0x08000130   0x00000000   Code   RO          942  * .ARM.Collect$$$$00000000  mc_w.l(entry.o)
    0x08000130   0x08000130   0x00000004   Code   RO          971    .ARM.Collect$$$$00000001  mc_w.l(entry2.o)
    0x08000134   0x08000134   0x00000004   Code   RO          974    .ARM.Collect$$$$00000004  mc_w.l(entry5.o)
    0x08000138   0x08000138   0x00000000   Code   RO          976    .ARM.Collect$$$$00000008  mc_w.l(entry7b.o)
    0x08000138   0x08000138   0x00000000   Code   RO          978    .ARM.Collect$$$$0000000A  mc_w.l(entry8b.o)
    0x08000138   0x08000138   0x00000008   Code   RO          979    .ARM.Collect$$$$0000000B  mc_w.l(entry9a.o)
    0x08000140   0x08000140   0x00000004   Code   RO          986    .ARM.Collect$$$$0000000E  mc_w.l(entry12b.o)
    0x08000144   0x08000144   0x00000000   Code   RO          981    .ARM.Collect$$$$0000000F  mc_w.l(entry10a.o)
    0x08000144   0x08000144   0x00000000   Code   RO          983    .ARM.Collect$$$$00000011  mc_w.l(entry11a.o)
    0x08000144   0x08000144   0x00000004   Code   RO          972    .ARM.Collect$$$$00002712  mc_w.l(entry2.o)
    0x08000148   0x08000148   0x000000f0   Code   RO            1    .text               main.o
    0x08000238   0x08000238   0x000000a4   Code   RO          177    .text               stm32f10x_it.o
    0x080002dc   0x080002dc   0x00000154   Code   RO          203    .text               system_stm32f10x.o
    0x08000430   0x08000430   0x000000b0   Code   RO          221    .text               misc.o
    0x080004e0   0x080004e0   0x00000330   Code   RO          233    .text               stm32f10x_adc.o
    0x08000810   0x08000810   0x0000026c   Code   RO          366    .text               stm32f10x_gpio.o
    0x08000a7c   0x08000a7c   0x000002b4   Code   RO          414    .text               stm32f10x_rcc.o
    0x08000d30   0x08000d30   0x00000af4   Code   RO          465    .text               stm32f10x_tim.o
    0x08001824   0x08001824   0x00000328   Code   RO          478    .text               stm32f10x_usart.o
    0x08001b4c   0x08001b4c   0x00000114   Code   RO          526    .text               bsp_usart.o
    0x08001c60   0x08001c60   0x00000044   Code   RO          550    .text               bsp_motor.o
    0x08001ca4   0x08001ca4   0x00000110   Code   RO          562    .text               bsp_key.o
    0x08001db4   0x08001db4   0x000001f8   Code   RO          657    .text               mc_clarke_park.o
    0x08001fac   0x08001fac   0x000000f4   Code   RO          676    .text               mc_foc_drive.o
    0x080020a0   0x080020a0   0x0000000c   Code   RO          715    .text               mc_keys.o
    0x080020ac   0x080020ac   0x0000021c   Code   RO          736    .text               mc_motorcontrol_layer.o
    0x080022c8   0x080022c8   0x000001e8   Code   RO          758    .text               mc_pid_regulators.o
    0x080024b0   0x080024b0   0x0000042c   Code   RO          770    .text               mc_state_observer_interface.o
    0x080028dc   0x080028dc   0x0000095c   Code   RO          858    .text               stm32f10x_svpwm_3shunt.o
    0x08003238   0x08003238   0x00000168   Code   RO          882    .text               stm32f10x_timebase.o
    0x080033a0   0x080033a0   0x00000024   Code   RO          904    .text               startup_stm32f10x_hd.o
    0x080033c4   0x080033c4   0x00000024   Code   RO          947    .text               mc_w.l(memseta.o)
    0x080033e8   0x080033e8   0x000000e4   Code   RO          953    .text               mf_w.l(dmul.o)
    0x080034cc   0x080034cc   0x000000de   Code   RO          955    .text               mf_w.l(ddiv.o)
    0x080035aa   0x080035aa   0x0000002e   Code   RO          957    .text               mf_w.l(dscalb.o)
    0x080035d8   0x080035d8   0x00000022   Code   RO          961    .text               mf_w.l(dflti.o)
    0x080035fa   0x080035fa   0x0000003e   Code   RO          965    .text               mf_w.l(dfixi.o)
    0x08003638   0x08003638   0x00000020   Code   RO          989    .text               mc_w.l(llushr.o)
    0x08003658   0x08003658   0x00000000   Code   RO          991    .text               mc_w.l(iusefp.o)
    0x08003658   0x08003658   0x000000ba   Code   RO          994    .text               mf_w.l(depilogue.o)
    0x08003712   0x08003712   0x00000002   PAD
    0x08003714   0x08003714   0x00000024   Code   RO          996    .text               mc_w.l(init.o)
    0x08003738   0x08003738   0x0000001e   Code   RO          998    .text               mc_w.l(llshl.o)
    0x08003756   0x08003756   0x00000002   PAD
    0x08003758   0x08003758   0x00000200   Code   RO          911    i.STO_Calc_Rotor_Angle  MC_State_Observer_lib.lib(mc_state_observer.o)
    0x08003958   0x08003958   0x00000090   Code   RO          912    i.STO_Calc_Speed    MC_State_Observer_lib.lib(mc_state_observer.o)
    0x080039e8   0x080039e8   0x0000003c   Code   RO          918    i.STO_Gains_Init    MC_State_Observer_lib.lib(mc_state_observer.o)
    0x08003a24   0x08003a24   0x00000018   Code   RO          919    i.STO_Gains_Update  MC_State_Observer_lib.lib(mc_state_observer.o)
    0x08003a3c   0x08003a3c   0x0000000c   Code   RO          915    i.STO_Get_Electrical_Angle  MC_State_Observer_lib.lib(mc_state_observer.o)
    0x08003a48   0x08003a48   0x0000000c   Code   RO          914    i.STO_Get_Speed     MC_State_Observer_lib.lib(mc_state_observer.o)
    0x08003a54   0x08003a54   0x00000030   Code   RO          917    i.STO_Init          MC_State_Observer_lib.lib(mc_state_observer.o)
    0x08003a84   0x08003a84   0x0000001c   Code   RO          916    i.STO_InitSpeedBuffer  MC_State_Observer_lib.lib(mc_state_observer.o)
    0x08003aa0   0x08003aa0   0x0000000c   Code   RO          913    i.STO_IsSpeed_Reliable  MC_State_Observer_lib.lib(mc_state_observer.o)
    0x08003aac   0x08003aac   0x00000094   Code   RO          909    i.Speed_PI          MC_State_Observer_lib.lib(mc_state_observer.o)
    0x08003b40   0x08003b40   0x0000000e   Code   RO         1002    i.__scatterload_copy  mc_w.l(handlers.o)
    0x08003b4e   0x08003b4e   0x00000002   Code   RO         1003    i.__scatterload_null  mc_w.l(handlers.o)
    0x08003b50   0x08003b50   0x0000000e   Code   RO         1004    i.__scatterload_zeroinit  mc_w.l(handlers.o)
    0x08003b5e   0x08003b5e   0x00000288   Data   RO          658    .constdata          mc_clarke_park.o
    0x08003de6   0x08003de6   0x00000002   PAD
    0x08003de8   0x08003de8   0x00000020   Data   RO         1000    Region$$Table       anon$$obj.o


    Execution Region RW_IRAM1 (Exec base: 0x20000000, Load base: 0x08003e08, Size: 0x00000690, Max: 0x00010000, ABSOLUTE)

    Exec Addr    Load Addr    Size         Type   Attr      Idx    E Section Name        Object

    0x20000000   0x08003e08   0x00000014   Data   RW          204    .data               system_stm32f10x.o
    0x20000014   0x08003e1c   0x00000014   Data   RW          415    .data               stm32f10x_rcc.o
    0x20000028   0x08003e30   0x00000002   Data   RW          528    .data               bsp_usart.o
    0x2000002a   0x08003e32   0x00000006   Data   RW          563    .data               bsp_key.o
    0x20000030   0x08003e38   0x00000004   Data   RW          659    .data               mc_clarke_park.o
    0x20000034   0x08003e3c   0x00000008   Data   RW          677    .data               mc_foc_drive.o
    0x2000003c   0x08003e44   0x00000004   Data   RW          693    .data               mc_globals.o
    0x20000040   0x08003e48   0x00000004   Data   RW          694    .data               mc_globals.o
    0x20000044   0x08003e4c   0x00000004   Data   RW          695    .data               mc_globals.o
    0x20000048   0x08003e50   0x00000004   Data   RW          696    .data               mc_globals.o
    0x2000004c   0x08003e54   0x00000004   Data   RW          698    .data               mc_globals.o
    0x20000050   0x08003e58   0x00000004   Data   RW          699    .data               mc_globals.o
    0x20000054   0x08003e5c   0x00000001   Data   RW          700    .data               mc_globals.o
    0x20000055   0x08003e5d   0x00000001   PAD
    0x20000056   0x08003e5e   0x00000002   Data   RW          701    .data               mc_globals.o
    0x20000058   0x08003e60   0x00000002   Data   RW          702    .data               mc_globals.o
    0x2000005a   0x08003e62   0x00000002   Data   RW          703    .data               mc_globals.o
    0x2000005c   0x08003e64   0x00000001   Data   RW          717    .data               mc_keys.o
    0x2000005d   0x08003e65   0x00000001   Data   RW          718    .data               mc_keys.o
    0x2000005e   0x08003e66   0x00000002   PAD
    0x20000060   0x08003e68   0x0000000c   Data   RW          737    .data               mc_motorcontrol_layer.o
    0x2000006c   0x08003e74   0x00000028   Data   RW          771    .data               mc_state_observer_interface.o
    0x20000094   0x08003e9c   0x0000000a   Data   RW          859    .data               stm32f10x_svpwm_3shunt.o
    0x2000009e   0x08003ea6   0x0000000c   Data   RW          883    .data               stm32f10x_timebase.o
    0x200000aa   0x08003eb2   0x00000002   PAD
    0x200000ac   0x08003eb4   0x0000003c   Data   RW          924    .data               MC_State_Observer_lib.lib(mc_state_observer.o)
    0x200000e8        -       0x000000c8   Zero   RW          527    .bss                bsp_usart.o
    0x200001b0        -       0x00000020   Zero   RW          690    .bss                mc_globals.o
    0x200001d0        -       0x00000020   Zero   RW          691    .bss                mc_globals.o
    0x200001f0        -       0x00000020   Zero   RW          692    .bss                mc_globals.o
    0x20000210        -       0x00000080   Zero   RW          925    .bss                MC_State_Observer_lib.lib(mc_state_observer.o)
    0x20000290        -       0x00000400   Zero   RW          901    STACK               startup_stm32f10x_hd.o


==============================================================================

Image component sizes


      Code (inc. data)   RO Data    RW Data    ZI Data      Debug   Object Name

       272         20          0          6          0       2096   bsp_key.o
        68          6          0          0          0        521   bsp_motor.o
       276         16          0          2        200       3182   bsp_usart.o
         0          0          0          0          0         32   core_cm3.o
       240         46          0          0          0     264611   main.o
       504         16        648          4          0       3249   mc_clarke_park.o
       244         50          0          8          0       1822   mc_foc_drive.o
         0          0          0         31         96       1357   mc_globals.o
        12          6          0          2          0       1812   mc_keys.o
       540         46          0         12          0       3995   mc_motorcontrol_layer.o
       488         32          0          0          0       2259   mc_pid_regulators.o
      1068         84          0         40          0       4257   mc_state_observer_interface.o
       176         14          0          0          0       1953   misc.o
        36          8        304          0       1024        896   startup_stm32f10x_hd.o
       816         24          0          0          0      11345   stm32f10x_adc.o
       620         36          0          0          0       5917   stm32f10x_gpio.o
       164         12          0          0          0       2015   stm32f10x_it.o
       692         32          0         20          0       9092   stm32f10x_rcc.o
      2396        104          0         10          0       4778   stm32f10x_svpwm_3shunt.o
      2804         86          0          0          0      23038   stm32f10x_tim.o
       360         22          0         12          0      19178   stm32f10x_timebase.o
       808         22          0          0          0       8840   stm32f10x_usart.o
       340         32          0         20          0       2071   system_stm32f10x.o

    ----------------------------------------------------------------------
     12924        714        986        172       1320     378316   Object Totals
         0          0         32          0          0          0   (incl. Generated)
         0          0          2          5          0          0   (incl. Padding)

    ----------------------------------------------------------------------

      Code (inc. data)   RO Data    RW Data    ZI Data      Debug   Library Member Name

      1000         70          0         60        128        728   mc_state_observer.o
         0          0          0          0          0          0   entry.o
         0          0          0          0          0          0   entry10a.o
         0          0          0          0          0          0   entry11a.o
         4          0          0          0          0          0   entry12b.o
         8          4          0          0          0          0   entry2.o
         4          0          0          0          0          0   entry5.o
         0          0          0          0          0          0   entry7b.o
         0          0          0          0          0          0   entry8b.o
         8          4          0          0          0          0   entry9a.o
        30          0          0          0          0          0   handlers.o
        36          8          0          0          0         68   init.o
         0          0          0          0          0          0   iusefp.o
        30          0          0          0          0         68   llshl.o
        32          0          0          0          0         68   llushr.o
        36          0          0          0          0        108   memseta.o
       222          0          0          0          0        100   ddiv.o
       186          0          0          0          0        176   depilogue.o
        62          0          0          0          0         80   dfixi.o
        34          0          0          0          0         76   dflti.o
       228          0          0          0          0         96   dmul.o
        46          0          0          0          0         80   dscalb.o

    ----------------------------------------------------------------------
      1970         86          0         60        128       1648   Library Totals
         4          0          0          0          0          0   (incl. Padding)

    ----------------------------------------------------------------------

      Code (inc. data)   RO Data    RW Data    ZI Data      Debug   Library Name

      1000         70          0         60        128        728   MC_State_Observer_lib.lib
       188         16          0          0          0        312   mc_w.l
       778          0          0          0          0        608   mf_w.l

    ----------------------------------------------------------------------
      1970         86          0         60        128       1648   Library Totals

    ----------------------------------------------------------------------

==============================================================================


      Code (inc. data)   RO Data    RW Data    ZI Data      Debug   

     14894        800        986        232       1448     376802   Grand Totals
     14894        800        986        232       1448     376802   ELF Image Totals
     14894        800        986        232          0          0   ROM Totals

==============================================================================

    Total RO  Size (Code + RO Data)                15880 (  15.51kB)
    Total RW  Size (RW Data + ZI Data)              1680 (   1.64kB)
    Total ROM Size (Code + RO Data + RW Data)      16112 (  15.73kB)

==============================================================================

